Component: ARM Compiler 5.06 update 6 (build 750) Tool: armlink [4d35ed]

==============================================================================

Section Cross References

    startup_stm32f10x_hd.o(RESET) refers to startup_stm32f10x_hd.o(STACK) for __initial_sp
    startup_stm32f10x_hd.o(RESET) refers to startup_stm32f10x_hd.o(.text) for Reset_Handler
    startup_stm32f10x_hd.o(RESET) refers to stm32f10x_it.o(.text) for NMI_Handler
    startup_stm32f10x_hd.o(.text) refers to system_stm32f10x.o(.text) for SystemInit
    startup_stm32f10x_hd.o(.text) refers to entry.o(.ARM.Collect$$$$00000000) for __main
    system_stm32f10x.o(.text) refers to system_stm32f10x.o(.data) for SystemCoreClock
    stm32f10x_adc.o(.text) refers to stm32f10x_rcc.o(.text) for RCC_APB2PeriphResetCmd
    stm32f10x_bkp.o(.text) refers to stm32f10x_rcc.o(.text) for RCC_BackupResetCmd
    stm32f10x_can.o(.text) refers to stm32f10x_rcc.o(.text) for RCC_APB1PeriphResetCmd
    stm32f10x_cec.o(.text) refers to stm32f10x_rcc.o(.text) for RCC_APB1PeriphResetCmd
    stm32f10x_dac.o(.text) refers to stm32f10x_rcc.o(.text) for RCC_APB1PeriphResetCmd
    stm32f10x_gpio.o(.text) refers to stm32f10x_rcc.o(.text) for RCC_APB2PeriphResetCmd
    stm32f10x_i2c.o(.text) refers to stm32f10x_rcc.o(.text) for RCC_APB1PeriphResetCmd
    stm32f10x_pwr.o(.text) refers to stm32f10x_rcc.o(.text) for RCC_APB1PeriphResetCmd
    stm32f10x_rcc.o(.text) refers to stm32f10x_rcc.o(.data) for APBAHBPrescTable
    stm32f10x_spi.o(.text) refers to stm32f10x_rcc.o(.text) for RCC_APB2PeriphResetCmd
    stm32f10x_tim.o(.text) refers to stm32f10x_rcc.o(.text) for RCC_APB2PeriphResetCmd
    stm32f10x_usart.o(.text) refers to stm32f10x_rcc.o(.text) for RCC_APB2PeriphResetCmd
    stm32f10x_wwdg.o(.text) refers to stm32f10x_rcc.o(.text) for RCC_APB1PeriphResetCmd
    main.o(.text) refers to bsp_systick.o(.text) for SysTick_Init
    main.o(.text) refers to bsp_exti.o(.text) for EXTI_Pxy_Config
    main.o(.text) refers to bsp_i2c.o(.text) for I2C_Bus_Init
    main.o(.text) refers to mpu6050.o(.text) for MPU6050Config
    main.o(.text) refers to bsp_key.o(.text) for EXTI_Key_Config
    main.o(.text) refers to bsp_usart1.o(.text) for USART_Config
    main.o(.text) refers to ultraconfig.o(.text) for UltrasonicWave_Init
    main.o(.text) refers to mp3.o(.text) for TIM6_Config
    main.o(.text) refers to printfa.o(i.__0printf) for __2printf
    main.o(.text) refers to key.o(.text) for KeyPolling
    stm32f10x_it.o(.text) refers to bsp_systick.o(.text) for TimingDelay_Decrement
    stm32f10x_it.o(.text) refers to stm32f10x_exti.o(.text) for EXTI_GetITStatus
    stm32f10x_it.o(.text) refers to mpu6050.o(.text) for gyro_data_ready_cb
    stm32f10x_it.o(.text) refers to stm32f10x_usart.o(.text) for USART_GetITStatus
    stm32f10x_it.o(.text) refers to memseta.o(.text) for __aeabi_memclr4
    stm32f10x_it.o(.text) refers to mp3.o(.text) for PlayDirection
    stm32f10x_it.o(.text) refers to stm32f10x_tim.o(.text) for TIM_GetITStatus
    stm32f10x_it.o(.text) refers to ultrasonicwave.o(.text) for UltrasonicWave
    stm32f10x_it.o(.text) refers to bsp_usart1.o(.text) for GetWalkingStickRequire
    stm32f10x_it.o(.text) refers to bsp_key.o(.text) for delay_key
    stm32f10x_it.o(.text) refers to stm32f10x_gpio.o(.text) for GPIO_ReadInputDataBit
    stm32f10x_it.o(.text) refers to printfa.o(i.__0printf) for __2printf
    stm32f10x_it.o(.text) refers to stm32f10x_it.o(.data) for Task_Delay
    stm32f10x_it.o(.text) refers to ultrasonicwave.o(.data) for UltrasonicWave_Distance_Walk
    stm32f10x_it.o(.text) refers to stm32f10x_it.o(.bss) for ReceiveFromWalk
    stm32f10x_it.o(.text) refers to mp3.o(.data) for flag_volume
    stm32f10x_it.o(.text) refers to ultraconfig.o(.bss) for TIM_ICUserValueStructure
    stm32f10x_it.o(.text) refers to mpu6050.o(.data) for flag_FALLING
    bsp_usart1.o(.text) refers to stm32f10x_rcc.o(.text) for RCC_APB2PeriphClockCmd
    bsp_usart1.o(.text) refers to stm32f10x_gpio.o(.text) for GPIO_Init
    bsp_usart1.o(.text) refers to stm32f10x_usart.o(.text) for USART_Init
    bsp_usart1.o(.text) refers to misc.o(.text) for NVIC_PriorityGroupConfig
    bsp_usart1.o(.text) refers to printfa.o(i.__0printf) for __2printf
    bsp_usart1.o(.text) refers to mp3.o(.data) for Shake
    bsp_systick.o(.text) refers to system_stm32f10x.o(.data) for SystemCoreClock
    bsp_systick.o(.text) refers to bsp_systick.o(.data) for TimingDelay
    bsp_exti.o(.text) refers to misc.o(.text) for NVIC_Init
    bsp_exti.o(.text) refers to stm32f10x_rcc.o(.text) for RCC_APB2PeriphClockCmd
    bsp_exti.o(.text) refers to stm32f10x_gpio.o(.text) for GPIO_Init
    bsp_exti.o(.text) refers to stm32f10x_exti.o(.text) for EXTI_Init
    bsp_i2c.o(.text) refers to stm32f10x_rcc.o(.text) for RCC_APB2PeriphClockCmd
    bsp_i2c.o(.text) refers to stm32f10x_gpio.o(.text) for GPIO_Init
    bsp_i2c.o(.text) refers to bsp_systick.o(.text) for mdelay
[...]
    TIM_ClearOC4Ref                          0x080017ed   Thumb Code    24  stm32f10x_tim.o(.text)
    TIM_OC1PolarityConfig                    0x08001805   Thumb Code    18  stm32f10x_tim.o(.text)
    TIM_OC1NPolarityConfig                   0x08001817   Thumb Code    18  stm32f10x_tim.o(.text)
    TIM_OC2PolarityConfig                    0x08001829   Thumb Code    26  stm32f10x_tim.o(.text)
    TIM_OC2NPolarityConfig                   0x08001843   Thumb Code    26  stm32f10x_tim.o(.text)
    TIM_OC3PolarityConfig                    0x0800185d   Thumb Code    26  stm32f10x_tim.o(.text)
    TIM_OC3NPolarityConfig                   0x08001877   Thumb Code    26  stm32f10x_tim.o(.text)
    TIM_OC4PolarityConfig                    0x08001891   Thumb Code    26  stm32f10x_tim.o(.text)
    TIM_CCxCmd                               0x080018ab   Thumb Code    30  stm32f10x_tim.o(.text)
    TIM_CCxNCmd                              0x080018c9   Thumb Code    30  stm32f10x_tim.o(.text)
    TIM_SelectOCxM                           0x080018e7   Thumb Code    82  stm32f10x_tim.o(.text)
    TIM_UpdateDisableConfig                  0x08001939   Thumb Code    24  stm32f10x_tim.o(.text)
    TIM_UpdateRequestConfig                  0x08001951   Thumb Code    24  stm32f10x_tim.o(.text)
    TIM_SelectHallSensor                     0x08001969   Thumb Code    24  stm32f10x_tim.o(.text)
    TIM_SelectOnePulseMode                   0x08001981   Thumb Code    18  stm32f10x_tim.o(.text)
    TIM_SelectOutputTrigger                  0x08001993   Thumb Code    18  stm32f10x_tim.o(.text)
    TIM_SelectSlaveMode                      0x080019a5   Thumb Code    18  stm32f10x_tim.o(.text)
    TIM_SelectMasterSlaveMode                0x080019b7   Thumb Code    18  stm32f10x_tim.o(.text)
    TIM_SetCounter                           0x080019c9   Thumb Code     4  stm32f10x_tim.o(.text)
    TIM_SetAutoreload                        0x080019cd   Thumb Code     4  stm32f10x_tim.o(.text)
    TIM_SetCompare1                          0x080019d1   Thumb Code     4  stm32f10x_tim.o(.text)
    TIM_SetCompare2                          0x080019d5   Thumb Code     4  stm32f10x_tim.o(.text)
    TIM_SetCompare3                          0x080019d9   Thumb Code     4  stm32f10x_tim.o(.text)
    TIM_SetCompare4                          0x080019dd   Thumb Code     6  stm32f10x_tim.o(.text)
    TIM_SetClockDivision                     0x080019e3   Thumb Code    18  stm32f10x_tim.o(.text)
    TIM_GetCapture1                          0x080019f5   Thumb Code     6  stm32f10x_tim.o(.text)
    TIM_GetCapture2                          0x080019fb   Thumb Code     6  stm32f10x_tim.o(.text)
    TIM_GetCapture3                          0x08001a01   Thumb Code     6  stm32f10x_tim.o(.text)
    TIM_GetCapture4                          0x08001a07   Thumb Code     8  stm32f10x_tim.o(.text)
    TIM_GetCounter                           0x08001a0f   Thumb Code     6  stm32f10x_tim.o(.text)
    TIM_GetPrescaler                         0x08001a15   Thumb Code     6  stm32f10x_tim.o(.text)
    TIM_GetFlagStatus                        0x08001a1b   Thumb Code    18  stm32f10x_tim.o(.text)
    TIM_ClearFlag                            0x08001a2d   Thumb Code     6  stm32f10x_tim.o(.text)
    TIM_GetITStatus                          0x08001a33   Thumb Code    34  stm32f10x_tim.o(.text)
    TIM_ClearITPendingBit                    0x08001a55   Thumb Code     6  stm32f10x_tim.o(.text)
    USART_DeInit                             0x08001a5d   Thumb Code   134  stm32f10x_usart.o(.text)
    USART_Init                               0x08001ae3   Thumb Code   210  stm32f10x_usart.o(.text)
    USART_StructInit                         0x08001bb5   Thumb Code    24  stm32f10x_usart.o(.text)
    USART_ClockInit                          0x08001bcd   Thumb Code    34  stm32f10x_usart.o(.text)
    USART_ClockStructInit                    0x08001bef   Thumb Code    12  stm32f10x_usart.o(.text)
    USART_Cmd                                0x08001bfb   Thumb Code    24  stm32f10x_usart.o(.text)
    USART_ITConfig                           0x08001c13   Thumb Code    74  stm32f10x_usart.o(.text)
    USART_DMACmd                             0x08001c5d   Thumb Code    18  stm32f10x_usart.o(.text)
    USART_SetAddress                         0x08001c6f   Thumb Code    18  stm32f10x_usart.o(.text)
    USART_WakeUpConfig                       0x08001c81   Thumb Code    18  stm32f10x_usart.o(.text)
    USART_ReceiverWakeUpCmd                  0x08001c93   Thumb Code    24  stm32f10x_usart.o(.text)
    USART_LINBreakDetectLengthConfig         0x08001cab   Thumb Code    18  stm32f10x_usart.o(.text)
    USART_LINCmd                             0x08001cbd   Thumb Code    24  stm32f10x_usart.o(.text)
    USART_SendData                           0x08001cd5   Thumb Code     8  stm32f10x_usart.o(.text)
    USART_ReceiveData                        0x08001cdd   Thumb Code    10  stm32f10x_usart.o(.text)
    USART_SendBreak                          0x08001ce7   Thumb Code    10  stm32f10x_usart.o(.text)
    USART_SetGuardTime                       0x08001cf1   Thumb Code    16  stm32f10x_usart.o(.text)
    USART_SetPrescaler                       0x08001d01   Thumb Code    16  stm32f10x_usart.o(.text)
    USART_SmartCardCmd                       0x08001d11   Thumb Code    24  stm32f10x_usart.o(.text)
    USART_SmartCardNACKCmd                   0x08001d29   Thumb Code    24  stm32f10x_usart.o(.text)
    USART_HalfDuplexCmd                      0x08001d41   Thumb Code    24  stm32f10x_usart.o(.text)
    USART_OverSampling8Cmd                   0x08001d59   Thumb Code    22  stm32f10x_usart.o(.text)
    USART_OneBitMethodCmd                    0x08001d6f   Thumb Code    24  stm32f10x_usart.o(.text)
    USART_IrDAConfig                         0x08001d87   Thumb Code    18  stm32f10x_usart.o(.text)
    USART_IrDACmd                            0x08001d99   Thumb Code    24  stm32f10x_usart.o(.text)
    USART_GetFlagStatus                      0x08001db1   Thumb Code    26  stm32f10x_usart.o(.text)
    USART_ClearFlag                          0x08001dcb   Thumb Code    18  stm32f10x_usart.o(.text)
    USART_GetITStatus                        0x08001ddd   Thumb Code    84  stm32f10x_usart.o(.text)
    USART_ClearITPendingBit                  0x08001e31   Thumb Code    52  stm32f10x_usart.o(.text)
    delaymain                                0x08001e65   Thumb Code    30  main.o(.text)
    main                                     0x08001eaf   Thumb Code    42  main.o(.text)
    NMI_Handler                              0x08001ef1   Thumb Code     2  stm32f10x_it.o(.text)
    HardFault_Handler                        0x08001ef3   Thumb Code     4  stm32f10x_it.o(.text)
    MemManage_Handler                        0x08001ef7   Thumb Code     4  stm32f10x_it.o(.text)
    BusFault_Handler                         0x08001efb   Thumb Code     4  stm32f10x_it.o(.text)
    UsageFault_Handler                       0x08001eff   Thumb Code     4  stm32f10x_it.o(.text)
    SVC_Handler                              0x08001f03   Thumb Code     2  stm32f10x_it.o(.text)
    DebugMon_Handler                         0x08001f05   Thumb Code     2  stm32f10x_it.o(.text)
    PendSV_Handler                           0x08001f07   Thumb Code     2  stm32f10x_it.o(.text)
    SysTick_Handler                          0x08001f09   Thumb Code    46  stm32f10x_it.o(.text)
    EXTI15_10_IRQHandler                     0x08001f37   Thumb Code    26  stm32f10x_it.o(.text)
    USART1_IRQHandler                        0x08001f51   Thumb Code   184  stm32f10x_it.o(.text)
    USART3_IRQHandler                        0x08002009   Thumb Code    44  stm32f10x_it.o(.text)
    TIM2_IRQHandler                          0x08002035   Thumb Code   116  stm32f10x_it.o(.text)
    TIM3_IRQHandler                          0x080020a9   Thumb Code   250  stm32f10x_it.o(.text)
    TIM6_IRQHandler                          0x080021a3   Thumb Code    50  stm32f10x_it.o(.text)
    EXTI0_IRQHandler                         0x080021d5   Thumb Code   122  stm32f10x_it.o(.text)
    USART_Config                             0x080022dd   Thumb Code   246  bsp_usart1.o(.text)
    NVIC_Configuration                       0x080023d3   Thumb Code    58  bsp_usart1.o(.text)
    fputc                                    0x0800240d   Thumb Code    32  bsp_usart1.o(.text)
    fgetc                                    0x0800242d   Thumb Code    26  bsp_usart1.o(.text)
    GetWalkingStickRequire                   0x08002447   Thumb Code    18  bsp_usart1.o(.text)
    AdjustVibrationFrequencyGlasses          0x08002459   Thumb Code    30  bsp_usart1.o(.text)
    SysTick_Init                             0x080024a1   Thumb Code    92  bsp_systick.o(.text)
    Delay_us                                 0x080024fd   Thumb Code    36  bsp_systick.o(.text)
    Delay_ms                                 0x08002521   Thumb Code    24  bsp_systick.o(.text)
    mdelay                                   0x08002539   Thumb Code    32  bsp_systick.o(.text)
    get_tick_count                           0x08002559   Thumb Code    12  bsp_systick.o(.text)
    TimingDelay_Decrement                    0x08002565   Thumb Code    18  bsp_systick.o(.text)
    TimeStamp_Increment                      0x08002577   Thumb Code    12  bsp_systick.o(.text)
    EXTI_Pxy_Config                          0x080025b9   Thumb Code    76  bsp_exti.o(.text)
    EnableInvInterrupt                       0x08002605   Thumb Code    34  bsp_exti.o(.text)
    DisableInvInterrupt                      0x08002627   Thumb Code    42  bsp_exti.o(.text)
    Set_I2C_Retry                            0x0800269b   Thumb Code     6  bsp_i2c.o(.text)
    I2C_Bus_Init                             0x080026a1   Thumb Code    18  bsp_i2c.o(.text)
    Soft_I2C_Wait_Ack                        0x080026e1   Thumb Code    74  bsp_i2c.o(.text)
    Get_I2C_Retry                            0x0800283b   Thumb Code     6  bsp_i2c.o(.text)
    Sensors_I2C_WriteRegister                0x08002841   Thumb Code    76  bsp_i2c.o(.text)
    Sensors_I2C_ReadRegister                 0x08002a07   Thumb Code    76  bsp_i2c.o(.text)
    i2c_Start                                0x08002a6d   Thumb Code    42  bsp_i2c.o(.text)
    i2c_Stop                                 0x08002a97   Thumb Code    28  bsp_i2c.o(.text)
    i2c_SendByte                             0x08002ab3   Thumb Code    80  bsp_i2c.o(.text)
    i2c_Ack                                  0x08002b03   Thumb Code    44  bsp_i2c.o(.text)
    i2c_NAck                                 0x08002b2f   Thumb Code    36  bsp_i2c.o(.text)
    i2c_ReadByte                             0x08002b53   Thumb Code    76  bsp_i2c.o(.text)
    i2c_WaitAck                              0x08002b9f   Thumb Code    56  bsp_i2c.o(.text)
    i2c_GPIO_Config                          0x08002bd7   Thumb Code    44  bsp_i2c.o(.text)
    i2c_CheckDevice                          0x08002c03   Thumb Code    32  bsp_i2c.o(.text)
    USART3_Send_String                       0x08002c29   Thumb Code    62  mp3.o(.text)
    USART3_Send_String_Key                   0x08002c67   Thumb Code    56  mp3.o(.text)
    AddRate                                  0x08002c9f   Thumb Code    20  mp3.o(.text)
    SubRate                                  0x08002cb3   Thumb Code    20  mp3.o(.text)
    AddShake                                 0x08002cc7   Thumb Code    20  mp3.o(.text)
    SubShake                                 0x08002cdb   Thumb Code    20  mp3.o(.text)
    AddVolume                                0x08002cef   Thumb Code    12  mp3.o(.text)
    SubVolume                                0x08002cfb   Thumb Code    12  mp3.o(.text)
    Weighting                                0x08002d07   Thumb Code    16  mp3.o(.text)
    PlayVoice                                0x08002d17   Thumb Code    98  mp3.o(.text)
    PlayRate                                 0x08002d79   Thumb Code    82  mp3.o(.text)
    PlayDirection                            0x08002dcb   Thumb Code   114  mp3.o(.text)
    TIM6_TIM_NVIC_Config                     0x08002e3d   Thumb Code    42  mp3.o(.text)
    TIM6_TIM_Mode_Config                     0x08002e67   Thumb Code    60  mp3.o(.text)
    TIM6_Config                              0x08002ea3   Thumb Code    12  mp3.o(.text)
    mpu_reg_dump                             0x08002faf   Thumb Code    90  inv_mpu.o(.text)
    mpu_read_reg                             0x08003009   Thumb Code    66  inv_mpu.o(.text)
    mpu_set_int_latched                      0x0800304b   Thumb Code   102  inv_mpu.o(.text)
    mpu_set_sensors                          0x080030b1   Thumb Code   202  inv_mpu.o(.text)
    mpu_set_bypass                           0x0800317b   Thumb Code   328  inv_mpu.o(.text)
    mpu_reset_fifo                           0x080032c3   Thumb Code   470  inv_mpu.o(.text)
    mpu_configure_fifo                       0x08003499   Thumb Code   106  inv_mpu.o(.text)
    mpu_set_lpf                              0x08003503   Thumb Code   126  inv_mpu.o(.text)
    mpu_lp_accel_mode                        0x08003581   Thumb Code   218  inv_mpu.o(.text)
    mpu_set_sample_rate                      0x0800365b   Thumb Code   152  inv_mpu.o(.text)
    mpu_set_accel_fsr                        0x080036f3   Thumb Code   132  inv_mpu.o(.text)
    mpu_set_gyro_fsr                         0x08003777   Thumb Code   132  inv_mpu.o(.text)
    mpu_init                                 0x080037fb   Thumb Code   248  inv_mpu.o(.text)
    mpu_get_gyro_reg                         0x080038f3   Thumb Code   110  inv_mpu.o(.text)
    mpu_get_accel_reg                        0x08003961   Thumb Code   110  inv_mpu.o(.text)
    mpu_get_temperature                      0x080039cf   Thumb Code   150  inv_mpu.o(.text)
    mpu_read_6500_accel_bias                 0x08003a65   Thumb Code   124  inv_mpu.o(.text)
    mpu_read_6050_accel_bias                 0x08003ae1   Thumb Code   134  inv_mpu.o(.text)
    mpu_read_6500_gyro_bias                  0x08003b67   Thumb Code   124  inv_mpu.o(.text)
    mpu_set_gyro_bias_reg                    0x08003be3   Thumb Code   152  inv_mpu.o(.text)
    mpu_set_accel_bias_6050_reg              0x08003c7b   Thumb Code   196  inv_mpu.o(.text)
    mpu_set_accel_bias_6500_reg              0x08003d3f   Thumb Code   196  inv_mpu.o(.text)
    mpu_get_gyro_fsr                         0x08003e03   Thumb Code    64  inv_mpu.o(.text)
    mpu_get_accel_fsr                        0x08003e43   Thumb Code    72  inv_mpu.o(.text)
    mpu_get_lpf                              0x08003e8b   Thumb Code    74  inv_mpu.o(.text)
    mpu_get_sample_rate                      0x08003ed5   Thumb Code    26  inv_mpu.o(.text)
    mpu_get_compass_sample_rate              0x08003eef   Thumb Code    10  inv_mpu.o(.text)
    mpu_set_compass_sample_rate              0x08003ef9   Thumb Code    12  inv_mpu.o(.text)
    mpu_get_gyro_sens                        0x08003f05   Thumb Code    58  inv_mpu.o(.text)
    mpu_get_accel_sens                       0x08003f3f   Thumb Code    78  inv_mpu.o(.text)
    mpu_get_fifo_config                      0x08003f8d   Thumb Code    12  inv_mpu.o(.text)
    mpu_get_power_state                      0x08003f99   Thumb Code    22  inv_mpu.o(.text)
    mpu_get_int_status                       0x08003faf   Thumb Code    64  inv_mpu.o(.text)
    mpu_read_fifo                            0x08003fef   Thumb Code   500  inv_mpu.o(.text)
    mpu_read_fifo_stream                     0x080041e3   Thumb Code   186  inv_mpu.o(.text)
    mpu_set_int_level                        0x0800429d   Thumb Code    12  inv_mpu.o(.text)
    mpu_set_dmp_state                        0x080049b5   Thumb Code   138  inv_mpu.o(.text)
    mpu_run_self_test                        0x08004a3f   Thumb Code   292  inv_mpu.o(.text)
    mpu_write_mem                            0x08004b63   Thumb Code   122  inv_mpu.o(.text)
    mpu_read_mem                             0x08004bdd   Thumb Code   122  inv_mpu.o(.text)
    mpu_load_firmware                        0x08004c57   Thumb Code   180  inv_mpu.o(.text)
    mpu_get_dmp_state                        0x08004d0b   Thumb Code    14  inv_mpu.o(.text)
    mpu_get_compass_reg                      0x08004d19   Thumb Code     8  inv_mpu.o(.text)
    mpu_get_compass_fsr                      0x08004d21   Thumb Code     8  inv_mpu.o(.text)
    mpu_lp_motion_interrupt                  0x08004d29   Thumb Code   230  inv_mpu.o(.text)
    dmp_load_motion_driver_firmware          0x08004e15   Thumb Code    20  inv_mpu_dmp_motion_driver.o(.text)
    dmp_set_orientation                      0x08004e29   Thumb Code   290  inv_mpu_dmp_motion_driver.o(.text)
    dmp_set_gyro_bias                        0x08004f4b   Thumb Code   294  inv_mpu_dmp_motion_driver.o(.text)
    dmp_set_accel_bias                       0x08005071   Thumb Code   302  inv_mpu_dmp_motion_driver.o(.text)
    dmp_set_fifo_rate                        0x0800519f   Thumb Code   138  inv_mpu_dmp_motion_driver.o(.text)
    dmp_get_fifo_rate                        0x08005229   Thumb Code    12  inv_mpu_dmp_motion_driver.o(.text)
    dmp_set_tap_thresh                       0x08005235   Thumb Code   396  inv_mpu_dmp_motion_driver.o(.text)
    dmp_set_tap_axes                         0x080053c1   Thumb Code    70  inv_mpu_dmp_motion_driver.o(.text)
    dmp_set_tap_count                        0x08005407   Thumb Code    38  inv_mpu_dmp_motion_driver.o(.text)
    dmp_set_tap_time                         0x0800542d   Thumb Code    38  inv_mpu_dmp_motion_driver.o(.text)
    dmp_set_tap_time_multi                   0x08005453   Thumb Code    38  inv_mpu_dmp_motion_driver.o(.text)
    dmp_set_shake_reject_thresh              0x08005479   Thumb Code    56  inv_mpu_dmp_motion_driver.o(.text)
    dmp_set_shake_reject_time                0x080054b1   Thumb Code    38  inv_mpu_dmp_motion_driver.o(.text)
    dmp_set_shake_reject_timeout             0x080054d7   Thumb Code    38  inv_mpu_dmp_motion_driver.o(.text)
    dmp_get_pedometer_step_count             0x080054fd   Thumb Code    66  inv_mpu_dmp_motion_driver.o(.text)
    dmp_set_pedometer_step_count             0x0800553f   Thumb Code    42  inv_mpu_dmp_motion_driver.o(.text)
    dmp_get_pedometer_walk_time              0x08005569   Thumb Code    72  inv_mpu_dmp_motion_driver.o(.text)
    dmp_set_pedometer_walk_time              0x080055b1   Thumb Code    48  inv_mpu_dmp_motion_driver.o(.text)
    dmp_enable_6x_lp_quat                    0x080055e1   Thumb Code    84  inv_mpu_dmp_motion_driver.o(.text)
    dmp_enable_lp_quat                       0x08005635   Thumb Code    60  inv_mpu_dmp_motion_driver.o(.text)
    dmp_enable_gyro_cal                      0x08005671   Thumb Code    62  inv_mpu_dmp_motion_driver.o(.text)
    dmp_enable_feature                       0x080056af   Thumb Code   530  inv_mpu_dmp_motion_driver.o(.text)
    dmp_get_enabled_features                 0x080058c1   Thumb Code    12  inv_mpu_dmp_motion_driver.o(.text)
    dmp_set_interrupt_mode                   0x0800592b   Thumb Code    66  inv_mpu_dmp_motion_driver.o(.text)
    dmp_read_fifo                            0x0800596d   Thumb Code   514  inv_mpu_dmp_motion_driver.o(.text)
    dmp_register_tap_cb                      0x08005b6f   Thumb Code    10  inv_mpu_dmp_motion_driver.o(.text)
    dmp_register_android_orient_cb           0x08005b79   Thumb Code    10  inv_mpu_dmp_motion_driver.o(.text)
    fputcc                                   0x08005b89   Thumb Code    30  log_stm32.o(.text)
    _MLPrintLog                              0x08005ba7   Thumb Code   180  log_stm32.o(.text)
    eMPL_send_quat                           0x08005c5b   Thumb Code   168  log_stm32.o(.text)
    eMPL_send_data                           0x08005d03   Thumb Code   386  log_stm32.o(.text)
    inv_get_sensor_type_accel                0x08005e89   Thumb Code    36  empl_outputs.o(.text)
    inv_get_sensor_type_gyro                 0x08005ead   Thumb Code    36  empl_outputs.o(.text)
    inv_get_sensor_type_compass              0x08005ed1   Thumb Code    36  empl_outputs.o(.text)
    inv_get_sensor_type_quat                 0x08005ef5   Thumb Code    32  empl_outputs.o(.text)
    inv_get_sensor_type_heading              0x08005f15   Thumb Code   176  empl_outputs.o(.text)
    inv_get_sensor_type_euler                0x08005fc5   Thumb Code   536  empl_outputs.o(.text)
    inv_get_sensor_type_rot_mat              0x080061dd   Thumb Code    36  empl_outputs.o(.text)
    inv_enable_eMPL_outputs                  0x0800632b   Thumb Code    22  empl_outputs.o(.text)
    inv_disable_eMPL_outputs                 0x08006341   Thumb Code    14  empl_outputs.o(.text)
    inv_disable_compass_soft_iron_matrix     0x080063b5   Thumb Code    10  data_builder.o(.text)
    inv_reset_compass_soft_iron_matrix       0x080063bf   Thumb Code    70  data_builder.o(.text)
    inv_init_data_builder                    0x08006405   Thumb Code    44  data_builder.o(.text)
    inv_get_gyro_sensitivity                 0x08006431   Thumb Code     6  data_builder.o(.text)
    inv_get_accel_sensitivity                0x08006437   Thumb Code     6  data_builder.o(.text)
    inv_get_compass_sensitivity              0x0800643d   Thumb Code     8  data_builder.o(.text)
    set_sensor_orientation_and_scale         0x08006445   Thumb Code     6  data_builder.o(.text)
    inv_set_gyro_orientation_and_scale       0x0800644b   Thumb Code    18  data_builder.o(.text)
    inv_set_gyro_sample_rate                 0x0800645d   Thumb Code    32  data_builder.o(.text)
    inv_set_accel_sample_rate                0x0800647d   Thumb Code    36  data_builder.o(.text)
    inv_set_compass_sample_rate              0x080064a1   Thumb Code    40  data_builder.o(.text)
    inv_get_gyro_sample_rate_ms              0x080064c9   Thumb Code     8  data_builder.o(.text)
    inv_get_accel_sample_rate_ms             0x080064d1   Thumb Code     8  data_builder.o(.text)
    inv_get_compass_sample_rate_ms           0x080064d9   Thumb Code    10  data_builder.o(.text)
    inv_set_quat_sample_rate                 0x080064e3   Thumb Code    22  data_builder.o(.text)
    inv_set_gyro_bandwidth                   0x080064f9   Thumb Code     6  data_builder.o(.text)
    inv_set_accel_bandwidth                  0x080064ff   Thumb Code     8  data_builder.o(.text)
    inv_set_compass_bandwidth                0x08006507   Thumb Code     8  data_builder.o(.text)
    inv_get_compass_on                       0x0800650f   Thumb Code    12  data_builder.o(.text)
    inv_get_gyro_on                          0x0800651b   Thumb Code    10  data_builder.o(.text)
    inv_get_accel_on                         0x08006525   Thumb Code    12  data_builder.o(.text)
    inv_get_last_timestamp                   0x08006531   Thumb Code    98  data_builder.o(.text)
    inv_set_accel_orientation_and_scale      0x08006593   Thumb Code    20  data_builder.o(.text)
    inv_set_compass_orientation_and_scale    0x080065a7   Thumb Code    20  data_builder.o(.text)
    inv_matrix_vector_mult                   0x080065bb   Thumb Code   110  data_builder.o(.text)
    inv_apply_calibration                    0x08006629   Thumb Code   106  data_builder.o(.text)
    inv_get_compass_bias                     0x08006693   Thumb Code    20  data_builder.o(.text)
    inv_set_compass_bias                     0x080066a7   Thumb Code    66  data_builder.o(.text)
    inv_set_compass_disturbance              0x080066e9   Thumb Code    10  data_builder.o(.text)
    inv_get_compass_disturbance              0x080066f3   Thumb Code    10  data_builder.o(.text)
    inv_set_accel_bias                       0x080066fd   Thumb Code    92  data_builder.o(.text)
    inv_set_accel_accuracy                   0x08006759   Thumb Code    26  data_builder.o(.text)
    inv_set_accel_bias_mask                  0x08006773   Thumb Code    84  data_builder.o(.text)
    inv_set_gyro_bias                        0x080067c7   Thumb Code   106  data_builder.o(.text)
    inv_get_gyro_bias_tc_set                 0x08006831   Thumb Code    26  data_builder.o(.text)
    inv_get_gyro_bias                        0x0800684b   Thumb Code    32  data_builder.o(.text)
    inv_get_accel_bias                       0x0800686b   Thumb Code    32  data_builder.o(.text)
    inv_build_accel                          0x0800688b   Thumb Code   128  data_builder.o(.text)
    inv_build_gyro                           0x0800690b   Thumb Code    48  data_builder.o(.text)
    inv_get_compass_soft_iron_output_data    0x0800693b   Thumb Code    24  data_builder.o(.text)
    inv_set_compass_soft_iron_input_data     0x08006953   Thumb Code    72  data_builder.o(.text)
    inv_build_compass                        0x0800699b   Thumb Code   168  data_builder.o(.text)
    inv_build_temp                           0x08006a43   Thumb Code    38  data_builder.o(.text)
    inv_build_quat                           0x08006a69   Thumb Code    56  data_builder.o(.text)
    inv_accel_was_turned_off                 0x08006aa1   Thumb Code     8  data_builder.o(.text)
    inv_compass_was_turned_off               0x08006aa9   Thumb Code    10  data_builder.o(.text)
    inv_quaternion_sensor_was_turned_off     0x08006ab3   Thumb Code    10  data_builder.o(.text)
    inv_gyro_was_turned_off                  0x08006abd   Thumb Code     8  data_builder.o(.text)
    inv_temperature_was_turned_off           0x08006ac5   Thumb Code    10  data_builder.o(.text)
    inv_register_data_cb                     0x08006acf   Thumb Code   246  data_builder.o(.text)
    inv_unregister_data_cb                   0x08006bc5   Thumb Code    96  data_builder.o(.text)
    inv_execute_on_data                      0x08006d3f   Thumb Code   152  data_builder.o(.text)
    inv_get_accel_set                        0x08006dd7   Thumb Code    40  data_builder.o(.text)
    inv_get_gyro_set                         0x08006dff   Thumb Code    34  data_builder.o(.text)
    inv_get_gyro_set_raw                     0x08006e21   Thumb Code    34  data_builder.o(.text)
    inv_get_gyro                             0x08006e43   Thumb Code    12  data_builder.o(.text)
    inv_get_compass_set                      0x08006e4f   Thumb Code    58  data_builder.o(.text)
    inv_get_temp_set                         0x08006e89   Thumb Code    30  data_builder.o(.text)
    inv_get_gyro_accuracy                    0x08006ea7   Thumb Code     6  data_builder.o(.text)
    inv_get_mag_accuracy                     0x08006ead   Thumb Code    22  data_builder.o(.text)
    inv_get_accel_accuracy                   0x08006ec3   Thumb Code     6  data_builder.o(.text)
    inv_get_gyro_orient                      0x08006ec9   Thumb Code    12  data_builder.o(.text)
    inv_get_accel_orient                     0x08006ed5   Thumb Code    12  data_builder.o(.text)
    inv_get_compass_soft_iron_matrix_d       0x08006ee1   Thumb Code    24  data_builder.o(.text)
    inv_set_compass_soft_iron_matrix_d       0x08006ef9   Thumb Code    58  data_builder.o(.text)
    inv_get_compass_soft_iron_matrix_f       0x08006f33   Thumb Code    46  data_builder.o(.text)
    inv_set_compass_soft_iron_matrix_f       0x08006f61   Thumb Code    54  data_builder.o(.text)
    inv_get_compass_soft_iron_input_data     0x08006f97   Thumb Code    26  data_builder.o(.text)
    inv_enable_compass_soft_iron_matrix      0x08006fb1   Thumb Code    10  data_builder.o(.text)
    inv_get_sensor_type_accelerometer        0x08006fc5   Thumb Code    92  hal_outputs.o(.text)
    inv_get_sensor_type_linear_acceleration  0x08007021   Thumb Code   110  hal_outputs.o(.text)
    inv_get_sensor_type_gravity              0x0800708f   Thumb Code    86  hal_outputs.o(.text)
    inv_get_sensor_type_gyroscope            0x080070e5   Thumb Code    92  hal_outputs.o(.text)
    inv_get_sensor_type_gyroscope_raw        0x08007141   Thumb Code    92  hal_outputs.o(.text)
    inv_get_sensor_type_rotation_vector      0x0800719d   Thumb Code   216  hal_outputs.o(.text)
    inv_get_sensor_type_magnetic_field       0x08007275   Thumb Code    68  hal_outputs.o(.text)
    inv_get_sensor_type_orientation          0x080073dd   Thumb Code    34  hal_outputs.o(.text)
    inv_generate_hal_outputs                 0x080073ff   Thumb Code   482  hal_outputs.o(.text)
    inv_stop_hal_outputs                     0x080075e1   Thumb Code    16  hal_outputs.o(.text)
    inv_start_hal_outputs                    0x080075f1   Thumb Code    22  hal_outputs.o(.text)
    inv_init_hal_outputs                     0x08007607   Thumb Code    46  hal_outputs.o(.text)
    inv_enable_hal_outputs                   0x08007635   Thumb Code    20  hal_outputs.o(.text)
    inv_disable_hal_outputs                  0x08007649   Thumb Code    20  hal_outputs.o(.text)
    inv_set_message                          0x08007665   Thumb Code    24  message_layer.o(.text)
    inv_get_message_level_0                  0x0800767d   Thumb Code    16  message_layer.o(.text)
    inv_sinf                                 0x08007691   Thumb Code    42  ml_math_func.o(.text)
    inv_cosf                                 0x080076bb   Thumb Code    44  ml_math_func.o(.text)
    inv_q30_mult                             0x080076e7   Thumb Code    18  ml_math_func.o(.text)
    inv_q_mult                               0x080076f9   Thumb Code   178  ml_math_func.o(.text)
    inv_q_invert                             0x080077ab   Thumb Code    24  ml_math_func.o(.text)
    inv_compass_angle                        0x080077c3   Thumb Code   162  ml_math_func.o(.text)
    inv_get_gyro_sum_of_sqr                  0x08007865   Thumb Code    28  ml_math_func.o(.text)
    inv_q29_mult                             0x08007881   Thumb Code    18  ml_math_func.o(.text)
    inv_q30_div                              0x08007893   Thumb Code    40  ml_math_func.o(.text)
    inv_q_shift_mult                         0x080078bb   Thumb Code    32  ml_math_func.o(.text)
    inv_q_add                                0x080078db   Thumb Code    36  ml_math_func.o(.text)
    inv_vector_normalize                     0x080078ff   Thumb Code   182  ml_math_func.o(.text)
    inv_q_normalize                          0x080079b5   Thumb Code    14  ml_math_func.o(.text)
    quaternion_to_rotation_angle             0x080079c3   Thumb Code   112  ml_math_func.o(.text)
    inv_q_rotate                             0x08007a33   Thumb Code    66  ml_math_func.o(.text)
    inv_q_multf                              0x08007a75   Thumb Code   304  ml_math_func.o(.text)
    inv_q_addf                               0x08007ba5   Thumb Code    50  ml_math_func.o(.text)
    inv_q_normalizef                         0x08007bd7   Thumb Code   366  ml_math_func.o(.text)
    inv_q_norm4                              0x08007d45   Thumb Code   146  ml_math_func.o(.text)
    inv_q_invertf                            0x08007dd7   Thumb Code    30  ml_math_func.o(.text)
    inv_quaternion_to_rotation               0x08007df5   Thumb Code   218  ml_math_func.o(.text)
    inv_quaternion_to_rotation_vector        0x08007ecf   Thumb Code    60  ml_math_func.o(.text)
    inv_int32_to_big8                        0x08007f0b   Thumb Code    20  ml_math_func.o(.text)
    inv_big8_to_int32                        0x08007f1f   Thumb Code    26  ml_math_func.o(.text)
    inv_big8_to_int16                        0x08007f39   Thumb Code    14  ml_math_func.o(.text)
    inv_little8_to_int16                     0x08007f47   Thumb Code    14  ml_math_func.o(.text)
    inv_int16_to_big8                        0x08007f55   Thumb Code    12  ml_math_func.o(.text)
    inv_matrix_det_inc                       0x08007f61   Thumb Code   100  ml_math_func.o(.text)
    inv_matrix_det_incd                      0x08007fc5   Thumb Code   108  ml_math_func.o(.text)
    inv_matrix_det                           0x08008031   Thumb Code   160  ml_math_func.o(.text)
    inv_matrix_detd                          0x080080d1   Thumb Code   220  ml_math_func.o(.text)
    inv_wrap_angle                           0x080081ad   Thumb Code    56  ml_math_func.o(.text)
    inv_angle_diff                           0x080081e5   Thumb Code    90  ml_math_func.o(.text)
    inv_checksum                             0x0800823f   Thumb Code    30  ml_math_func.o(.text)
    inv_orientation_matrix_to_scalar         0x080082ab   Thumb Code    40  ml_math_func.o(.text)
    inv_convert_to_body                      0x080082d3   Thumb Code    82  ml_math_func.o(.text)
    inv_convert_to_chip                      0x08008325   Thumb Code    82  ml_math_func.o(.text)
    inv_convert_to_body_with_scale           0x08008377   Thumb Code   114  ml_math_func.o(.text)
    inv_vector_norm                          0x080083e9   Thumb Code    66  ml_math_func.o(.text)
    inv_init_biquad_filter                   0x0800842b   Thumb Code    34  ml_math_func.o(.text)
    inv_calc_state_to_match_output           0x0800844d   Thumb Code    50  ml_math_func.o(.text)
    inv_biquad_filter_process                0x0800847f   Thumb Code   104  ml_math_func.o(.text)
    inv_get_cross_product_vec                0x080084e7   Thumb Code    98  ml_math_func.o(.text)
    mlMatrixVectorMult                       0x08008549   Thumb Code    62  ml_math_func.o(.text)
    inv_init_mpl                             0x080085e5   Thumb Code   106  mpl.o(.text)
    inv_get_version                          0x0800864f   Thumb Code    10  mpl.o(.text)
    inv_start_mpl                            0x08008659   Thumb Code    38  mpl.o(.text)
    inv_store_gaming_quaternion              0x080086c5   Thumb Code    30  results_holder.o(.text)
    inv_set_compass_correction               0x080086e3   Thumb Code    30  results_holder.o(.text)
    inv_get_compass_correction               0x08008701   Thumb Code    20  results_holder.o(.text)
    inv_get_large_mag_field                  0x08008715   Thumb Code     6  results_holder.o(.text)
    inv_set_large_mag_field                  0x0800871b   Thumb Code     6  results_holder.o(.text)
    inv_get_acc_state                        0x08008721   Thumb Code     6  results_holder.o(.text)
    inv_set_acc_state                        0x08008727   Thumb Code     6  results_holder.o(.text)
    inv_get_motion_state                     0x0800872d   Thumb Code    16  results_holder.o(.text)
    inv_set_motion_state                     0x0800873d   Thumb Code    74  results_holder.o(.text)
    inv_set_local_field                      0x08008787   Thumb Code    14  results_holder.o(.text)
    inv_get_local_field                      0x08008795   Thumb Code    12  results_holder.o(.text)
    inv_set_mag_scale                        0x080087a1   Thumb Code    14  results_holder.o(.text)
    inv_get_mag_scale                        0x080087af   Thumb Code    12  results_holder.o(.text)
    inv_get_gravity                          0x080087bb   Thumb Code    90  results_holder.o(.text)
    inv_get_6axis_quaternion                 0x08008815   Thumb Code    18  results_holder.o(.text)
    inv_get_quaternion                       0x08008827   Thumb Code    54  results_holder.o(.text)
    inv_get_quaternion_float                 0x0800885d   Thumb Code    50  results_holder.o(.text)
    inv_get_quaternion_set                   0x0800888f   Thumb Code    68  results_holder.o(.text)
    inv_generate_results                     0x080088d3   Thumb Code    12  results_holder.o(.text)
    inv_start_results_holder                 0x080088df   Thumb Code    20  results_holder.o(.text)
    inv_init_results_holder                  0x080088f3   Thumb Code    46  results_holder.o(.text)
    inv_enable_results_holder                0x08008921   Thumb Code    28  results_holder.o(.text)
    inv_got_accel_bias                       0x0800893d   Thumb Code     6  results_holder.o(.text)
    inv_set_accel_bias_found                 0x08008943   Thumb Code     6  results_holder.o(.text)
    inv_got_compass_bias                     0x08008949   Thumb Code     6  results_holder.o(.text)
    inv_set_compass_bias_found               0x0800894f   Thumb Code     6  results_holder.o(.text)
    inv_set_compass_state                    0x08008955   Thumb Code     6  results_holder.o(.text)
    inv_get_compass_state                    0x0800895b   Thumb Code     6  results_holder.o(.text)
    inv_set_compass_bias_error               0x08008961   Thumb Code    14  results_holder.o(.text)
    inv_get_compass_bias_error               0x0800896f   Thumb Code    12  results_holder.o(.text)
    inv_get_linear_accel                     0x0800897b   Thumb Code    60  results_holder.o(.text)
    inv_get_accel                            0x080089b7   Thumb Code    24  results_holder.o(.text)
    inv_get_accel_float                      0x080089cf   Thumb Code    56  results_holder.o(.text)
    inv_get_gyro_float                       0x08008a07   Thumb Code    58  results_holder.o(.text)
    inv_set_heading_confidence_interval      0x08008a41   Thumb Code     8  results_holder.o(.text)
    inv_get_heading_confidence_interval      0x08008a49   Thumb Code     8  results_holder.o(.text)
    inv_get_linear_accel_float               0x08008a51   Thumb Code    56  results_holder.o(.text)
    inv_init_start_manager                   0x08008aa9   Thumb Code    14  start_manager.o(.text)
    inv_unregister_mpl_start_notification    0x08008ab7   Thumb Code    86  start_manager.o(.text)
    inv_register_mpl_start_notification      0x08008b0d   Thumb Code    38  start_manager.o(.text)
    inv_execute_mpl_start_notification       0x08008b33   Thumb Code    40  start_manager.o(.text)
    inv_init_storage_manager                 0x08008b61   Thumb Code    20  storage_manager.o(.text)
    inv_register_load_store                  0x08008b75   Thumb Code   134  storage_manager.o(.text)
    inv_get_mpl_state_size                   0x08008bfb   Thumb Code    12  storage_manager.o(.text)
    inv_load_mpl_states                      0x08008c33   Thumb Code   174  storage_manager.o(.text)
    inv_save_mpl_states                      0x08008ce1   Thumb Code   158  storage_manager.o(.text)
    gyro_data_ready_cb                       0x080090c3   Thumb Code     8  mpu6050.o(.text)
    MPU6050Config                            0x08009581   Thumb Code     8  mpu6050.o(.text)
    PitchFalling                             0x08009589   Thumb Code    92  mpu6050.o(.text)
    MPU6050Triaxial                          0x080095e5   Thumb Code    36  mpu6050.o(.text)
    Filter                                   0x08009609   Thumb Code    44  mpu6050.o(.text)
    MPU6050_ReadData                         0x08009635   Thumb Code    88  mpu6050.o(.text)
    MPU6050ReadID                            0x0800968d   Thumb Code    48  mpu6050.o(.text)
    MPU6050ReadAcc                           0x080096bd   Thumb Code   286  mpu6050.o(.text)
    MPU6050ReadGyro                          0x080097db   Thumb Code    64  mpu6050.o(.text)
    MPU6050ReadTemp                          0x0800981b   Thumb Code    32  mpu6050.o(.text)
    MPU6050_ReturnTemp                       0x0800983b   Thumb Code    72  mpu6050.o(.text)
    SendHelp                                 0x08009883   Thumb Code    62  mpu6050.o(.text)
    blind_falled                             0x080098c1   Thumb Code   388  mpu6050.o(.text)
    delay_key                                0x08009af1   Thumb Code    10  bsp_key.o(.text)
    Key_GPIO_Config                          0x08009afb   Thumb Code   118  bsp_key.o(.text)
    EXTI_Key_Config                          0x08009b8f   Thumb Code    72  bsp_key.o(.text)
    switchMode                               0x08009cbb   Thumb Code   130  key.o(.text)
    distanceUp                               0x08009da1   Thumb Code    48  key.o(.text)
    shakeUp                                  0x08009dd1   Thumb Code    48  key.o(.text)
    KeyPolling                               0x08009ec5   Thumb Code  1120  key.o(.text)
    addDistance                              0x0800a381   Thumb Code    38  ultrasonicwave.o(.text)
    minusDistance                            0x0800a3a7   Thumb Code    34  ultrasonicwave.o(.text)
    getDistance                              0x0800a3c9   Thumb Code     8  ultrasonicwave.o(.text)
    HasObstacle                              0x0800a71d   Thumb Code   164  ultrasonicwave.o(.text)
    UltrasonicWave                           0x0800a7df   Thumb Code    92  ultrasonicwave.o(.text)
    GENERAL_TIM_Init                         0x0800a949   Thumb Code    16  ultraconfig.o(.text)
    TIM2_Init                                0x0800a959   Thumb Code    96  ultraconfig.o(.text)
    UltrasonicWave_Config                    0x0800a9b9   Thumb Code    52  ultraconfig.o(.text)
    UltrasonicWave_Init                      0x0800a9ed   Thumb Code    30  ultraconfig.o(.text)
    Init_Kalman                              0x0800aa15   Thumb Code   198  kalman.o(.text)
    KalmanFilter                             0x0800aadb   Thumb Code  1250  kalman.o(.text)
    Init_Smooth_n                            0x0800afc1   Thumb Code    56  filter.o(.text)
    smooth_n                                 0x0800aff9   Thumb Code   192  filter.o(.text)
    inv_init_maxmin                          0x0800b0cd   Thumb Code    78  fast_no_motion.o(.text)
    inv_fast_nomot_parameter                 0x0800b11b   Thumb Code   318  fast_no_motion.o(.text)
    inv_fast_nomot_parameter_3rd             0x0800b259   Thumb Code   180  fast_no_motion.o(.text)
    inv_fast_nomot_set_gyro_bias             0x0800b30d   Thumb Code   232  fast_no_motion.o(.text)
    inv_set_fast_nomot_compass_threshold     0x0800b3f5   Thumb Code     8  fast_no_motion.o(.text)
    int_set_fast_nomot_gyro_threshold        0x0800b3fd   Thumb Code     8  fast_no_motion.o(.text)
    inv_set_fast_nomot_accel_threshold       0x0800b405   Thumb Code     8  fast_no_motion.o(.text)
    inv_get_fast_nomot_compass_param         0x0800b40d   Thumb Code    18  fast_no_motion.o(.text)
    inv_get_fast_nomot_accel_param           0x0800b41f   Thumb Code    18  fast_no_motion.o(.text)
    inv_fast_nomot_store_data                0x0800b431   Thumb Code   140  fast_no_motion.o(.text)
    inv_fast_nomot_store_data_compass        0x0800b4bd   Thumb Code    74  fast_no_motion.o(.text)
    inv_fast_nomot_reset_data_compass        0x0800b507   Thumb Code    36  fast_no_motion.o(.text)
    inv_fast_nomot_get_time_elaps            0x0800b52b   Thumb Code     8  fast_no_motion.o(.text)
    inv_fast_nomot_parameter_compass         0x0800b533   Thumb Code    22  fast_no_motion.o(.text)
    inv_get_right_shift_by_rounding          0x0800b549   Thumb Code    76  fast_no_motion.o(.text)
    inv_reset_min_max_gyro_accel_statistics  0x0800b595   Thumb Code    38  fast_no_motion.o(.text)
    inv_record_max_moment_in_no_motion_gyro  0x0800b5bb   Thumb Code    32  fast_no_motion.o(.text)
    inv_record_max_moment_in_no_motion_accel 0x0800b5db   Thumb Code    32  fast_no_motion.o(.text)
    inv_record_min_moment_in_motion_gyro     0x0800b5fb   Thumb Code    34  fast_no_motion.o(.text)
    inv_record_min_moment_in_motion_accel    0x0800b61d   Thumb Code    34  fast_no_motion.o(.text)
    inv_detect_motion_by_gyro_accel          0x0800b63f   Thumb Code   214  fast_no_motion.o(.text)
    inv_sensor_data_preprocess               0x0800b715   Thumb Code   132  fast_no_motion.o(.text)
    inv_generate_fast_nomot                  0x0800b799   Thumb Code   498  fast_no_motion.o(.text)
    inv_set_default_number_of_samples        0x0800b98b   Thumb Code    56  fast_no_motion.o(.text)
    inv_init_fast_nomot                      0x0800b9c3   Thumb Code    78  fast_no_motion.o(.text)
    inv_start_fast_nomot                     0x0800ba11   Thumb Code    56  fast_no_motion.o(.text)
    inv_stop_fast_nomot                      0x0800ba49   Thumb Code    20  fast_no_motion.o(.text)
    inv_enable_fast_nomot                    0x0800ba5d   Thumb Code    24  fast_no_motion.o(.text)
    inv_disable_fast_nomot                   0x0800ba75   Thumb Code    18  fast_no_motion.o(.text)
    inv_get_fnm_gyro_no_motion_param         0x0800ba87   Thumb Code     8  fast_no_motion.o(.text)
    inv_fnm_debug_print                      0x0800ba8f   Thumb Code     2  fast_no_motion.o(.text)
    inv_filter_correction_angle              0x0800bac1   Thumb Code   364  fusion_9axis.o(.text)
    inv_perform_9x_fusion                    0x0800bc2d   Thumb Code   840  fusion_9axis.o(.text)
    inv_process_9x_sensor_fusion_cb          0x0800bf75   Thumb Code   120  fusion_9axis.o(.text)
    inv_init_9x_fusion                       0x0800bfed   Thumb Code    50  fusion_9axis.o(.text)
    inv_9x_fusion_set_mag_fb                 0x0800c01f   Thumb Code    10  fusion_9axis.o(.text)
    inv_9x_fusion_enable_jitter_reduction    0x0800c029   Thumb Code    10  fusion_9axis.o(.text)
    inv_9x_fusion_use_timestamps             0x0800c033   Thumb Code    10  fusion_9axis.o(.text)
    inv_start_9x_sensor_fusion               0x0800c03d   Thumb Code    14  fusion_9axis.o(.text)
    inv_stop_9x_sensor_fusion                0x0800c04b   Thumb Code     8  fusion_9axis.o(.text)
    inv_enable_9x_sensor_fusion              0x0800c053   Thumb Code    30  fusion_9axis.o(.text)
    inv_disable_9x_sensor_fusion             0x0800c071   Thumb Code     8  fusion_9axis.o(.text)
    inv_init_gyro_ts                         0x0800c497   Thumb Code    46  gyro_tc.o(.text)
    inv_set_gtc_max_temp                     0x0800c4c5   Thumb Code    10  gyro_tc.o(.text)
    inv_set_gtc_min_temp                     0x0800c4cf   Thumb Code    10  gyro_tc.o(.text)
    inv_set_gtc_min_diff                     0x0800c4d9   Thumb Code    10  gyro_tc.o(.text)
    inv_get_gyro_ts                          0x0800c4e3   Thumb Code    30  gyro_tc.o(.text)
    inv_set_gyro_ts                          0x0800c501   Thumb Code    16  gyro_tc.o(.text)
    inv_set_gtc_order                        0x0800c511   Thumb Code    16  gyro_tc.o(.text)
    inv_print_gtc_data                       0x0800c521   Thumb Code    62  gyro_tc.o(.text)
    inv_start_gyro_tc                        0x0800c55f   Thumb Code    10  gyro_tc.o(.text)
    inv_stop_gyro_tc                         0x0800c569   Thumb Code     6  gyro_tc.o(.text)
    inv_enable_gyro_tc                       0x0800c56f   Thumb Code    48  gyro_tc.o(.text)
    inv_disable_gyro_tc                      0x0800c59f   Thumb Code    40  gyro_tc.o(.text)
    inv_generate_gyro_quaternion             0x0800c969   Thumb Code   260  quaternion_supervisor.o(.text)
    inv_set_quaternion                       0x0800cc5b   Thumb Code    38  quaternion_supervisor.o(.text)
    inv_generate_accel_gyro_quaternion       0x0800cc81   Thumb Code   428  quaternion_supervisor.o(.text)
    inv_stop_quaternion                      0x0800ce75   Thumb Code     6  quaternion_supervisor.o(.text)
    inv_init_quaternion                      0x0800ce7b   Thumb Code    34  quaternion_supervisor.o(.text)
    inv_start_quaternion                     0x0800ce9d   Thumb Code    34  quaternion_supervisor.o(.text)
    inv_enable_quaternion                    0x0800cebf   Thumb Code    24  quaternion_supervisor.o(.text)
    inv_disable_quaternion                   0x0800ced7   Thumb Code    20  quaternion_supervisor.o(.text)
    inv_set_magnetic_disturbance             0x0800cf19   Thumb Code    16  mag_disturb.o(.text)
    inv_init_magnetic_disturbance            0x0800cf29   Thumb Code    50  mag_disturb.o(.text)
    MagDisturbSetDisturbance                 0x0800cf5b   Thumb Code    98  mag_disturb.o(.text)
    MagDisturbCheckSettling                  0x0800cfbd   Thumb Code    54  mag_disturb.o(.text)
    ComputeAngleVelocity                     0x0800cff3   Thumb Code    94  mag_disturb.o(.text)
    inv_disable_dip_tracking                 0x0800d051   Thumb Code    10  mag_disturb.o(.text)
    Mag3ofNormalizedLong                     0x0800d05b   Thumb Code    72  mag_disturb.o(.text)
    inv_track_dip_angle                      0x0800d0a3   Thumb Code   114  mag_disturb.o(.text)
    inv_check_magnetic_disturbance           0x0800d115   Thumb Code   690  mag_disturb.o(.text)
    inv_magnetic_disturbance_process         0x0800d3c7   Thumb Code    50  mag_disturb.o(.text)
    inv_start_magnetic_disturbance           0x0800d3f9   Thumb Code    14  mag_disturb.o(.text)
    inv_stop_magnetic_disturbance            0x0800d407   Thumb Code     8  mag_disturb.o(.text)
    inv_enable_magnetic_disturbance          0x0800d40f   Thumb Code    40  mag_disturb.o(.text)
    inv_disable_magnetic_disturbance         0x0800d437   Thumb Code    22  mag_disturb.o(.text)
    inv_enable_dip_tracking                  0x0800d44d   Thumb Code    14  mag_disturb.o(.text)
    inv_get_magnetic_disturbance_state       0x0800d45b   Thumb Code     8  mag_disturb.o(.text)
    __aeabi_ldivmod                          0x0800d469   Thumb Code    98  ldiv.o(.text)
    __aeabi_llsl                             0x0800d4cb   Thumb Code    30  llshl.o(.text)
    _ll_shift_l                              0x0800d4cb   Thumb Code     0  llshl.o(.text)
    __aeabi_lasr                             0x0800d4e9   Thumb Code    36  llsshr.o(.text)
    _ll_sshift_r                             0x0800d4e9   Thumb Code     0  llsshr.o(.text)
    ___aeabi_memcpy4$move                    0x0800d50d   Thumb Code     0  memmovea.o(.text)
    ___aeabi_memcpy8$move                    0x0800d50d   Thumb Code     0  memmovea.o(.text)
    __aeabi_memcpy                           0x0800d50d   Thumb Code    64  memmovea.o(.text)
    __aeabi_memmove                          0x0800d50d   Thumb Code     0  memmovea.o(.text)
    __aeabi_memmove4                         0x0800d50d   Thumb Code     0  memmovea.o(.text)
    __aeabi_memmove8                         0x0800d50d   Thumb Code     0  memmovea.o(.text)
    __aeabi_memset                           0x0800d54d   Thumb Code    14  memseta.o(.text)
    __aeabi_memset4                          0x0800d54d   Thumb Code     0  memseta.o(.text)
    __aeabi_memset8                          0x0800d54d   Thumb Code     0  memseta.o(.text)
    __aeabi_memclr                           0x0800d55b   Thumb Code     4  memseta.o(.text)
    __aeabi_memclr4                          0x0800d55b   Thumb Code     0  memseta.o(.text)
    __aeabi_memclr8                          0x0800d55b   Thumb Code     0  memseta.o(.text)
    _memset$wrapper                          0x0800d55f   Thumb Code    18  memseta.o(.text)
    memcmp                                   0x0800d571   Thumb Code    26  memcmp.o(.text)
    __aeabi_fadd                             0x0800d58b   Thumb Code   164  fadd.o(.text)
    __aeabi_fsub                             0x0800d62f   Thumb Code     6  fadd.o(.text)
    __aeabi_frsub                            0x0800d635   Thumb Code     6  fadd.o(.text)
    __aeabi_fmul                             0x0800d63b   Thumb Code   100  fmul.o(.text)
    __aeabi_fdiv                             0x0800d69f   Thumb Code   124  fdiv.o(.text)
    __ARM_scalbnf                            0x0800d71b   Thumb Code    24  fscalb.o(.text)
    scalbnf                                  0x0800d71b   Thumb Code     0  fscalb.o(.text)
    __aeabi_dadd                             0x0800d733   Thumb Code   322  dadd.o(.text)
    __aeabi_dsub                             0x0800d875   Thumb Code     6  dadd.o(.text)
    __aeabi_drsub                            0x0800d87b   Thumb Code     6  dadd.o(.text)
    __aeabi_dmul                             0x0800d881   Thumb Code   228  dmul.o(.text)
    __aeabi_ddiv                             0x0800d965   Thumb Code   222  ddiv.o(.text)
    __ARM_scalbn                             0x0800da43   Thumb Code    46  dscalb.o(.text)
    scalbn                                   0x0800da43   Thumb Code     0  dscalb.o(.text)
    __aeabi_i2f                              0x0800da71   Thumb Code    18  fflti.o(.text)
    __aeabi_ui2f                             0x0800da83   Thumb Code    10  ffltui.o(.text)
    __aeabi_l2f                              0x0800da8d   Thumb Code    44  ffltl.o(.text)
    __aeabi_i2d                              0x0800dab9   Thumb Code    34  dflti.o(.text)
    __aeabi_ui2d                             0x0800dadb   Thumb Code    26  dfltui.o(.text)
    __aeabi_f2iz                             0x0800daf5   Thumb Code    50  ffixi.o(.text)
    __aeabi_f2uiz                            0x0800db27   Thumb Code    40  ffixui.o(.text)
    __aeabi_f2lz                             0x0800db4f   Thumb Code    66  ffixl.o(.text)
    __aeabi_d2iz                             0x0800db91   Thumb Code    62  dfixi.o(.text)
    __aeabi_f2d                              0x0800dbcf   Thumb Code    38  f2d.o(.text)
    __aeabi_cdcmpeq                          0x0800dbf5   Thumb Code     0  cdcmple.o(.text)
    __aeabi_cdcmple                          0x0800dbf5   Thumb Code    48  cdcmple.o(.text)
    __aeabi_cdrcmple                         0x0800dc25   Thumb Code    48  cdrcmple.o(.text)
    __aeabi_d2f                              0x0800dc55   Thumb Code    56  d2f.o(.text)
    __aeabi_cfcmpeq                          0x0800dc8d   Thumb Code     0  cfcmple.o(.text)
    __aeabi_cfcmple                          0x0800dc8d   Thumb Code    20  cfcmple.o(.text)
    __aeabi_cfrcmple                         0x0800dca1   Thumb Code    20  cfrcmple.o(.text)
    __aeabi_uidiv                            0x0800dcb5   Thumb Code     0  uidiv.o(.text)
    __aeabi_uidivmod                         0x0800dcb5   Thumb Code    44  uidiv.o(.text)
    __aeabi_uldivmod                         0x0800dce1   Thumb Code    98  uldiv.o(.text)
    __aeabi_llsr                             0x0800dd43   Thumb Code    32  llushr.o(.text)
    _ll_ushift_r                             0x0800dd43   Thumb Code     0  llushr.o(.text)
    __I$use$fp                               0x0800dd63   Thumb Code     0  iusefp.o(.text)
    _float_round                             0x0800dd63   Thumb Code    18  fepilogue.o(.text)
    _float_epilogue                          0x0800dd75   Thumb Code    92  fepilogue.o(.text)
    _fsqrt                                   0x0800ddd1   Thumb Code    94  fsqrt.o(.text)
    _frnd                                    0x0800de2f   Thumb Code    60  frnd.o(.text)
    _double_round                            0x0800de6b   Thumb Code    30  depilogue.o(.text)
    _double_epilogue                         0x0800de89   Thumb Code   156  depilogue.o(.text)
    _dsqrt                                   0x0800df25   Thumb Code   162  dsqrt.o(.text)
    __aeabi_d2ulz                            0x0800dfc7   Thumb Code    48  dfixul.o(.text)
    __scatterload                            0x0800dff9   Thumb Code    28  init.o(.text)
    __scatterload_rt2                        0x0800dff9   Thumb Code     0  init.o(.text)
    __decompress                             0x0800e01d   Thumb Code     0  __dczerorl2.o(.text)
    __decompress1                            0x0800e01d   Thumb Code    86  __dczerorl2.o(.text)
    __0printf                                0x0800e075   Thumb Code    22  printfa.o(i.__0printf)
    __1printf                                0x0800e075   Thumb Code     0  printfa.o(i.__0printf)
    __2printf                                0x0800e075   Thumb Code     0  printfa.o(i.__0printf)
    __c89printf                              0x0800e075   Thumb Code     0  printfa.o(i.__0printf)
    printf                                   0x0800e075   Thumb Code     0  printfa.o(i.__0printf)
    __0vsprintf                              0x0800e095   Thumb Code    30  printfa.o(i.__0vsprintf)
    __1vsprintf                              0x0800e095   Thumb Code     0  printfa.o(i.__0vsprintf)
    __2vsprintf                              0x0800e095   Thumb Code     0  printfa.o(i.__0vsprintf)
    __c89vsprintf                            0x0800e095   Thumb Code     0  printfa.o(i.__0vsprintf)
    vsprintf                                 0x0800e095   Thumb Code     0  printfa.o(i.__0vsprintf)
    __ARM_fpclassifyf                        0x0800e0b9   Thumb Code    38  fpclassifyf.o(i.__ARM_fpclassifyf)
    __kernel_poly                            0x0800e0df   Thumb Code   170  poly.o(i.__kernel_poly)
    __mathlib_dbl_infnan                     0x0800e189   Thumb Code     6  dunder.o(i.__mathlib_dbl_infnan)
    __mathlib_dbl_invalid                    0x0800e18f   Thumb Code    12  dunder.o(i.__mathlib_dbl_invalid)
    __mathlib_flt_infnan                     0x0800e19b   Thumb Code     6  funder.o(i.__mathlib_flt_infnan)
    __mathlib_flt_infnan2                    0x0800e1a1   Thumb Code     4  funder.o(i.__mathlib_flt_infnan2)
    __mathlib_flt_invalid                    0x0800e1a5   Thumb Code     8  funder.o(i.__mathlib_flt_invalid)
    __mathlib_flt_underflow                  0x0800e1ad   Thumb Code    10  funder.o(i.__mathlib_flt_underflow)
    __mathlib_rredf2                         0x0800e1b9   Thumb Code   344  rredf.o(i.__mathlib_rredf2)
    __scatterload_copy                       0x0800e321   Thumb Code    14  handlers.o(i.__scatterload_copy)
    __scatterload_null                       0x0800e32f   Thumb Code     2  handlers.o(i.__scatterload_null)
    __scatterload_zeroinit                   0x0800e331   Thumb Code    14  handlers.o(i.__scatterload_zeroinit)
    __set_errno                              0x0800e341   Thumb Code     6  errno.o(i.__set_errno)
    acos                                     0x0800ec09   Thumb Code   574  acos.o(i.acos)
    acosf                                    0x0800ee85   Thumb Code   242  acosf.o(i.acosf)
    asinf                                    0x0800efa1   Thumb Code   254  asinf.o(i.asinf)
    atan2f                                   0x0800f0c5   Thumb Code   528  atan2f.o(i.atan2f)
    cosf                                     0x0800f321   Thumb Code   328  cosf.o(i.cosf)
    malloc                                   0x0800f49d   Thumb Code    92  malloc.o(i.malloc)
    sinf                                     0x0800f509   Thumb Code   338  sinf.o(i.sinf)
    sqrt                                     0x0800f691   Thumb Code    76  sqrt.o(i.sqrt)
    sqrtf                                    0x0800f6dd   Thumb Code    44  sqrtf.o(i.sqrtf)
    reg                                      0x0800f708   Data          30  inv_mpu.o(.constdata)
    hw                                       0x0800f726   Data          12  inv_mpu.o(.constdata)
    test                                     0x0800f734   Data          40  inv_mpu.o(.constdata)
    sin_lookup                               0x08010354   Data        1024  ml_math_func.o(.constdata)
    ml_ver                                   0x08010754   Data          20  mpl.o(.constdata)
    Region$$Table$$Base                      0x08010890   Number         0  anon$$obj.o(Region$$Table)
    Region$$Table$$Limit                     0x080108b0   Number         0  anon$$obj.o(Region$$Table)
    SystemCoreClock                          0x20000000   Data           4  system_stm32f10x.o(.data)
    AHBPrescTable                            0x20000004   Data          16  system_stm32f10x.o(.data)
    time_wait                                0x20000028   Data           4  stm32f10x_it.o(.data)
    Task_Delay                               0x2000002c   Data           8  stm32f10x_it.o(.data)
    Status                                   0x20000034   Data           1  stm32f10x_it.o(.data)
    IndexWalkingStick                        0x20000038   Data           4  stm32f10x_it.o(.data)
    g_ul_ms_ticks                            0x20000040   Data           4  bsp_systick.o(.data)
    Rate                                     0x20000050   Data           4  mp3.o(.data)
    Shake                                    0x20000054   Data           4  mp3.o(.data)
    time                                     0x20000058   Data           4  mp3.o(.data)
    flag_volume                              0x2000005c   Data           4  mp3.o(.data)
    Call                                     0x20000060   Data           5  mp3.o(.data)
    Next                                     0x20000065   Data           5  mp3.o(.data)
    Last                                     0x2000006a   Data           5  mp3.o(.data)
    Add                                      0x2000006f   Data           5  mp3.o(.data)
    Sub                                      0x20000074   Data           5  mp3.o(.data)
    rate_1                                   0x20000079   Data           5  mp3.o(.data)
    rate_2                                   0x2000007e   Data           7  mp3.o(.data)
    rate_3                                   0x20000085   Data           7  mp3.o(.data)
    rate_4                                   0x2000008c   Data           7  mp3.o(.data)
    rate_5                                   0x20000093   Data           7  mp3.o(.data)
    CareFootLeft                             0x2000009a   Data           7  mp3.o(.data)
    CareHandLeft                             0x200000a1   Data           7  mp3.o(.data)
    CareHeadLeft                             0x200000a8   Data           7  mp3.o(.data)
    CareFootRight                            0x200000af   Data           7  mp3.o(.data)
    CareHandRight                            0x200000b6   Data           7  mp3.o(.data)
    CareHeadRight                            0x200000bd   Data           7  mp3.o(.data)
    East                                     0x200000c4   Data           7  mp3.o(.data)
    South                                    0x200000cb   Data           7  mp3.o(.data)
    West                                     0x200000d2   Data           7  mp3.o(.data)
    North                                    0x200000d9   Data           7  mp3.o(.data)
    SouthEast                                0x200000e0   Data           7  mp3.o(.data)
    SouthWest                                0x200000e7   Data           7  mp3.o(.data)
    NorthWest                                0x200000ee   Data           7  mp3.o(.data)
    NorthEast                                0x200000f5   Data           7  mp3.o(.data)
    ModeVolume                               0x200000fc   Data           7  mp3.o(.data)
    ModeRate                                 0x20000103   Data           7  mp3.o(.data)
    AdjustVolume                             0x2000010a   Data           7  mp3.o(.data)
    AdjustRate                               0x20000111   Data           7  mp3.o(.data)
    ModeDistance                             0x20000118   Data           7  mp3.o(.data)
    ModeExit                                 0x2000011f   Data           7  mp3.o(.data)
    Alarm                                    0x20000126   Data           7  mp3.o(.data)
    AutoAlarm                                0x2000012d   Data           7  mp3.o(.data)
    SendSucceed                              0x20000134   Data           7  mp3.o(.data)
    QuitAlarm                                0x2000013b   Data           7  mp3.o(.data)
    compass_low_pass_filter_coeff            0x20000170   Data          20  hal_outputs.o(.data)
    flag_FALLING                             0x20000188   Data           4  mpu6050.o(.data)
    hal_timestamp                            0x2000018c   Data           4  mpu6050.o(.data)
    rx_new                                   0x20000190   Data           1  mpu6050.o(.data)
    mpl_key                                  0x20000194   Data           4  mpu6050.o(.data)
    UltrasonicWave_Distance_Walk             0x200001b0   Data          20  ultrasonicwave.o(.data)
    MODE_FLAG                                0x200001c4   Data           4  ultrasonicwave.o(.data)
    MEASURE_FLAG                             0x200001c8   Data           1  ultrasonicwave.o(.data)
    GET_WALK_FLAG                            0x200001c9   Data           1  ultrasonicwave.o(.data)
    __stdout                                 0x200001e0   Data           4  stdout.o(.data)
    __microlib_freelist                      0x200001e4   Data           4  mvars.o(.data)
    __microlib_freelist_initialised          0x200001e8   Data           4  mvars.o(.data)
    ReceiveFromWalk                          0x200001f0   Data          60  stm32f10x_it.o(.bss)
    sensors                                  0x200003a4   Data         408  data_builder.o(.bss)
    TIM_ICUserValueStructure                 0x200008b0   Data          12  ultraconfig.o(.bss)
    fnm                                      0x20000b38   Data         608  fast_no_motion.o(.bss)
    s9axis                                   0x20000dd8   Data         312  fusion_9axis.o(.bss)
    mag_disturb                              0x20001140   Data         184  mag_disturb.o(.bss)
    __heap_base                              0x200011f8   Data           0  startup_stm32f10x_hd.o(HEAP)
    __heap_limit                             0x200013f8   Data           0  startup_stm32f10x_hd.o(HEAP)
    __initial_sp                             0x200017f8   Data           0  startup_stm32f10x_hd.o(STACK)



==============================================================================

Memory Map of the image

  Image Entry point : 0x08000131

  Load Region LR_IROM1 (Base: 0x08000000, Size: 0x00010aa0, Max: 0x00080000, ABSOLUTE, COMPRESSED[0x00010994])

    Execution Region ER_IROM1 (Exec base: 0x08000000, Load base: 0x08000000, Size: 0x000108b0, Max: 0x00080000, ABSOLUTE)

    Exec Addr    Load Addr    Size         Type   Attr      Idx    E Section Name        Object

    0x08000000   0x08000000   0x00000130   Data   RO            3    RESET               startup_stm32f10x_hd.o
    0x08000130   0x08000130   0x00000000   Code   RO         1357  * .ARM.Collect$$$$00000000  mc_w.l(entry.o)
    0x08000130   0x08000130   0x00000004   Code   RO         1765    .ARM.Collect$$$$00000001  mc_w.l(entry2.o)
    0x08000134   0x08000134   0x00000004   Code   RO         1768    .ARM.Collect$$$$00000004  mc_w.l(entry5.o)
    0x08000138   0x08000138   0x00000000   Code   RO         1770    .ARM.Collect$$$$00000008  mc_w.l(entry7b.o)
    0x08000138   0x08000138   0x00000000   Code   RO         1772    .ARM.Collect$$$$0000000A  mc_w.l(entry8b.o)
    0x08000138   0x08000138   0x00000008   Code   RO         1773    .ARM.Collect$$$$0000000B  mc_w.l(entry9a.o)
    0x08000140   0x08000140   0x00000000   Code   RO         1775    .ARM.Collect$$$$0000000D  mc_w.l(entry10a.o)
    0x08000140   0x08000140   0x00000000   Code   RO         1777    .ARM.Collect$$$$0000000F  mc_w.l(entry11a.o)
    0x08000140   0x08000140   0x00000004   Code   RO         1766    .ARM.Collect$$$$00002712  mc_w.l(entry2.o)
    0x08000144   0x08000144   0x00000024   Code   RO            4    .text               startup_stm32f10x_hd.o
    0x08000168   0x08000168   0x000001e0   Code   RO           24    .text               system_stm32f10x.o
    0x08000348   0x08000348   0x000000dc   Code   RO           73    .text               misc.o
    0x08000424   0x08000424   0x0000011c   Code   RO          209    .text               stm32f10x_exti.o
    0x08000540   0x08000540   0x0000035c   Code   RO          251    .text               stm32f10x_gpio.o
    0x0800089c   0x0800089c   0x000003a4   Code   RO          305    .text               stm32f10x_rcc.o
    0x08000c40   0x08000c40   0x00000e1a   Code   RO          364    .text               stm32f10x_tim.o
    0x08001a5a   0x08001a5a   0x00000002   PAD
    0x08001a5c   0x08001a5c   0x00000408   Code   RO          376    .text               stm32f10x_usart.o
    0x08001e64   0x08001e64   0x0000008c   Code   RO          403    .text               main.o
    0x08001ef0   0x08001ef0   0x000003ec   Code   RO          462    .text               stm32f10x_it.o
    0x080022dc   0x080022dc   0x000001c4   Code   RO          488    .text               bsp_usart1.o
    0x080024a0   0x080024a0   0x000000f8   Code   RO          505    .text               bsp_systick.o
    0x08002598   0x08002598   0x000000bc   Code   RO          524    .text               bsp_exti.o
    0x08002654   0x08002654   0x000005d4   Code   RO          536    .text               bsp_i2c.o
    0x08002c28   0x08002c28   0x000002fc   Code   RO          550    .text               mp3.o
    0x08002f24   0x08002f24   0x00001ef0   Code   RO          568    .text               inv_mpu.o
    0x08004e14   0x08004e14   0x00000d74   Code   RO          604    .text               inv_mpu_dmp_motion_driver.o
    0x08005b88   0x08005b88   0x00000300   Code   RO          628    .text               log_stm32.o
    0x08005e88   0x08005e88   0x000004d4   Code   RO          658    .text               empl_outputs.o
    0x0800635c   0x0800635c   0x00000c68   Code   RO          696    .text               data_builder.o
    0x08006fc4   0x08006fc4   0x000006a0   Code   RO          727    .text               hal_outputs.o
    0x08007664   0x08007664   0x0000002c   Code   RO          746    .text               message_layer.o
    0x08007690   0x08007690   0x00000f38   Code   RO          760    .text               ml_math_func.o
    0x080085c8   0x080085c8   0x000000fc   Code   RO          793    .text               mpl.o
    0x080086c4   0x080086c4   0x000003e4   Code   RO          814    .text               results_holder.o
    0x08008aa8   0x08008aa8   0x000000b8   Code   RO          828    .text               start_manager.o
    0x08008b60   0x08008b60   0x00000224   Code   RO          842    .text               storage_manager.o
    0x08008d84   0x08008d84   0x00000d6c   Code   RO          856    .text               mpu6050.o
    0x08009af0   0x08009af0   0x000000f0   Code   RO          923    .text               bsp_key.o
    0x08009be0   0x08009be0   0x0000078c   Code   RO          939    .text               key.o
    0x0800a36c   0x0800a36c   0x000004fc   Code   RO          954    .text               ultrasonicwave.o
    0x0800a868   0x0800a868   0x000001ac   Code   RO          983    .text               ultraconfig.o
    0x0800aa14   0x0800aa14   0x000005ac   Code   RO         1005    .text               kalman.o
    0x0800afc0   0x0800afc0   0x0000010c   Code   RO         1022    .text               filter.o
    0x0800b0cc   0x0800b0cc   0x000009f4   Code   RO         1042    .text               libmpllib.lib(fast_no_motion.o)
    0x0800bac0   0x0800bac0   0x0000065c   Code   RO         1133    .text               libmpllib.lib(fusion_9axis.o)
    0x0800c11c   0x0800c11c   0x000004bc   Code   RO         1158    .text               libmpllib.lib(gyro_tc.o)
    0x0800c5d8   0x0800c5d8   0x00000940   Code   RO         1179    .text               libmpllib.lib(quaternion_supervisor.o)
    0x0800cf18   0x0800cf18   0x00000550   Code   RO         1197    .text               libmpllib.lib(mag_disturb.o)
    0x0800d468   0x0800d468   0x00000062   Code   RO         1360    .text               mc_w.l(ldiv.o)
    0x0800d4ca   0x0800d4ca   0x0000001e   Code   RO         1362    .text               mc_w.l(llshl.o)
    0x0800d4e8   0x0800d4e8   0x00000024   Code   RO         1364    .text               mc_w.l(llsshr.o)
    0x0800d50c   0x0800d50c   0x00000040   Code   RO         1368    .text               mc_w.l(memmovea.o)
    0x0800d54c   0x0800d54c   0x00000024   Code   RO         1370    .text               mc_w.l(memseta.o)
    0x0800d570   0x0800d570   0x0000001a   Code   RO         1372    .text               mc_w.l(memcmp.o)
    0x0800d58a   0x0800d58a   0x000000b0   Code   RO         1667    .text               mf_w.l(fadd.o)
    0x0800d63a   0x0800d63a   0x00000064   Code   RO         1669    .text               mf_w.l(fmul.o)
    0x0800d69e   0x0800d69e   0x0000007c   Code   RO         1671    .text               mf_w.l(fdiv.o)
    0x0800d71a   0x0800d71a   0x00000018   Code   RO         1673    .text               mf_w.l(fscalb.o)
    0x0800d732   0x0800d732   0x0000014e   Code   RO         1675    .text               mf_w.l(dadd.o)
    0x0800d880   0x0800d880   0x000000e4   Code   RO         1677    .text               mf_w.l(dmul.o)
    0x0800d964   0x0800d964   0x000000de   Code   RO         1679    .text               mf_w.l(ddiv.o)
    0x0800da42   0x0800da42   0x0000002e   Code   RO         1681    .text               mf_w.l(dscalb.o)
    0x0800da70   0x0800da70   0x00000012   Code   RO         1683    .text               mf_w.l(fflti.o)
    0x0800da82   0x0800da82   0x0000000a   Code   RO         1685    .text               mf_w.l(ffltui.o)
    0x0800da8c   0x0800da8c   0x0000002c   Code   RO         1687    .text               mf_w.l(ffltl.o)
    0x0800dab8   0x0800dab8   0x00000022   Code   RO         1689    .text               mf_w.l(dflti.o)
    0x0800dada   0x0800dada   0x0000001a   Code   RO         1691    .text               mf_w.l(dfltui.o)
    0x0800daf4   0x0800daf4   0x00000032   Code   RO         1693    .text               mf_w.l(ffixi.o)
    0x0800db26   0x0800db26   0x00000028   Code   RO         1695    .text               mf_w.l(ffixui.o)
    0x0800db4e   0x0800db4e   0x00000042   Code   RO         1697    .text               mf_w.l(ffixl.o)
    0x0800db90   0x0800db90   0x0000003e   Code   RO         1699    .text               mf_w.l(dfixi.o)
    0x0800dbce   0x0800dbce   0x00000026   Code   RO         1701    .text               mf_w.l(f2d.o)
    0x0800dbf4   0x0800dbf4   0x00000030   Code   RO         1703    .text               mf_w.l(cdcmple.o)
    0x0800dc24   0x0800dc24   0x00000030   Code   RO         1705    .text               mf_w.l(cdrcmple.o)
    0x0800dc54   0x0800dc54   0x00000038   Code   RO         1707    .text               mf_w.l(d2f.o)
    0x0800dc8c   0x0800dc8c   0x00000014   Code   RO         1709    .text               mf_w.l(cfcmple.o)
    0x0800dca0   0x0800dca0   0x00000014   Code   RO         1711    .text               mf_w.l(cfrcmple.o)
    0x0800dcb4   0x0800dcb4   0x0000002c   Code   RO         1780    .text               mc_w.l(uidiv.o)
    0x0800dce0   0x0800dce0   0x00000062   Code   RO         1782    .text               mc_w.l(uldiv.o)
    0x0800dd42   0x0800dd42   0x00000020   Code   RO         1784    .text               mc_w.l(llushr.o)
    0x0800dd62   0x0800dd62   0x00000000   Code   RO         1795    .text               mc_w.l(iusefp.o)
    0x0800dd62   0x0800dd62   0x0000006e   Code   RO         1796    .text               mf_w.l(fepilogue.o)
    0x0800ddd0   0x0800ddd0   0x0000005e   Code   RO         1798    .text               mf_w.l(fsqrt.o)
    0x0800de2e   0x0800de2e   0x0000003c   Code   RO         1800    .text               mf_w.l(frnd.o)
    0x0800de6a   0x0800de6a   0x000000ba   Code   RO         1802    .text               mf_w.l(depilogue.o)
    0x0800df24   0x0800df24   0x000000a2   Code   RO         1804    .text               mf_w.l(dsqrt.o)
    0x0800dfc6   0x0800dfc6   0x00000030   Code   RO         1806    .text               mf_w.l(dfixul.o)
    0x0800dff6   0x0800dff6   0x00000002   PAD
    0x0800dff8   0x0800dff8   0x00000024   Code   RO         1808    .text               mc_w.l(init.o)
    0x0800e01c   0x0800e01c   0x00000056   Code   RO         1818    .text               mc_w.l(__dczerorl2.o)
    0x0800e072   0x0800e072   0x00000002   PAD
    0x0800e074   0x0800e074   0x00000020   Code   RO         1611    i.__0printf         mc_w.l(printfa.o)
    0x0800e094   0x0800e094   0x00000024   Code   RO         1617    i.__0vsprintf       mc_w.l(printfa.o)
    0x0800e0b8   0x0800e0b8   0x00000026   Code   RO         1732    i.__ARM_fpclassifyf  m_ws.l(fpclassifyf.o)
    0x0800e0de   0x0800e0de   0x000000aa   Code   RO         1748    i.__kernel_poly     m_ws.l(poly.o)
    0x0800e188   0x0800e188   0x00000006   Code   RO         1717    i.__mathlib_dbl_infnan  m_ws.l(dunder.o)
    0x0800e18e   0x0800e18e   0x0000000c   Code   RO         1719    i.__mathlib_dbl_invalid  m_ws.l(dunder.o)
    0x0800e19a   0x0800e19a   0x00000006   Code   RO         1735    i.__mathlib_flt_infnan  m_ws.l(funder.o)
    0x0800e1a0   0x0800e1a0   0x00000004   Code   RO         1736    i.__mathlib_flt_infnan2  m_ws.l(funder.o)
    0x0800e1a4   0x0800e1a4   0x00000008   Code   RO         1737    i.__mathlib_flt_invalid  m_ws.l(funder.o)
    0x0800e1ac   0x0800e1ac   0x0000000a   Code   RO         1740    i.__mathlib_flt_underflow  m_ws.l(funder.o)
    0x0800e1b6   0x0800e1b6   0x00000002   PAD
    0x0800e1b8   0x0800e1b8   0x00000168   Code   RO         1756    i.__mathlib_rredf2  m_ws.l(rredf.o)
    0x0800e320   0x0800e320   0x0000000e   Code   RO         1812    i.__scatterload_copy  mc_w.l(handlers.o)
    0x0800e32e   0x0800e32e   0x00000002   Code   RO         1813    i.__scatterload_null  mc_w.l(handlers.o)
    0x0800e330   0x0800e330   0x0000000e   Code   RO         1814    i.__scatterload_zeroinit  mc_w.l(handlers.o)
    0x0800e33e   0x0800e33e   0x00000002   PAD
    0x0800e340   0x0800e340   0x0000000c   Code   RO         1790    i.__set_errno       mc_w.l(errno.o)
    0x0800e34c   0x0800e34c   0x00000184   Code   RO         1618    i._fp_digits        mc_w.l(printfa.o)
    0x0800e4d0   0x0800e4d0   0x000006dc   Code   RO         1619    i._printf_core      mc_w.l(printfa.o)
    0x0800ebac   0x0800ebac   0x00000024   Code   RO         1620    i._printf_post_padding  mc_w.l(printfa.o)
    0x0800ebd0   0x0800ebd0   0x0000002e   Code   RO         1621    i._printf_pre_padding  mc_w.l(printfa.o)
    0x0800ebfe   0x0800ebfe   0x0000000a   Code   RO         1623    i._sputc            mc_w.l(printfa.o)
    0x0800ec08   0x0800ec08   0x0000027c   Code   RO         1220    i.acos              m_ws.l(acos.o)
    0x0800ee84   0x0800ee84   0x0000011c   Code   RO         1230    i.acosf             m_ws.l(acosf.o)
    0x0800efa0   0x0800efa0   0x00000124   Code   RO         1248    i.asinf             m_ws.l(asinf.o)
    0x0800f0c4   0x0800f0c4   0x0000025c   Code   RO         1274    i.atan2f            m_ws.l(atan2f.o)
    0x0800f320   0x0800f320   0x0000017c   Code   RO         1294    i.cosf              m_ws.l(cosf.o)
    0x0800f49c   0x0800f49c   0x0000006c   Code   RO         1640    i.malloc            mc_w.l(malloc.o)
    0x0800f508   0x0800f508   0x00000188   Code   RO         1334    i.sinf              m_ws.l(sinf.o)
    0x0800f690   0x0800f690   0x0000004c   Code   RO         1342    i.sqrt              m_ws.l(sqrt.o)
    0x0800f6dc   0x0800f6dc   0x0000002c   Code   RO         1350    i.sqrtf             m_ws.l(sqrtf.o)
    0x0800f708   0x0800f708   0x00000054   Data   RO          569    .constdata          inv_mpu.o
    0x0800f75c   0x0800f75c   0x00000bf6   Data   RO          606    .constdata          inv_mpu_dmp_motion_driver.o
    0x08010352   0x08010352   0x00000002   PAD
    0x08010354   0x08010354   0x00000400   Data   RO          761    .constdata          ml_math_func.o
    0x08010754   0x08010754   0x0000002f   Data   RO          794    .constdata          mpl.o
    0x08010783   0x08010783   0x00000005   PAD
    0x08010788   0x08010788   0x00000050   Data   RO         1221    .constdata          m_ws.l(acos.o)
    0x080107d8   0x080107d8   0x00000020   Data   RO         1757    .constdata          m_ws.l(rredf.o)
    0x080107f8   0x080107f8   0x00000044   Data   RO          698    .conststring        data_builder.o
    0x0801083c   0x0801083c   0x00000054   Data   RO          859    .conststring        mpu6050.o
    0x08010890   0x08010890   0x00000020   Data   RO         1810    Region$$Table       anon$$obj.o


    Execution Region RW_IRAM1 (Exec base: 0x20000000, Load base: 0x080108b0, Size: 0x000017f8, Max: 0x00010000, ABSOLUTE, COMPRESSED[0x000000e4])

    Exec Addr    Load Addr    Size         Type   Attr      Idx    E Section Name        Object

    0x20000000   COMPRESSED   0x00000014   Data   RW           25    .data               system_stm32f10x.o
    0x20000014   COMPRESSED   0x00000014   Data   RW          306    .data               stm32f10x_rcc.o
    0x20000028   COMPRESSED   0x00000018   Data   RW          464    .data               stm32f10x_it.o
    0x20000040   COMPRESSED   0x00000008   Data   RW          506    .data               bsp_systick.o
    0x20000048   COMPRESSED   0x00000006   Data   RW          537    .data               bsp_i2c.o
    0x2000004e   COMPRESSED   0x00000002   PAD
    0x20000050   COMPRESSED   0x000000f2   Data   RW          551    .data               mp3.o
    0x20000142   COMPRESSED   0x00000002   PAD
    0x20000144   COMPRESSED   0x0000002c   Data   RW          570    .data               inv_mpu.o
    0x20000170   COMPRESSED   0x00000014   Data   RW          729    .data               hal_outputs.o
    0x20000184   COMPRESSED   0x00000004   Data   RW          747    .data               message_layer.o
    0x20000188   COMPRESSED   0x00000028   Data   RW          860    .data               mpu6050.o
    0x200001b0   COMPRESSED   0x0000002d   Data   RW          955    .data               ultrasonicwave.o
    0x200001dd   COMPRESSED   0x00000003   PAD
    0x200001e0   COMPRESSED   0x00000004   Data   RW         1779    .data               mc_w.l(stdout.o)
    0x200001e4   COMPRESSED   0x00000004   Data   RW         1786    .data               mc_w.l(mvars.o)
    0x200001e8   COMPRESSED   0x00000004   Data   RW         1787    .data               mc_w.l(mvars.o)
    0x200001ec   COMPRESSED   0x00000004   Data   RW         1791    .data               mc_w.l(errno.o)
    0x200001f0        -       0x0000003c   Zero   RW          463    .bss                stm32f10x_it.o
    0x2000022c        -       0x00000010   Zero   RW          605    .bss                inv_mpu_dmp_motion_driver.o
    0x2000023c        -       0x00000028   Zero   RW          659    .bss                empl_outputs.o
    0x20000264        -       0x000002d8   Zero   RW          697    .bss                data_builder.o
    0x2000053c        -       0x000000c4   Zero   RW          728    .bss                hal_outputs.o
    0x20000600        -       0x00000088   Zero   RW          815    .bss                results_holder.o
    0x20000688        -       0x00000054   Zero   RW          829    .bss                start_manager.o
    0x200006dc        -       0x00000198   Zero   RW          843    .bss                storage_manager.o
    0x20000874        -       0x00000024   Zero   RW          857    .bss                mpu6050.o
    0x20000898        -       0x00000018   Zero   RW          940    .bss                key.o
    0x200008b0        -       0x0000000c   Zero   RW          984    .bss                ultraconfig.o
    0x200008bc   COMPRESSED   0x00000004   PAD
    0x200008c0        -       0x00000268   Zero   RW         1006    .bss                kalman.o
    0x20000b28        -       0x00000010   Zero   RW         1023    .bss                filter.o
    0x20000b38        -       0x000002a0   Zero   RW         1043    .bss                libmpllib.lib(fast_no_motion.o)
    0x20000dd8        -       0x00000138   Zero   RW         1134    .bss                libmpllib.lib(fusion_9axis.o)
    0x20000f10        -       0x000001c4   Zero   RW         1159    .bss                libmpllib.lib(gyro_tc.o)
    0x200010d4        -       0x0000006c   Zero   RW         1180    .bss                libmpllib.lib(quaternion_supervisor.o)
    0x20001140        -       0x000000b8   Zero   RW         1198    .bss                libmpllib.lib(mag_disturb.o)
    0x200011f8        -       0x00000200   Zero   RW            2    HEAP                startup_stm32f10x_hd.o
    0x200013f8        -       0x00000400   Zero   RW            1    STACK               startup_stm32f10x_hd.o


==============================================================================

Image component sizes


      Code (inc. data)   RO Data    RW Data    ZI Data      Debug   Object Name

       188          4          0          0          0       1053   bsp_exti.o
      1492         18          0          6          0       8050   bsp_i2c.o
       240         10          0          0          0       1092   bsp_key.o
       248         22          0          8          0      17360   bsp_systick.o
       452         42          0          0          0       1633   bsp_usart1.o
         0          0          0          0          0       4508   core_cm3.o
      3176         72         68          0        728      18684   data_builder.o
      1236         44          0          0         40      12637   empl_outputs.o
       268         20          0          0         16       1633   filter.o
      1696         30          0         20        196       6867   hal_outputs.o
      7920        108         84         44          0      24623   inv_mpu.o
      3444        128       3062          0         16      15459   inv_mpu_dmp_motion_driver.o
      1452         32          0          0        616       1919   kalman.o
      1932        982          0          0         24       2956   key.o
       768         22          0          0          0       2051   log_stm32.o
       140         24          0          0          0       2629   main.o
        44          4          0          4          0       1418   message_layer.o
       220         22          0          0          0       1793   misc.o
      3896         54       1024          0          0      15977   ml_math_func.o
       764        132          0        242          0       5106   mp3.o
       252         70         47          0          0       2134   mpl.o
      3436        728         84         40         36       8759   mpu6050.o
       996         10          0          0        136       9433   results_holder.o
       184          6          0          0         84       2226   start_manager.o
        36          8        304          0       1536        852   startup_stm32f10x_hd.o
       284         10          0          0          0       2251   stm32f10x_exti.o
       860         38          0          0          0       5721   stm32f10x_gpio.o
      1004        142          0         24         60       4178   stm32f10x_it.o
       932         36          0         20          0       8892   stm32f10x_rcc.o
      3610         88          0          0          0      22836   stm32f10x_tim.o
      1032         22          0          0          0       8452   stm32f10x_usart.o
       548          6          0          0        408       3574   storage_manager.o
       480         38          0         20          0     252351   system_stm32f10x.o
       428         10          0          0         12       3410   ultraconfig.o
      1276        110          0         45          0       5261   ultrasonicwave.o

    ----------------------------------------------------------------------
     44936       3092       4712        480       3912     487778   Object Totals
         0          0         32          0          0          0   (incl. Generated)
         2          0          7          7          4          0   (incl. Padding)

    ----------------------------------------------------------------------

      Code (inc. data)   RO Data    RW Data    ZI Data      Debug   Library Member Name

      2548         42          0          0        672      19752   fast_no_motion.o
      1628         54          0          0        312       5308   fusion_9axis.o
      1212         30          0          0        452       5515   gyro_tc.o
      1360         46          0          0        184       7270   mag_disturb.o
      2368        102          0          0        108       5409   quaternion_supervisor.o
       636         62         80          0          0        188   acos.o
       284         42          0          0          0        120   acosf.o
       292         38          0          0          0        120   asinf.o
       604         76          0          0          0        116   atan2f.o
       380         52          0          0          0        124   cosf.o
        18          0          0          0          0        136   dunder.o
        38          0          0          0          0         68   fpclassifyf.o
        28          0          0          0          0        272   funder.o
       170          0          0          0          0         96   poly.o
       360         16         32          0          0         88   rredf.o
       392         54          0          0          0        124   sinf.o
        76          0          0          0          0         84   sqrt.o
        44          0          0          0          0         80   sqrtf.o
        86          0          0          0          0          0   __dczerorl2.o
         0          0          0          0          0          0   entry.o
         0          0          0          0          0          0   entry10a.o
         0          0          0          0          0          0   entry11a.o
         8          4          0          0          0          0   entry2.o
         4          0          0          0          0          0   entry5.o
         0          0          0          0          0          0   entry7b.o
         0          0          0          0          0          0   entry8b.o
         8          4          0          0          0          0   entry9a.o
        12          6          0          4          0         68   errno.o
        30          0          0          0          0          0   handlers.o
        36          8          0          0          0         68   init.o
         0          0          0          0          0          0   iusefp.o
        98          0          0          0          0         84   ldiv.o
        30          0          0          0          0         68   llshl.o
        36          0          0          0          0         68   llsshr.o
        32          0          0          0          0         68   llushr.o
       108         16          0          0          0         84   malloc.o
        26          0          0          0          0         80   memcmp.o
        64          0          0          0          0         76   memmovea.o
        36          0          0          0          0        108   memseta.o
         0          0          0          8          0          0   mvars.o
      2304         96          0          0          0        600   printfa.o
         0          0          0          4          0          0   stdout.o
        44          0          0          0          0         80   uidiv.o
        98          0          0          0          0         92   uldiv.o
        48          0          0          0          0         68   cdcmple.o
        48          0          0          0          0         68   cdrcmple.o
        20          0          0          0          0         68   cfcmple.o
        20          0          0          0          0         68   cfrcmple.o
        56          0          0          0          0         88   d2f.o
       334          0          0          0          0        148   dadd.o
       222          0          0          0          0        100   ddiv.o
       186          0          0          0          0        176   depilogue.o
        62          0          0          0          0         80   dfixi.o
        48          0          0          0          0         68   dfixul.o
        34          0          0          0          0         76   dflti.o
        26          0          0          0          0         76   dfltui.o
       228          0          0          0          0         96   dmul.o
        46          0          0          0          0         80   dscalb.o
       162          0          0          0          0        100   dsqrt.o
        38          0          0          0          0         68   f2d.o
       176          0          0          0          0        140   fadd.o
       124          0          0          0          0         88   fdiv.o
       110          0          0          0          0        168   fepilogue.o
        50          0          0          0          0         68   ffixi.o
        66          0          0          0          0         76   ffixl.o
        40          0          0          0          0         68   ffixui.o
        18          0          0          0          0         68   fflti.o
        44          0          0          0          0         92   ffltl.o
        10          0          0          0          0         68   ffltui.o
       100          0          0          0          0         76   fmul.o
        60          0          0          0          0         76   frnd.o
        24          0          0          0          0         68   fscalb.o
        94          0          0          0          0         96   fsqrt.o

    ----------------------------------------------------------------------
     18000        748        112         16       1728      48994   Library Totals
         8          0          0          0          0          0   (incl. Padding)

    ----------------------------------------------------------------------

      Code (inc. data)   RO Data    RW Data    ZI Data      Debug   Library Name

      9116        274          0          0       1728      43254   libmpllib.lib
      3322        340        112          0          0       1616   m_ws.l
      3060        134          0         16          0       1544   mc_w.l
      2494          0          0          0          0       2580   mf_w.l

    ----------------------------------------------------------------------
     18000        748        112         16       1728      48994   Library Totals

    ----------------------------------------------------------------------

==============================================================================


      Code (inc. data)   RO Data    RW Data    ZI Data      Debug   

     62936       3840       4824        496       5640     529724   Grand Totals
     62936       3840       4824        228       5640     529724   ELF Image Totals (compressed)
     62936       3840       4824        228          0          0   ROM Totals

==============================================================================

    Total RO  Size (Code + RO Data)                67760 (  66.17kB)
    Total RW  Size (RW Data + ZI Data)              6136 (   5.99kB)
    Total ROM Size (Code + RO Data + RW Data)      67988 (  66.39kB)

==============================================================================

