Product: MDK-ARM Standard 5.10
Component: ARM Compiler 5.04 update 1 (build 49)
Tool: armlink [5040049]

==============================================================================

Section Cross References

    startup_stm32f10x_hd.o(RESET) refers to startup_stm32f10x_hd.o(STACK) for __initial_sp
    startup_stm32f10x_hd.o(RESET) refers to startup_stm32f10x_hd.o(.text) for Reset_Handler
    startup_stm32f10x_hd.o(RESET) refers to stm32f10x_it.o(.text) for NMI_Handler
    startup_stm32f10x_hd.o(RESET) refers to bsp_key.o(.text) for EXTI0_IRQHandler
    startup_stm32f10x_hd.o(.text) refers to system_stm32f10x.o(.text) for SystemInit
    startup_stm32f10x_hd.o(.text) refers to entry.o(.ARM.Collect$$$$00000000) for __main
    system_stm32f10x.o(.text) refers to system_stm32f10x.o(.data) for SystemCoreClock
    stm32f10x_adc.o(.text) refers to stm32f10x_rcc.o(.text) for RCC_APB2PeriphResetCmd
    stm32f10x_bkp.o(.text) refers to stm32f10x_rcc.o(.text) for RCC_BackupResetCmd
    stm32f10x_can.o(.text) refers to stm32f10x_rcc.o(.text) for RCC_APB1PeriphResetCmd
    stm32f10x_cec.o(.text) refers to stm32f10x_rcc.o(.text) for RCC_APB1PeriphResetCmd
    stm32f10x_dac.o(.text) refers to stm32f10x_rcc.o(.text) for RCC_APB1PeriphResetCmd
    stm32f10x_gpio.o(.text) refers to stm32f10x_rcc.o(.text) for RCC_APB2PeriphResetCmd
    stm32f10x_i2c.o(.text) refers to stm32f10x_rcc.o(.text) for RCC_APB1PeriphResetCmd
    stm32f10x_pwr.o(.text) refers to stm32f10x_rcc.o(.text) for RCC_APB1PeriphResetCmd
    stm32f10x_rcc.o(.text) refers to stm32f10x_rcc.o(.data) for APBAHBPrescTable
    stm32f10x_spi.o(.text) refers to stm32f10x_rcc.o(.text) for RCC_APB2PeriphResetCmd
    stm32f10x_tim.o(.text) refers to stm32f10x_rcc.o(.text) for RCC_APB2PeriphResetCmd
    stm32f10x_usart.o(.text) refers to stm32f10x_rcc.o(.text) for RCC_APB2PeriphResetCmd
    stm32f10x_wwdg.o(.text) refers to stm32f10x_rcc.o(.text) for RCC_APB1PeriphResetCmd
    main.o(.text) refers to bsp_systick.o(.text) for SysTick_Init
    main.o(.text) refers to bsp_exti.o(.text) for EXTI_Pxy_Config
    main.o(.text) refers to bsp_i2c.o(.text) for I2C_Bus_Init
    main.o(.text) refers to mpu6050.o(.text) for MPU6050Config
    main.o(.text) refers to bsp_key.o(.text) for EXTI_Key_Config
    main.o(.text) refers to bsp_usart1.o(.text) for USART_Config
    main.o(.text) refers to ultraconfig.o(.text) for UltrasonicWave_Init
    main.o(.text) refers to mp3.o(.text) for TIM6_Config
    main.o(.text) refers to printfa.o(i.__0printf) for __2printf
    stm32f10x_it.o(.text) refers to bsp_systick.o(.text) for TimingDelay_Decrement
    stm32f10x_it.o(.text) refers to stm32f10x_exti.o(.text) for EXTI_GetITStatus
    stm32f10x_it.o(.text) refers to mpu6050.o(.text) for gyro_data_ready_cb
    stm32f10x_it.o(.text) refers to stm32f10x_usart.o(.text) for USART_GetITStatus
    stm32f10x_it.o(.text) refers to memseta.o(.text) for __aeabi_memclr4
    stm32f10x_it.o(.text) refers to mp3.o(.text) for PlayDirection
    stm32f10x_it.o(.text) refers to stm32f10x_tim.o(.text) for TIM_GetITStatus
    stm32f10x_it.o(.text) refers to ultrasonicwave.o(.text) for UltrasonicWave
    stm32f10x_it.o(.text) refers to bsp_usart1.o(.text) for GetWalkingStickRequire
    stm32f10x_it.o(.text) refers to stm32f10x_it.o(.data) for Task_Delay
    stm32f10x_it.o(.text) refers to ultrasonicwave.o(.data) for UltrasonicWave_Distance_Walk
    stm32f10x_it.o(.text) refers to stm32f10x_it.o(.bss) for ReceiveFromWalk
    stm32f10x_it.o(.text) refers to mp3.o(.data) for flag_volume
    stm32f10x_it.o(.text) refers to ultraconfig.o(.bss) for TIM_ICUserValueStructure
    bsp_usart1.o(.text) refers to stm32f10x_rcc.o(.text) for RCC_APB2PeriphClockCmd
    bsp_usart1.o(.text) refers to stm32f10x_gpio.o(.text) for GPIO_Init
    bsp_usart1.o(.text) refers to stm32f10x_usart.o(.text) for USART_Init
    bsp_usart1.o(.text) refers to misc.o(.text) for NVIC_PriorityGroupConfig
    bsp_usart1.o(.text) refers to mp3.o(.data) for Shake
    bsp_systick.o(.text) refers to system_stm32f10x.o(.data) for SystemCoreClock
    bsp_systick.o(.text) refers to bsp_systick.o(.data) for TimingDelay
    bsp_exti.o(.text) refers to misc.o(.text) for NVIC_Init
    bsp_exti.o(.text) refers to stm32f10x_rcc.o(.text) for RCC_APB2PeriphClockCmd
    bsp_exti.o(.text) refers to stm32f10x_gpio.o(.text) for GPIO_Init
    bsp_exti.o(.text) refers to stm32f10x_exti.o(.text) for EXTI_Init
    bsp_i2c.o(.text) refers to stm32f10x_rcc.o(.text) for RCC_APB2PeriphClockCmd
    bsp_i2c.o(.text) refers to stm32f10x_gpio.o(.text) for GPIO_Init
    bsp_i2c.o(.text) refers to bsp_systick.o(.text) for mdelay
    bsp_i2c.o(.text) refers to bsp_i2c.o(.data) for RETRY_IN_MLSEC
    mp3.o(.text) refers to stm32f10x_usart.o(.text) for USART_ClearFlag
    mp3.o(.text) refers to printfa.o(i.__0printf) for __2printf
    mp3.o(.text) refers to misc.o(.text) for NVIC_PriorityGroupConfig
    mp3.o(.text) refers to stm32f10x_rcc.o(.text) for RCC_APB1PeriphClockCmd
[...]
    RCC_ClearITPendingBit                    0x08000c17   Thumb Code     6  stm32f10x_rcc.o(.text)
    TIM_DeInit                               0x08000c41   Thumb Code   424  stm32f10x_tim.o(.text)
    TIM_TimeBaseInit                         0x08000de9   Thumb Code   122  stm32f10x_tim.o(.text)
    TIM_OC1Init                              0x08000e63   Thumb Code   132  stm32f10x_tim.o(.text)
    TIM_OC2Init                              0x08000ee7   Thumb Code   154  stm32f10x_tim.o(.text)
    TIM_OC3Init                              0x08000f81   Thumb Code   150  stm32f10x_tim.o(.text)
    TIM_OC4Init                              0x08001017   Thumb Code   182  stm32f10x_tim.o(.text)
    TIM_SetIC4Prescaler                      0x080010cd   Thumb Code    26  stm32f10x_tim.o(.text)
    TIM_SetIC3Prescaler                      0x08001169   Thumb Code    18  stm32f10x_tim.o(.text)
    TIM_SetIC2Prescaler                      0x080011f5   Thumb Code    26  stm32f10x_tim.o(.text)
    TIM_SetIC1Prescaler                      0x08001291   Thumb Code    18  stm32f10x_tim.o(.text)
    TIM_ICInit                               0x0800130f   Thumb Code   150  stm32f10x_tim.o(.text)
    TIM_PWMIConfig                           0x080013a5   Thumb Code   124  stm32f10x_tim.o(.text)
    TIM_BDTRConfig                           0x08001421   Thumb Code    32  stm32f10x_tim.o(.text)
    TIM_TimeBaseStructInit                   0x08001441   Thumb Code    18  stm32f10x_tim.o(.text)
    TIM_OCStructInit                         0x08001453   Thumb Code    20  stm32f10x_tim.o(.text)
    TIM_ICStructInit                         0x08001467   Thumb Code    18  stm32f10x_tim.o(.text)
    TIM_BDTRStructInit                       0x08001479   Thumb Code    40  stm32f10x_tim.o(.text)
    TIM_Cmd                                  0x080014a1   Thumb Code    24  stm32f10x_tim.o(.text)
    TIM_CtrlPWMOutputs                       0x080014b9   Thumb Code    30  stm32f10x_tim.o(.text)
    TIM_ITConfig                             0x080014d7   Thumb Code    18  stm32f10x_tim.o(.text)
    TIM_GenerateEvent                        0x080014e9   Thumb Code     4  stm32f10x_tim.o(.text)
    TIM_DMAConfig                            0x080014ed   Thumb Code    10  stm32f10x_tim.o(.text)
    TIM_DMACmd                               0x080014f7   Thumb Code    18  stm32f10x_tim.o(.text)
    TIM_InternalClockConfig                  0x08001509   Thumb Code    12  stm32f10x_tim.o(.text)
    TIM_SelectInputTrigger                   0x08001515   Thumb Code    18  stm32f10x_tim.o(.text)
    TIM_ITRxExternalClockConfig              0x08001527   Thumb Code    24  stm32f10x_tim.o(.text)
    TIM_TIxExternalClockConfig               0x0800153f   Thumb Code    62  stm32f10x_tim.o(.text)
    TIM_ETRConfig                            0x0800157d   Thumb Code    28  stm32f10x_tim.o(.text)
    TIM_ETRClockMode1Config                  0x08001599   Thumb Code    54  stm32f10x_tim.o(.text)
    TIM_ETRClockMode2Config                  0x080015cf   Thumb Code    32  stm32f10x_tim.o(.text)
    TIM_PrescalerConfig                      0x080015ef   Thumb Code     6  stm32f10x_tim.o(.text)
    TIM_CounterModeConfig                    0x080015f5   Thumb Code    18  stm32f10x_tim.o(.text)
    TIM_EncoderInterfaceConfig               0x08001607   Thumb Code    66  stm32f10x_tim.o(.text)
    TIM_ForcedOC1Config                      0x08001649   Thumb Code    18  stm32f10x_tim.o(.text)
    TIM_ForcedOC2Config                      0x0800165b   Thumb Code    26  stm32f10x_tim.o(.text)
    TIM_ForcedOC3Config                      0x08001675   Thumb Code    18  stm32f10x_tim.o(.text)
    TIM_ForcedOC4Config                      0x08001687   Thumb Code    26  stm32f10x_tim.o(.text)
    TIM_ARRPreloadConfig                     0x080016a1   Thumb Code    24  stm32f10x_tim.o(.text)
    TIM_SelectCOM                            0x080016b9   Thumb Code    24  stm32f10x_tim.o(.text)
    TIM_SelectCCDMA                          0x080016d1   Thumb Code    24  stm32f10x_tim.o(.text)
    TIM_CCPreloadControl                     0x080016e9   Thumb Code    24  stm32f10x_tim.o(.text)
    TIM_OC1PreloadConfig                     0x08001701   Thumb Code    18  stm32f10x_tim.o(.text)
    TIM_OC2PreloadConfig                     0x08001713   Thumb Code    26  stm32f10x_tim.o(.text)
    TIM_OC3PreloadConfig                     0x0800172d   Thumb Code    18  stm32f10x_tim.o(.text)
    TIM_OC4PreloadConfig                     0x0800173f   Thumb Code    26  stm32f10x_tim.o(.text)
    TIM_OC1FastConfig                        0x08001759   Thumb Code    18  stm32f10x_tim.o(.text)
    TIM_OC2FastConfig                        0x0800176b   Thumb Code    26  stm32f10x_tim.o(.text)
    TIM_OC3FastConfig                        0x08001785   Thumb Code    18  stm32f10x_tim.o(.text)
    TIM_OC4FastConfig                        0x08001797   Thumb Code    26  stm32f10x_tim.o(.text)
    TIM_ClearOC1Ref                          0x080017b1   Thumb Code    18  stm32f10x_tim.o(.text)
    TIM_ClearOC2Ref                          0x080017c3   Thumb Code    24  stm32f10x_tim.o(.text)
    TIM_ClearOC3Ref                          0x080017db   Thumb Code    18  stm32f10x_tim.o(.text)
    TIM_ClearOC4Ref                          0x080017ed   Thumb Code    24  stm32f10x_tim.o(.text)
    TIM_OC1PolarityConfig                    0x08001805   Thumb Code    18  stm32f10x_tim.o(.text)
    TIM_OC1NPolarityConfig                   0x08001817   Thumb Code    18  stm32f10x_tim.o(.text)
    TIM_OC2PolarityConfig                    0x08001829   Thumb Code    26  stm32f10x_tim.o(.text)
    TIM_OC2NPolarityConfig                   0x08001843   Thumb Code    26  stm32f10x_tim.o(.text)
    TIM_OC3PolarityConfig                    0x0800185d   Thumb Code    26  stm32f10x_tim.o(.text)
    TIM_OC3NPolarityConfig                   0x08001877   Thumb Code    26  stm32f10x_tim.o(.text)
    TIM_OC4PolarityConfig                    0x08001891   Thumb Code    26  stm32f10x_tim.o(.text)
    TIM_CCxCmd                               0x080018ab   Thumb Code    30  stm32f10x_tim.o(.text)
    TIM_CCxNCmd                              0x080018c9   Thumb Code    30  stm32f10x_tim.o(.text)
    TIM_SelectOCxM                           0x080018e7   Thumb Code    82  stm32f10x_tim.o(.text)
    TIM_UpdateDisableConfig                  0x08001939   Thumb Code    24  stm32f10x_tim.o(.text)
    TIM_UpdateRequestConfig                  0x08001951   Thumb Code    24  stm32f10x_tim.o(.text)
    TIM_SelectHallSensor                     0x08001969   Thumb Code    24  stm32f10x_tim.o(.text)
    TIM_SelectOnePulseMode                   0x08001981   Thumb Code    18  stm32f10x_tim.o(.text)
    TIM_SelectOutputTrigger                  0x08001993   Thumb Code    18  stm32f10x_tim.o(.text)
    TIM_SelectSlaveMode                      0x080019a5   Thumb Code    18  stm32f10x_tim.o(.text)
    TIM_SelectMasterSlaveMode                0x080019b7   Thumb Code    18  stm32f10x_tim.o(.text)
    TIM_SetCounter                           0x080019c9   Thumb Code     4  stm32f10x_tim.o(.text)
    TIM_SetAutoreload                        0x080019cd   Thumb Code     4  stm32f10x_tim.o(.text)
    TIM_SetCompare1                          0x080019d1   Thumb Code     4  stm32f10x_tim.o(.text)
    TIM_SetCompare2                          0x080019d5   Thumb Code     4  stm32f10x_tim.o(.text)
    TIM_SetCompare3                          0x080019d9   Thumb Code     4  stm32f10x_tim.o(.text)
    TIM_SetCompare4                          0x080019dd   Thumb Code     6  stm32f10x_tim.o(.text)
    TIM_SetClockDivision                     0x080019e3   Thumb Code    18  stm32f10x_tim.o(.text)
    TIM_GetCapture1                          0x080019f5   Thumb Code     6  stm32f10x_tim.o(.text)
    TIM_GetCapture2                          0x080019fb   Thumb Code     6  stm32f10x_tim.o(.text)
    TIM_GetCapture3                          0x08001a01   Thumb Code     6  stm32f10x_tim.o(.text)
    TIM_GetCapture4                          0x08001a07   Thumb Code     8  stm32f10x_tim.o(.text)
    TIM_GetCounter                           0x08001a0f   Thumb Code     6  stm32f10x_tim.o(.text)
    TIM_GetPrescaler                         0x08001a15   Thumb Code     6  stm32f10x_tim.o(.text)
    TIM_GetFlagStatus                        0x08001a1b   Thumb Code    18  stm32f10x_tim.o(.text)
    TIM_ClearFlag                            0x08001a2d   Thumb Code     6  stm32f10x_tim.o(.text)
    TIM_GetITStatus                          0x08001a33   Thumb Code    34  stm32f10x_tim.o(.text)
    TIM_ClearITPendingBit                    0x08001a55   Thumb Code     6  stm32f10x_tim.o(.text)
    USART_DeInit                             0x08001a5d   Thumb Code   134  stm32f10x_usart.o(.text)
    USART_Init                               0x08001ae3   Thumb Code   210  stm32f10x_usart.o(.text)
    USART_StructInit                         0x08001bb5   Thumb Code    24  stm32f10x_usart.o(.text)
    USART_ClockInit                          0x08001bcd   Thumb Code    34  stm32f10x_usart.o(.text)
    USART_ClockStructInit                    0x08001bef   Thumb Code    12  stm32f10x_usart.o(.text)
    USART_Cmd                                0x08001bfb   Thumb Code    24  stm32f10x_usart.o(.text)
    USART_ITConfig                           0x08001c13   Thumb Code    74  stm32f10x_usart.o(.text)
    USART_DMACmd                             0x08001c5d   Thumb Code    18  stm32f10x_usart.o(.text)
    USART_SetAddress                         0x08001c6f   Thumb Code    18  stm32f10x_usart.o(.text)
    USART_WakeUpConfig                       0x08001c81   Thumb Code    18  stm32f10x_usart.o(.text)
    USART_ReceiverWakeUpCmd                  0x08001c93   Thumb Code    24  stm32f10x_usart.o(.text)
    USART_LINBreakDetectLengthConfig         0x08001cab   Thumb Code    18  stm32f10x_usart.o(.text)
    USART_LINCmd                             0x08001cbd   Thumb Code    24  stm32f10x_usart.o(.text)
    USART_SendData                           0x08001cd5   Thumb Code     8  stm32f10x_usart.o(.text)
    USART_ReceiveData                        0x08001cdd   Thumb Code    10  stm32f10x_usart.o(.text)
    USART_SendBreak                          0x08001ce7   Thumb Code    10  stm32f10x_usart.o(.text)
    USART_SetGuardTime                       0x08001cf1   Thumb Code    16  stm32f10x_usart.o(.text)
    USART_SetPrescaler                       0x08001d01   Thumb Code    16  stm32f10x_usart.o(.text)
    USART_SmartCardCmd                       0x08001d11   Thumb Code    24  stm32f10x_usart.o(.text)
    USART_SmartCardNACKCmd                   0x08001d29   Thumb Code    24  stm32f10x_usart.o(.text)
    USART_HalfDuplexCmd                      0x08001d41   Thumb Code    24  stm32f10x_usart.o(.text)
    USART_OverSampling8Cmd                   0x08001d59   Thumb Code    22  stm32f10x_usart.o(.text)
    USART_OneBitMethodCmd                    0x08001d6f   Thumb Code    24  stm32f10x_usart.o(.text)
    USART_IrDAConfig                         0x08001d87   Thumb Code    18  stm32f10x_usart.o(.text)
    USART_IrDACmd                            0x08001d99   Thumb Code    24  stm32f10x_usart.o(.text)
    USART_GetFlagStatus                      0x08001db1   Thumb Code    26  stm32f10x_usart.o(.text)
    USART_ClearFlag                          0x08001dcb   Thumb Code    18  stm32f10x_usart.o(.text)
    USART_GetITStatus                        0x08001ddd   Thumb Code    84  stm32f10x_usart.o(.text)
    USART_ClearITPendingBit                  0x08001e31   Thumb Code    52  stm32f10x_usart.o(.text)
    main                                     0x08001e91   Thumb Code    38  main.o(.text)
    NMI_Handler                              0x08001ed1   Thumb Code     2  stm32f10x_it.o(.text)
    HardFault_Handler                        0x08001ed3   Thumb Code     4  stm32f10x_it.o(.text)
    MemManage_Handler                        0x08001ed7   Thumb Code     4  stm32f10x_it.o(.text)
    BusFault_Handler                         0x08001edb   Thumb Code     4  stm32f10x_it.o(.text)
    UsageFault_Handler                       0x08001edf   Thumb Code     4  stm32f10x_it.o(.text)
    SVC_Handler                              0x08001ee3   Thumb Code     2  stm32f10x_it.o(.text)
    DebugMon_Handler                         0x08001ee5   Thumb Code     2  stm32f10x_it.o(.text)
    PendSV_Handler                           0x08001ee7   Thumb Code     2  stm32f10x_it.o(.text)
    SysTick_Handler                          0x08001ee9   Thumb Code    46  stm32f10x_it.o(.text)
    EXTI15_10_IRQHandler                     0x08001f17   Thumb Code    26  stm32f10x_it.o(.text)
    USART1_IRQHandler                        0x08001f31   Thumb Code   184  stm32f10x_it.o(.text)
    USART3_IRQHandler                        0x08001fe9   Thumb Code    44  stm32f10x_it.o(.text)
    TIM2_IRQHandler                          0x08002015   Thumb Code   116  stm32f10x_it.o(.text)
    TIM3_IRQHandler                          0x08002089   Thumb Code   250  stm32f10x_it.o(.text)
    TIM6_IRQHandler                          0x08002183   Thumb Code    50  stm32f10x_it.o(.text)
    USART_Config                             0x080021f1   Thumb Code   246  bsp_usart1.o(.text)
    NVIC_Configuration                       0x080022e7   Thumb Code    58  bsp_usart1.o(.text)
    fputc                                    0x08002321   Thumb Code    32  bsp_usart1.o(.text)
    fgetc                                    0x08002341   Thumb Code    26  bsp_usart1.o(.text)
    GetWalkingStickRequire                   0x0800235b   Thumb Code    12  bsp_usart1.o(.text)
    AdjustVibrationFrequencyGlasses          0x08002367   Thumb Code    30  bsp_usart1.o(.text)
    SysTick_Init                             0x0800239d   Thumb Code    92  bsp_systick.o(.text)
    Delay_us                                 0x080023f9   Thumb Code    36  bsp_systick.o(.text)
    Delay_ms                                 0x0800241d   Thumb Code    24  bsp_systick.o(.text)
    mdelay                                   0x08002435   Thumb Code    32  bsp_systick.o(.text)
    get_tick_count                           0x08002455   Thumb Code    12  bsp_systick.o(.text)
    TimingDelay_Decrement                    0x08002461   Thumb Code    18  bsp_systick.o(.text)
    TimeStamp_Increment                      0x08002473   Thumb Code    12  bsp_systick.o(.text)
    EXTI_Pxy_Config                          0x080024b5   Thumb Code    76  bsp_exti.o(.text)
    EnableInvInterrupt                       0x08002501   Thumb Code    34  bsp_exti.o(.text)
    DisableInvInterrupt                      0x08002523   Thumb Code    42  bsp_exti.o(.text)
    Set_I2C_Retry                            0x08002597   Thumb Code     6  bsp_i2c.o(.text)
    I2C_Bus_Init                             0x0800259d   Thumb Code    18  bsp_i2c.o(.text)
    Soft_I2C_Wait_Ack                        0x080025dd   Thumb Code    74  bsp_i2c.o(.text)
    Get_I2C_Retry                            0x08002737   Thumb Code     6  bsp_i2c.o(.text)
    Sensors_I2C_WriteRegister                0x0800273d   Thumb Code    76  bsp_i2c.o(.text)
    Sensors_I2C_ReadRegister                 0x08002903   Thumb Code    76  bsp_i2c.o(.text)
    i2c_Start                                0x08002969   Thumb Code    42  bsp_i2c.o(.text)
    i2c_Stop                                 0x08002993   Thumb Code    28  bsp_i2c.o(.text)
    i2c_SendByte                             0x080029af   Thumb Code    80  bsp_i2c.o(.text)
    i2c_Ack                                  0x080029ff   Thumb Code    44  bsp_i2c.o(.text)
    i2c_NAck                                 0x08002a2b   Thumb Code    36  bsp_i2c.o(.text)
    i2c_ReadByte                             0x08002a4f   Thumb Code    76  bsp_i2c.o(.text)
    i2c_WaitAck                              0x08002a9b   Thumb Code    56  bsp_i2c.o(.text)
    i2c_GPIO_Config                          0x08002ad3   Thumb Code    44  bsp_i2c.o(.text)
    i2c_CheckDevice                          0x08002aff   Thumb Code    32  bsp_i2c.o(.text)
    USART3_Send_String                       0x08002b25   Thumb Code    62  mp3.o(.text)
    USART3_Send_String_Key                   0x08002b63   Thumb Code    56  mp3.o(.text)
    AddRate                                  0x08002b9b   Thumb Code    20  mp3.o(.text)
    SubRate                                  0x08002baf   Thumb Code    20  mp3.o(.text)
    AddShake                                 0x08002bc3   Thumb Code    20  mp3.o(.text)
    SubShake                                 0x08002bd7   Thumb Code    20  mp3.o(.text)
    AddVolume                                0x08002beb   Thumb Code    12  mp3.o(.text)
    SubVolume                                0x08002bf7   Thumb Code    12  mp3.o(.text)
    Weighting                                0x08002c03   Thumb Code    16  mp3.o(.text)
    PlayVoice                                0x08002c13   Thumb Code    98  mp3.o(.text)
    PlayRate                                 0x08002c75   Thumb Code    82  mp3.o(.text)
    PlayDirection                            0x08002cc7   Thumb Code   122  mp3.o(.text)
    TIM6_TIM_NVIC_Config                     0x08002d41   Thumb Code    42  mp3.o(.text)
    TIM6_TIM_Mode_Config                     0x08002d6b   Thumb Code    60  mp3.o(.text)
    TIM6_Config                              0x08002da7   Thumb Code    12  mp3.o(.text)
    mpu_reg_dump                             0x08002ecb   Thumb Code    90  inv_mpu.o(.text)
    mpu_read_reg                             0x08002f25   Thumb Code    66  inv_mpu.o(.text)
    mpu_set_int_latched                      0x08002f67   Thumb Code   102  inv_mpu.o(.text)
    mpu_set_sensors                          0x08002fcd   Thumb Code   202  inv_mpu.o(.text)
    mpu_set_bypass                           0x08003097   Thumb Code   328  inv_mpu.o(.text)
    mpu_reset_fifo                           0x080031df   Thumb Code   470  inv_mpu.o(.text)
    mpu_configure_fifo                       0x080033b5   Thumb Code   106  inv_mpu.o(.text)
    mpu_set_lpf                              0x0800341f   Thumb Code   126  inv_mpu.o(.text)
    mpu_lp_accel_mode                        0x0800349d   Thumb Code   218  inv_mpu.o(.text)
    mpu_set_sample_rate                      0x08003577   Thumb Code   152  inv_mpu.o(.text)
    mpu_set_accel_fsr                        0x0800360f   Thumb Code   132  inv_mpu.o(.text)
    mpu_set_gyro_fsr                         0x08003693   Thumb Code   132  inv_mpu.o(.text)
    mpu_init                                 0x08003717   Thumb Code   248  inv_mpu.o(.text)
    mpu_get_gyro_reg                         0x0800380f   Thumb Code   110  inv_mpu.o(.text)
    mpu_get_accel_reg                        0x0800387d   Thumb Code   110  inv_mpu.o(.text)
    mpu_get_temperature                      0x080038eb   Thumb Code   150  inv_mpu.o(.text)
    mpu_read_6500_accel_bias                 0x08003981   Thumb Code   124  inv_mpu.o(.text)
    mpu_read_6050_accel_bias                 0x080039fd   Thumb Code   134  inv_mpu.o(.text)
    mpu_read_6500_gyro_bias                  0x08003a83   Thumb Code   124  inv_mpu.o(.text)
    mpu_set_gyro_bias_reg                    0x08003aff   Thumb Code   152  inv_mpu.o(.text)
    mpu_set_accel_bias_6050_reg              0x08003b97   Thumb Code   196  inv_mpu.o(.text)
    mpu_set_accel_bias_6500_reg              0x08003c5b   Thumb Code   196  inv_mpu.o(.text)
    mpu_get_gyro_fsr                         0x08003d1f   Thumb Code    64  inv_mpu.o(.text)
    mpu_get_accel_fsr                        0x08003d5f   Thumb Code    72  inv_mpu.o(.text)
    mpu_get_lpf                              0x08003da7   Thumb Code    74  inv_mpu.o(.text)
    mpu_get_sample_rate                      0x08003df1   Thumb Code    26  inv_mpu.o(.text)
    mpu_get_compass_sample_rate              0x08003e0b   Thumb Code    10  inv_mpu.o(.text)
    mpu_set_compass_sample_rate              0x08003e15   Thumb Code    12  inv_mpu.o(.text)
    mpu_get_gyro_sens                        0x08003e21   Thumb Code    58  inv_mpu.o(.text)
    mpu_get_accel_sens                       0x08003e5b   Thumb Code    78  inv_mpu.o(.text)
    mpu_get_fifo_config                      0x08003ea9   Thumb Code    12  inv_mpu.o(.text)
    mpu_get_power_state                      0x08003eb5   Thumb Code    22  inv_mpu.o(.text)
    mpu_get_int_status                       0x08003ecb   Thumb Code    64  inv_mpu.o(.text)
    mpu_read_fifo                            0x08003f0b   Thumb Code   500  inv_mpu.o(.text)
    mpu_read_fifo_stream                     0x080040ff   Thumb Code   186  inv_mpu.o(.text)
    mpu_set_int_level                        0x080041b9   Thumb Code    12  inv_mpu.o(.text)
    mpu_set_dmp_state                        0x080048d1   Thumb Code   138  inv_mpu.o(.text)
    mpu_run_self_test                        0x0800495b   Thumb Code   292  inv_mpu.o(.text)
    mpu_write_mem                            0x08004a7f   Thumb Code   122  inv_mpu.o(.text)
    mpu_read_mem                             0x08004af9   Thumb Code   122  inv_mpu.o(.text)
    mpu_load_firmware                        0x08004b73   Thumb Code   180  inv_mpu.o(.text)
    mpu_get_dmp_state                        0x08004c27   Thumb Code    14  inv_mpu.o(.text)
    mpu_get_compass_reg                      0x08004c35   Thumb Code     8  inv_mpu.o(.text)
    mpu_get_compass_fsr                      0x08004c3d   Thumb Code     8  inv_mpu.o(.text)
    mpu_lp_motion_interrupt                  0x08004c45   Thumb Code   230  inv_mpu.o(.text)
    dmp_load_motion_driver_firmware          0x08004d31   Thumb Code    20  inv_mpu_dmp_motion_driver.o(.text)
    dmp_set_orientation                      0x08004d45   Thumb Code   290  inv_mpu_dmp_motion_driver.o(.text)
    dmp_set_gyro_bias                        0x08004e67   Thumb Code   294  inv_mpu_dmp_motion_driver.o(.text)
    dmp_set_accel_bias                       0x08004f8d   Thumb Code   302  inv_mpu_dmp_motion_driver.o(.text)
    dmp_set_fifo_rate                        0x080050bb   Thumb Code   138  inv_mpu_dmp_motion_driver.o(.text)
    dmp_get_fifo_rate                        0x08005145   Thumb Code    12  inv_mpu_dmp_motion_driver.o(.text)
    dmp_set_tap_thresh                       0x08005151   Thumb Code   396  inv_mpu_dmp_motion_driver.o(.text)
    dmp_set_tap_axes                         0x080052dd   Thumb Code    70  inv_mpu_dmp_motion_driver.o(.text)
    dmp_set_tap_count                        0x08005323   Thumb Code    38  inv_mpu_dmp_motion_driver.o(.text)
    dmp_set_tap_time                         0x08005349   Thumb Code    38  inv_mpu_dmp_motion_driver.o(.text)
    dmp_set_tap_time_multi                   0x0800536f   Thumb Code    38  inv_mpu_dmp_motion_driver.o(.text)
    dmp_set_shake_reject_thresh              0x08005395   Thumb Code    56  inv_mpu_dmp_motion_driver.o(.text)
    dmp_set_shake_reject_time                0x080053cd   Thumb Code    38  inv_mpu_dmp_motion_driver.o(.text)
    dmp_set_shake_reject_timeout             0x080053f3   Thumb Code    38  inv_mpu_dmp_motion_driver.o(.text)
    dmp_get_pedometer_step_count             0x08005419   Thumb Code    66  inv_mpu_dmp_motion_driver.o(.text)
    dmp_set_pedometer_step_count             0x0800545b   Thumb Code    42  inv_mpu_dmp_motion_driver.o(.text)
    dmp_get_pedometer_walk_time              0x08005485   Thumb Code    72  inv_mpu_dmp_motion_driver.o(.text)
    dmp_set_pedometer_walk_time              0x080054cd   Thumb Code    48  inv_mpu_dmp_motion_driver.o(.text)
    dmp_enable_6x_lp_quat                    0x080054fd   Thumb Code    84  inv_mpu_dmp_motion_driver.o(.text)
    dmp_enable_lp_quat                       0x08005551   Thumb Code    60  inv_mpu_dmp_motion_driver.o(.text)
    dmp_enable_gyro_cal                      0x0800558d   Thumb Code    62  inv_mpu_dmp_motion_driver.o(.text)
    dmp_enable_feature                       0x080055cb   Thumb Code   530  inv_mpu_dmp_motion_driver.o(.text)
    dmp_get_enabled_features                 0x080057dd   Thumb Code    12  inv_mpu_dmp_motion_driver.o(.text)
    dmp_set_interrupt_mode                   0x08005847   Thumb Code    66  inv_mpu_dmp_motion_driver.o(.text)
    dmp_read_fifo                            0x08005889   Thumb Code   514  inv_mpu_dmp_motion_driver.o(.text)
    dmp_register_tap_cb                      0x08005a8b   Thumb Code    10  inv_mpu_dmp_motion_driver.o(.text)
    dmp_register_android_orient_cb           0x08005a95   Thumb Code    10  inv_mpu_dmp_motion_driver.o(.text)
    fputcc                                   0x08005aa5   Thumb Code    30  log_stm32.o(.text)
    _MLPrintLog                              0x08005ac3   Thumb Code   180  log_stm32.o(.text)
    eMPL_send_quat                           0x08005b77   Thumb Code   168  log_stm32.o(.text)
    eMPL_send_data                           0x08005c1f   Thumb Code   386  log_stm32.o(.text)
    inv_get_sensor_type_accel                0x08005da5   Thumb Code    36  empl_outputs.o(.text)
    inv_get_sensor_type_gyro                 0x08005dc9   Thumb Code    36  empl_outputs.o(.text)
    inv_get_sensor_type_compass              0x08005ded   Thumb Code    36  empl_outputs.o(.text)
    inv_get_sensor_type_quat                 0x08005e11   Thumb Code    32  empl_outputs.o(.text)
    inv_get_sensor_type_heading              0x08005e31   Thumb Code   176  empl_outputs.o(.text)
    inv_get_sensor_type_euler                0x08005ee1   Thumb Code   536  empl_outputs.o(.text)
    inv_get_sensor_type_rot_mat              0x080060f9   Thumb Code    36  empl_outputs.o(.text)
    inv_enable_eMPL_outputs                  0x08006247   Thumb Code    22  empl_outputs.o(.text)
    inv_disable_eMPL_outputs                 0x0800625d   Thumb Code    14  empl_outputs.o(.text)
    inv_disable_compass_soft_iron_matrix     0x080062d1   Thumb Code    10  data_builder.o(.text)
    inv_reset_compass_soft_iron_matrix       0x080062db   Thumb Code    70  data_builder.o(.text)
    inv_init_data_builder                    0x08006321   Thumb Code    44  data_builder.o(.text)
    inv_get_gyro_sensitivity                 0x0800634d   Thumb Code     6  data_builder.o(.text)
    inv_get_accel_sensitivity                0x08006353   Thumb Code     6  data_builder.o(.text)
    inv_get_compass_sensitivity              0x08006359   Thumb Code     8  data_builder.o(.text)
    set_sensor_orientation_and_scale         0x08006361   Thumb Code     6  data_builder.o(.text)
    inv_set_gyro_orientation_and_scale       0x08006367   Thumb Code    18  data_builder.o(.text)
    inv_set_gyro_sample_rate                 0x08006379   Thumb Code    32  data_builder.o(.text)
    inv_set_accel_sample_rate                0x08006399   Thumb Code    36  data_builder.o(.text)
    inv_set_compass_sample_rate              0x080063bd   Thumb Code    40  data_builder.o(.text)
    inv_get_gyro_sample_rate_ms              0x080063e5   Thumb Code     8  data_builder.o(.text)
    inv_get_accel_sample_rate_ms             0x080063ed   Thumb Code     8  data_builder.o(.text)
    inv_get_compass_sample_rate_ms           0x080063f5   Thumb Code    10  data_builder.o(.text)
    inv_set_quat_sample_rate                 0x080063ff   Thumb Code    22  data_builder.o(.text)
    inv_set_gyro_bandwidth                   0x08006415   Thumb Code     6  data_builder.o(.text)
    inv_set_accel_bandwidth                  0x0800641b   Thumb Code     8  data_builder.o(.text)
    inv_set_compass_bandwidth                0x08006423   Thumb Code     8  data_builder.o(.text)
    inv_get_compass_on                       0x0800642b   Thumb Code    12  data_builder.o(.text)
    inv_get_gyro_on                          0x08006437   Thumb Code    10  data_builder.o(.text)
    inv_get_accel_on                         0x08006441   Thumb Code    12  data_builder.o(.text)
    inv_get_last_timestamp                   0x0800644d   Thumb Code    98  data_builder.o(.text)
    inv_set_accel_orientation_and_scale      0x080064af   Thumb Code    20  data_builder.o(.text)
    inv_set_compass_orientation_and_scale    0x080064c3   Thumb Code    20  data_builder.o(.text)
    inv_matrix_vector_mult                   0x080064d7   Thumb Code   110  data_builder.o(.text)
    inv_apply_calibration                    0x08006545   Thumb Code   106  data_builder.o(.text)
    inv_get_compass_bias                     0x080065af   Thumb Code    20  data_builder.o(.text)
    inv_set_compass_bias                     0x080065c3   Thumb Code    66  data_builder.o(.text)
    inv_set_compass_disturbance              0x08006605   Thumb Code    10  data_builder.o(.text)
    inv_get_compass_disturbance              0x0800660f   Thumb Code    10  data_builder.o(.text)
    inv_set_accel_bias                       0x08006619   Thumb Code    92  data_builder.o(.text)
    inv_set_accel_accuracy                   0x08006675   Thumb Code    26  data_builder.o(.text)
    inv_set_accel_bias_mask                  0x0800668f   Thumb Code    84  data_builder.o(.text)
    inv_set_gyro_bias                        0x080066e3   Thumb Code   106  data_builder.o(.text)
    inv_get_gyro_bias_tc_set                 0x0800674d   Thumb Code    26  data_builder.o(.text)
    inv_get_gyro_bias                        0x08006767   Thumb Code    32  data_builder.o(.text)
    inv_get_accel_bias                       0x08006787   Thumb Code    32  data_builder.o(.text)
    inv_build_accel                          0x080067a7   Thumb Code   128  data_builder.o(.text)
    inv_build_gyro                           0x08006827   Thumb Code    48  data_builder.o(.text)
    inv_get_compass_soft_iron_output_data    0x08006857   Thumb Code    24  data_builder.o(.text)
    inv_set_compass_soft_iron_input_data     0x0800686f   Thumb Code    72  data_builder.o(.text)
    inv_build_compass                        0x080068b7   Thumb Code   168  data_builder.o(.text)
    inv_build_temp                           0x0800695f   Thumb Code    38  data_builder.o(.text)
    inv_build_quat                           0x08006985   Thumb Code    56  data_builder.o(.text)
    inv_accel_was_turned_off                 0x080069bd   Thumb Code     8  data_builder.o(.text)
    inv_compass_was_turned_off               0x080069c5   Thumb Code    10  data_builder.o(.text)
    inv_quaternion_sensor_was_turned_off     0x080069cf   Thumb Code    10  data_builder.o(.text)
    inv_gyro_was_turned_off                  0x080069d9   Thumb Code     8  data_builder.o(.text)
    inv_temperature_was_turned_off           0x080069e1   Thumb Code    10  data_builder.o(.text)
    inv_register_data_cb                     0x080069eb   Thumb Code   246  data_builder.o(.text)
    inv_unregister_data_cb                   0x08006ae1   Thumb Code    96  data_builder.o(.text)
    inv_execute_on_data                      0x08006c5b   Thumb Code   152  data_builder.o(.text)
    inv_get_accel_set                        0x08006cf3   Thumb Code    40  data_builder.o(.text)
    inv_get_gyro_set                         0x08006d1b   Thumb Code    34  data_builder.o(.text)
    inv_get_gyro_set_raw                     0x08006d3d   Thumb Code    34  data_builder.o(.text)
    inv_get_gyro                             0x08006d5f   Thumb Code    12  data_builder.o(.text)
    inv_get_compass_set                      0x08006d6b   Thumb Code    58  data_builder.o(.text)
    inv_get_temp_set                         0x08006da5   Thumb Code    30  data_builder.o(.text)
    inv_get_gyro_accuracy                    0x08006dc3   Thumb Code     6  data_builder.o(.text)
    inv_get_mag_accuracy                     0x08006dc9   Thumb Code    22  data_builder.o(.text)
    inv_get_accel_accuracy                   0x08006ddf   Thumb Code     6  data_builder.o(.text)
    inv_get_gyro_orient                      0x08006de5   Thumb Code    12  data_builder.o(.text)
    inv_get_accel_orient                     0x08006df1   Thumb Code    12  data_builder.o(.text)
    inv_get_compass_soft_iron_matrix_d       0x08006dfd   Thumb Code    24  data_builder.o(.text)
    inv_set_compass_soft_iron_matrix_d       0x08006e15   Thumb Code    58  data_builder.o(.text)
    inv_get_compass_soft_iron_matrix_f       0x08006e4f   Thumb Code    46  data_builder.o(.text)
    inv_set_compass_soft_iron_matrix_f       0x08006e7d   Thumb Code    54  data_builder.o(.text)
    inv_get_compass_soft_iron_input_data     0x08006eb3   Thumb Code    26  data_builder.o(.text)
    inv_enable_compass_soft_iron_matrix      0x08006ecd   Thumb Code    10  data_builder.o(.text)
    inv_get_sensor_type_accelerometer        0x08006ee1   Thumb Code    92  hal_outputs.o(.text)
    inv_get_sensor_type_linear_acceleration  0x08006f3d   Thumb Code   110  hal_outputs.o(.text)
    inv_get_sensor_type_gravity              0x08006fab   Thumb Code    86  hal_outputs.o(.text)
    inv_get_sensor_type_gyroscope            0x08007001   Thumb Code    92  hal_outputs.o(.text)
    inv_get_sensor_type_gyroscope_raw        0x0800705d   Thumb Code    92  hal_outputs.o(.text)
    inv_get_sensor_type_rotation_vector      0x080070b9   Thumb Code   216  hal_outputs.o(.text)
    inv_get_sensor_type_magnetic_field       0x08007191   Thumb Code    68  hal_outputs.o(.text)
    inv_get_sensor_type_orientation          0x080072f9   Thumb Code    34  hal_outputs.o(.text)
    inv_generate_hal_outputs                 0x0800731b   Thumb Code   482  hal_outputs.o(.text)
    inv_stop_hal_outputs                     0x080074fd   Thumb Code    16  hal_outputs.o(.text)
    inv_start_hal_outputs                    0x0800750d   Thumb Code    22  hal_outputs.o(.text)
    inv_init_hal_outputs                     0x08007523   Thumb Code    46  hal_outputs.o(.text)
    inv_enable_hal_outputs                   0x08007551   Thumb Code    20  hal_outputs.o(.text)
    inv_disable_hal_outputs                  0x08007565   Thumb Code    20  hal_outputs.o(.text)
    inv_set_message                          0x08007581   Thumb Code    24  message_layer.o(.text)
    inv_get_message_level_0                  0x08007599   Thumb Code    16  message_layer.o(.text)
    inv_sinf                                 0x080075ad   Thumb Code    42  ml_math_func.o(.text)
    inv_cosf                                 0x080075d7   Thumb Code    44  ml_math_func.o(.text)
    inv_q30_mult                             0x08007603   Thumb Code    18  ml_math_func.o(.text)
    inv_q_mult                               0x08007615   Thumb Code   178  ml_math_func.o(.text)
    inv_q_invert                             0x080076c7   Thumb Code    24  ml_math_func.o(.text)
    inv_compass_angle                        0x080076df   Thumb Code   162  ml_math_func.o(.text)
    inv_get_gyro_sum_of_sqr                  0x08007781   Thumb Code    28  ml_math_func.o(.text)
    inv_q29_mult                             0x0800779d   Thumb Code    18  ml_math_func.o(.text)
    inv_q30_div                              0x080077af   Thumb Code    40  ml_math_func.o(.text)
    inv_q_shift_mult                         0x080077d7   Thumb Code    32  ml_math_func.o(.text)
    inv_q_add                                0x080077f7   Thumb Code    36  ml_math_func.o(.text)
    inv_vector_normalize                     0x0800781b   Thumb Code   182  ml_math_func.o(.text)
    inv_q_normalize                          0x080078d1   Thumb Code    14  ml_math_func.o(.text)
    quaternion_to_rotation_angle             0x080078df   Thumb Code   112  ml_math_func.o(.text)
    inv_q_rotate                             0x0800794f   Thumb Code    66  ml_math_func.o(.text)
    inv_q_multf                              0x08007991   Thumb Code   304  ml_math_func.o(.text)
    inv_q_addf                               0x08007ac1   Thumb Code    50  ml_math_func.o(.text)
    inv_q_normalizef                         0x08007af3   Thumb Code   366  ml_math_func.o(.text)
    inv_q_norm4                              0x08007c61   Thumb Code   146  ml_math_func.o(.text)
    inv_q_invertf                            0x08007cf3   Thumb Code    30  ml_math_func.o(.text)
    inv_quaternion_to_rotation               0x08007d11   Thumb Code   218  ml_math_func.o(.text)
    inv_quaternion_to_rotation_vector        0x08007deb   Thumb Code    60  ml_math_func.o(.text)
    inv_int32_to_big8                        0x08007e27   Thumb Code    20  ml_math_func.o(.text)
    inv_big8_to_int32                        0x08007e3b   Thumb Code    26  ml_math_func.o(.text)
    inv_big8_to_int16                        0x08007e55   Thumb Code    14  ml_math_func.o(.text)
    inv_little8_to_int16                     0x08007e63   Thumb Code    14  ml_math_func.o(.text)
    inv_int16_to_big8                        0x08007e71   Thumb Code    12  ml_math_func.o(.text)
    inv_matrix_det_inc                       0x08007e7d   Thumb Code   100  ml_math_func.o(.text)
    inv_matrix_det_incd                      0x08007ee1   Thumb Code   108  ml_math_func.o(.text)
    inv_matrix_det                           0x08007f4d   Thumb Code   160  ml_math_func.o(.text)
    inv_matrix_detd                          0x08007fed   Thumb Code   220  ml_math_func.o(.text)
    inv_wrap_angle                           0x080080c9   Thumb Code    56  ml_math_func.o(.text)
    inv_angle_diff                           0x08008101   Thumb Code    90  ml_math_func.o(.text)
    inv_checksum                             0x0800815b   Thumb Code    30  ml_math_func.o(.text)
    inv_orientation_matrix_to_scalar         0x080081c7   Thumb Code    40  ml_math_func.o(.text)
    inv_convert_to_body                      0x080081ef   Thumb Code    82  ml_math_func.o(.text)
    inv_convert_to_chip                      0x08008241   Thumb Code    82  ml_math_func.o(.text)
    inv_convert_to_body_with_scale           0x08008293   Thumb Code   114  ml_math_func.o(.text)
    inv_vector_norm                          0x08008305   Thumb Code    66  ml_math_func.o(.text)
    inv_init_biquad_filter                   0x08008347   Thumb Code    34  ml_math_func.o(.text)
    inv_calc_state_to_match_output           0x08008369   Thumb Code    50  ml_math_func.o(.text)
    inv_biquad_filter_process                0x0800839b   Thumb Code   104  ml_math_func.o(.text)
    inv_get_cross_product_vec                0x08008403   Thumb Code    98  ml_math_func.o(.text)
    mlMatrixVectorMult                       0x08008465   Thumb Code    62  ml_math_func.o(.text)
    inv_init_mpl                             0x08008501   Thumb Code   106  mpl.o(.text)
    inv_get_version                          0x0800856b   Thumb Code    10  mpl.o(.text)
    inv_start_mpl                            0x08008575   Thumb Code    38  mpl.o(.text)
    inv_store_gaming_quaternion              0x080085e1   Thumb Code    30  results_holder.o(.text)
    inv_set_compass_correction               0x080085ff   Thumb Code    30  results_holder.o(.text)
    inv_get_compass_correction               0x0800861d   Thumb Code    20  results_holder.o(.text)
    inv_get_large_mag_field                  0x08008631   Thumb Code     6  results_holder.o(.text)
    inv_set_large_mag_field                  0x08008637   Thumb Code     6  results_holder.o(.text)
    inv_get_acc_state                        0x0800863d   Thumb Code     6  results_holder.o(.text)
    inv_set_acc_state                        0x08008643   Thumb Code     6  results_holder.o(.text)
    inv_get_motion_state                     0x08008649   Thumb Code    16  results_holder.o(.text)
    inv_set_motion_state                     0x08008659   Thumb Code    74  results_holder.o(.text)
    inv_set_local_field                      0x080086a3   Thumb Code    14  results_holder.o(.text)
    inv_get_local_field                      0x080086b1   Thumb Code    12  results_holder.o(.text)
    inv_set_mag_scale                        0x080086bd   Thumb Code    14  results_holder.o(.text)
    inv_get_mag_scale                        0x080086cb   Thumb Code    12  results_holder.o(.text)
    inv_get_gravity                          0x080086d7   Thumb Code    90  results_holder.o(.text)
    inv_get_6axis_quaternion                 0x08008731   Thumb Code    18  results_holder.o(.text)
    inv_get_quaternion                       0x08008743   Thumb Code    54  results_holder.o(.text)
    inv_get_quaternion_float                 0x08008779   Thumb Code    50  results_holder.o(.text)
    inv_get_quaternion_set                   0x080087ab   Thumb Code    68  results_holder.o(.text)
    inv_generate_results                     0x080087ef   Thumb Code    12  results_holder.o(.text)
    inv_start_results_holder                 0x080087fb   Thumb Code    20  results_holder.o(.text)
    inv_init_results_holder                  0x0800880f   Thumb Code    46  results_holder.o(.text)
    inv_enable_results_holder                0x0800883d   Thumb Code    28  results_holder.o(.text)
    inv_got_accel_bias                       0x08008859   Thumb Code     6  results_holder.o(.text)
    inv_set_accel_bias_found                 0x0800885f   Thumb Code     6  results_holder.o(.text)
    inv_got_compass_bias                     0x08008865   Thumb Code     6  results_holder.o(.text)
    inv_set_compass_bias_found               0x0800886b   Thumb Code     6  results_holder.o(.text)
    inv_set_compass_state                    0x08008871   Thumb Code     6  results_holder.o(.text)
    inv_get_compass_state                    0x08008877   Thumb Code     6  results_holder.o(.text)
    inv_set_compass_bias_error               0x0800887d   Thumb Code    14  results_holder.o(.text)
    inv_get_compass_bias_error               0x0800888b   Thumb Code    12  results_holder.o(.text)
    inv_get_linear_accel                     0x08008897   Thumb Code    60  results_holder.o(.text)
    inv_get_accel                            0x080088d3   Thumb Code    24  results_holder.o(.text)
    inv_get_accel_float                      0x080088eb   Thumb Code    56  results_holder.o(.text)
    inv_get_gyro_float                       0x08008923   Thumb Code    58  results_holder.o(.text)
    inv_set_heading_confidence_interval      0x0800895d   Thumb Code     8  results_holder.o(.text)
    inv_get_heading_confidence_interval      0x08008965   Thumb Code     8  results_holder.o(.text)
    inv_get_linear_accel_float               0x0800896d   Thumb Code    56  results_holder.o(.text)
    inv_init_start_manager                   0x080089c5   Thumb Code    14  start_manager.o(.text)
    inv_unregister_mpl_start_notification    0x080089d3   Thumb Code    86  start_manager.o(.text)
    inv_register_mpl_start_notification      0x08008a29   Thumb Code    38  start_manager.o(.text)
    inv_execute_mpl_start_notification       0x08008a4f   Thumb Code    40  start_manager.o(.text)
    inv_init_storage_manager                 0x08008a7d   Thumb Code    20  storage_manager.o(.text)
    inv_register_load_store                  0x08008a91   Thumb Code   134  storage_manager.o(.text)
    inv_get_mpl_state_size                   0x08008b17   Thumb Code    12  storage_manager.o(.text)
    inv_load_mpl_states                      0x08008b4f   Thumb Code   174  storage_manager.o(.text)
    inv_save_mpl_states                      0x08008bfd   Thumb Code   158  storage_manager.o(.text)
    gyro_data_ready_cb                       0x08008fdf   Thumb Code     8  mpu6050.o(.text)
    MPU6050Config                            0x0800949d   Thumb Code     8  mpu6050.o(.text)
    PitchFalling                             0x080094a5   Thumb Code    92  mpu6050.o(.text)
    MPU6050Triaxial                          0x08009501   Thumb Code    36  mpu6050.o(.text)
    Filter                                   0x08009525   Thumb Code    44  mpu6050.o(.text)
    MPU6050_ReadData                         0x08009551   Thumb Code    88  mpu6050.o(.text)
    MPU6050ReadID                            0x080095a9   Thumb Code    48  mpu6050.o(.text)
    MPU6050ReadAcc                           0x080095d9   Thumb Code   286  mpu6050.o(.text)
    MPU6050ReadGyro                          0x080096f7   Thumb Code    64  mpu6050.o(.text)
    MPU6050ReadTemp                          0x08009737   Thumb Code    32  mpu6050.o(.text)
    MPU6050_ReturnTemp                       0x08009757   Thumb Code    72  mpu6050.o(.text)
    SendHelp                                 0x0800979f   Thumb Code    62  mpu6050.o(.text)
    blind_falled                             0x080097dd   Thumb Code   388  mpu6050.o(.text)
    Key_GPIO_Config                          0x08009a17   Thumb Code   118  bsp_key.o(.text)
    switchMode                               0x08009b6f   Thumb Code   136  bsp_key.o(.text)
    distanceUp                               0x08009c5b   Thumb Code    48  bsp_key.o(.text)
    shakeUp                                  0x08009c8b   Thumb Code    48  bsp_key.o(.text)
    KeyPolling                               0x08009d89   Thumb Code  1030  bsp_key.o(.text)
    EXTI_Key_Config                          0x0800a1ad   Thumb Code    72  bsp_key.o(.text)
    EXTI0_IRQHandler                         0x0800a1f5   Thumb Code   122  bsp_key.o(.text)
    addDistance                              0x0800a319   Thumb Code    38  ultrasonicwave.o(.text)
    minusDistance                            0x0800a33f   Thumb Code    34  ultrasonicwave.o(.text)
    getDistance                              0x0800a361   Thumb Code     8  ultrasonicwave.o(.text)
    HasObstacle                              0x0800a645   Thumb Code    84  ultrasonicwave.o(.text)
    UltrasonicWave                           0x0800a6b7   Thumb Code   150  ultrasonicwave.o(.text)
    GENERAL_TIM_Init                         0x0800a82d   Thumb Code    16  ultraconfig.o(.text)
    TIM2_Init                                0x0800a83d   Thumb Code    96  ultraconfig.o(.text)
    UltrasonicWave_Config                    0x0800a89d   Thumb Code    52  ultraconfig.o(.text)
    UltrasonicWave_Init                      0x0800a8d1   Thumb Code    20  ultraconfig.o(.text)
    Init_Kalman                              0x0800a8ed   Thumb Code   198  kalman.o(.text)
    KalmanFilter                             0x0800a9b3   Thumb Code  1250  kalman.o(.text)
    inv_init_maxmin                          0x0800ae99   Thumb Code    78  fast_no_motion.o(.text)
    inv_fast_nomot_parameter                 0x0800aee7   Thumb Code   318  fast_no_motion.o(.text)
    inv_fast_nomot_parameter_3rd             0x0800b025   Thumb Code   180  fast_no_motion.o(.text)
    inv_fast_nomot_set_gyro_bias             0x0800b0d9   Thumb Code   232  fast_no_motion.o(.text)
    inv_set_fast_nomot_compass_threshold     0x0800b1c1   Thumb Code     8  fast_no_motion.o(.text)
    int_set_fast_nomot_gyro_threshold        0x0800b1c9   Thumb Code     8  fast_no_motion.o(.text)
    inv_set_fast_nomot_accel_threshold       0x0800b1d1   Thumb Code     8  fast_no_motion.o(.text)
    inv_get_fast_nomot_compass_param         0x0800b1d9   Thumb Code    18  fast_no_motion.o(.text)
    inv_get_fast_nomot_accel_param           0x0800b1eb   Thumb Code    18  fast_no_motion.o(.text)
    inv_fast_nomot_store_data                0x0800b1fd   Thumb Code   140  fast_no_motion.o(.text)
    inv_fast_nomot_store_data_compass        0x0800b289   Thumb Code    74  fast_no_motion.o(.text)
    inv_fast_nomot_reset_data_compass        0x0800b2d3   Thumb Code    36  fast_no_motion.o(.text)
    inv_fast_nomot_get_time_elaps            0x0800b2f7   Thumb Code     8  fast_no_motion.o(.text)
    inv_fast_nomot_parameter_compass         0x0800b2ff   Thumb Code    22  fast_no_motion.o(.text)
    inv_get_right_shift_by_rounding          0x0800b315   Thumb Code    76  fast_no_motion.o(.text)
    inv_reset_min_max_gyro_accel_statistics  0x0800b361   Thumb Code    38  fast_no_motion.o(.text)
    inv_record_max_moment_in_no_motion_gyro  0x0800b387   Thumb Code    32  fast_no_motion.o(.text)
    inv_record_max_moment_in_no_motion_accel 0x0800b3a7   Thumb Code    32  fast_no_motion.o(.text)
    inv_record_min_moment_in_motion_gyro     0x0800b3c7   Thumb Code    34  fast_no_motion.o(.text)
    inv_record_min_moment_in_motion_accel    0x0800b3e9   Thumb Code    34  fast_no_motion.o(.text)
    inv_detect_motion_by_gyro_accel          0x0800b40b   Thumb Code   214  fast_no_motion.o(.text)
    inv_sensor_data_preprocess               0x0800b4e1   Thumb Code   132  fast_no_motion.o(.text)
    inv_generate_fast_nomot                  0x0800b565   Thumb Code   498  fast_no_motion.o(.text)
    inv_set_default_number_of_samples        0x0800b757   Thumb Code    56  fast_no_motion.o(.text)
    inv_init_fast_nomot                      0x0800b78f   Thumb Code    78  fast_no_motion.o(.text)
    inv_start_fast_nomot                     0x0800b7dd   Thumb Code    56  fast_no_motion.o(.text)
    inv_stop_fast_nomot                      0x0800b815   Thumb Code    20  fast_no_motion.o(.text)
    inv_enable_fast_nomot                    0x0800b829   Thumb Code    24  fast_no_motion.o(.text)
    inv_disable_fast_nomot                   0x0800b841   Thumb Code    18  fast_no_motion.o(.text)
    inv_get_fnm_gyro_no_motion_param         0x0800b853   Thumb Code     8  fast_no_motion.o(.text)
    inv_fnm_debug_print                      0x0800b85b   Thumb Code     2  fast_no_motion.o(.text)
    inv_filter_correction_angle              0x0800b88d   Thumb Code   364  fusion_9axis.o(.text)
    inv_perform_9x_fusion                    0x0800b9f9   Thumb Code   840  fusion_9axis.o(.text)
    inv_process_9x_sensor_fusion_cb          0x0800bd41   Thumb Code   120  fusion_9axis.o(.text)
    inv_init_9x_fusion                       0x0800bdb9   Thumb Code    50  fusion_9axis.o(.text)
    inv_9x_fusion_set_mag_fb                 0x0800bdeb   Thumb Code    10  fusion_9axis.o(.text)
    inv_9x_fusion_enable_jitter_reduction    0x0800bdf5   Thumb Code    10  fusion_9axis.o(.text)
    inv_9x_fusion_use_timestamps             0x0800bdff   Thumb Code    10  fusion_9axis.o(.text)
    inv_start_9x_sensor_fusion               0x0800be09   Thumb Code    14  fusion_9axis.o(.text)
    inv_stop_9x_sensor_fusion                0x0800be17   Thumb Code     8  fusion_9axis.o(.text)
    inv_enable_9x_sensor_fusion              0x0800be1f   Thumb Code    30  fusion_9axis.o(.text)
    inv_disable_9x_sensor_fusion             0x0800be3d   Thumb Code     8  fusion_9axis.o(.text)
    inv_init_gyro_ts                         0x0800c263   Thumb Code    46  gyro_tc.o(.text)
    inv_set_gtc_max_temp                     0x0800c291   Thumb Code    10  gyro_tc.o(.text)
    inv_set_gtc_min_temp                     0x0800c29b   Thumb Code    10  gyro_tc.o(.text)
    inv_set_gtc_min_diff                     0x0800c2a5   Thumb Code    10  gyro_tc.o(.text)
    inv_get_gyro_ts                          0x0800c2af   Thumb Code    30  gyro_tc.o(.text)
    inv_set_gyro_ts                          0x0800c2cd   Thumb Code    16  gyro_tc.o(.text)
    inv_set_gtc_order                        0x0800c2dd   Thumb Code    16  gyro_tc.o(.text)
    inv_print_gtc_data                       0x0800c2ed   Thumb Code    62  gyro_tc.o(.text)
    inv_start_gyro_tc                        0x0800c32b   Thumb Code    10  gyro_tc.o(.text)
    inv_stop_gyro_tc                         0x0800c335   Thumb Code     6  gyro_tc.o(.text)
    inv_enable_gyro_tc                       0x0800c33b   Thumb Code    48  gyro_tc.o(.text)
    inv_disable_gyro_tc                      0x0800c36b   Thumb Code    40  gyro_tc.o(.text)
    inv_generate_gyro_quaternion             0x0800c735   Thumb Code   260  quaternion_supervisor.o(.text)
    inv_set_quaternion                       0x0800ca27   Thumb Code    38  quaternion_supervisor.o(.text)
    inv_generate_accel_gyro_quaternion       0x0800ca4d   Thumb Code   428  quaternion_supervisor.o(.text)
    inv_stop_quaternion                      0x0800cc41   Thumb Code     6  quaternion_supervisor.o(.text)
    inv_init_quaternion                      0x0800cc47   Thumb Code    34  quaternion_supervisor.o(.text)
    inv_start_quaternion                     0x0800cc69   Thumb Code    34  quaternion_supervisor.o(.text)
    inv_enable_quaternion                    0x0800cc8b   Thumb Code    24  quaternion_supervisor.o(.text)
    inv_disable_quaternion                   0x0800cca3   Thumb Code    20  quaternion_supervisor.o(.text)
    inv_set_magnetic_disturbance             0x0800cce5   Thumb Code    16  mag_disturb.o(.text)
    inv_init_magnetic_disturbance            0x0800ccf5   Thumb Code    50  mag_disturb.o(.text)
    MagDisturbSetDisturbance                 0x0800cd27   Thumb Code    98  mag_disturb.o(.text)
    MagDisturbCheckSettling                  0x0800cd89   Thumb Code    54  mag_disturb.o(.text)
    ComputeAngleVelocity                     0x0800cdbf   Thumb Code    94  mag_disturb.o(.text)
    inv_disable_dip_tracking                 0x0800ce1d   Thumb Code    10  mag_disturb.o(.text)
    Mag3ofNormalizedLong                     0x0800ce27   Thumb Code    72  mag_disturb.o(.text)
    inv_track_dip_angle                      0x0800ce6f   Thumb Code   114  mag_disturb.o(.text)
    inv_check_magnetic_disturbance           0x0800cee1   Thumb Code   690  mag_disturb.o(.text)
    inv_magnetic_disturbance_process         0x0800d193   Thumb Code    50  mag_disturb.o(.text)
    inv_start_magnetic_disturbance           0x0800d1c5   Thumb Code    14  mag_disturb.o(.text)
    inv_stop_magnetic_disturbance            0x0800d1d3   Thumb Code     8  mag_disturb.o(.text)
    inv_enable_magnetic_disturbance          0x0800d1db   Thumb Code    40  mag_disturb.o(.text)
    inv_disable_magnetic_disturbance         0x0800d203   Thumb Code    22  mag_disturb.o(.text)
    inv_enable_dip_tracking                  0x0800d219   Thumb Code    14  mag_disturb.o(.text)
    inv_get_magnetic_disturbance_state       0x0800d227   Thumb Code     8  mag_disturb.o(.text)
    __aeabi_ldivmod                          0x0800d235   Thumb Code    90  ldiv.o(.text)
    __aeabi_llsl                             0x0800d28f   Thumb Code    30  llshl.o(.text)
    _ll_shift_l                              0x0800d28f   Thumb Code     0  llshl.o(.text)
    __aeabi_lasr                             0x0800d2ad   Thumb Code    36  llsshr.o(.text)
    _ll_sshift_r                             0x0800d2ad   Thumb Code     0  llsshr.o(.text)
    ___aeabi_memcpy4$move                    0x0800d2d1   Thumb Code     0  memmovea.o(.text)
    ___aeabi_memcpy8$move                    0x0800d2d1   Thumb Code     0  memmovea.o(.text)
    __aeabi_memcpy                           0x0800d2d1   Thumb Code    64  memmovea.o(.text)
    __aeabi_memmove                          0x0800d2d1   Thumb Code     0  memmovea.o(.text)
    __aeabi_memmove4                         0x0800d2d1   Thumb Code     0  memmovea.o(.text)
    __aeabi_memmove8                         0x0800d2d1   Thumb Code     0  memmovea.o(.text)
    __aeabi_memset                           0x0800d311   Thumb Code    14  memseta.o(.text)
    __aeabi_memset4                          0x0800d311   Thumb Code     0  memseta.o(.text)
    __aeabi_memset8                          0x0800d311   Thumb Code     0  memseta.o(.text)
    __aeabi_memclr                           0x0800d31f   Thumb Code     4  memseta.o(.text)
    __aeabi_memclr4                          0x0800d31f   Thumb Code     0  memseta.o(.text)
    __aeabi_memclr8                          0x0800d31f   Thumb Code     0  memseta.o(.text)
    _memset$wrapper                          0x0800d323   Thumb Code    18  memseta.o(.text)
    memcmp                                   0x0800d335   Thumb Code    26  memcmp.o(.text)
    __aeabi_fadd                             0x0800d34f   Thumb Code   164  fadd.o(.text)
    __aeabi_fsub                             0x0800d3f3   Thumb Code     6  fadd.o(.text)
    __aeabi_frsub                            0x0800d3f9   Thumb Code     6  fadd.o(.text)
    __aeabi_fmul                             0x0800d3ff   Thumb Code   100  fmul.o(.text)
    __aeabi_fdiv                             0x0800d463   Thumb Code   124  fdiv.o(.text)
    __ARM_scalbnf                            0x0800d4df   Thumb Code    24  fscalb.o(.text)
    scalbnf                                  0x0800d4df   Thumb Code     0  fscalb.o(.text)
    __aeabi_dadd                             0x0800d4f7   Thumb Code   322  dadd.o(.text)
    __aeabi_dsub                             0x0800d639   Thumb Code     6  dadd.o(.text)
    __aeabi_drsub                            0x0800d63f   Thumb Code     6  dadd.o(.text)
    __aeabi_dmul                             0x0800d645   Thumb Code   228  dmul.o(.text)
    __aeabi_ddiv                             0x0800d729   Thumb Code   222  ddiv.o(.text)
    __ARM_scalbn                             0x0800d807   Thumb Code    46  dscalb.o(.text)
    scalbn                                   0x0800d807   Thumb Code     0  dscalb.o(.text)
    __aeabi_i2f                              0x0800d835   Thumb Code    18  fflti.o(.text)
    __aeabi_ui2f                             0x0800d847   Thumb Code    10  ffltui.o(.text)
    __aeabi_l2f                              0x0800d851   Thumb Code    44  ffltl.o(.text)
    __aeabi_i2d                              0x0800d87d   Thumb Code    34  dflti.o(.text)
    __aeabi_ui2d                             0x0800d89f   Thumb Code    26  dfltui.o(.text)
    __aeabi_f2iz                             0x0800d8b9   Thumb Code    50  ffixi.o(.text)
    __aeabi_f2uiz                            0x0800d8eb   Thumb Code    40  ffixui.o(.text)
    __aeabi_f2lz                             0x0800d913   Thumb Code    66  ffixl.o(.text)
    __aeabi_d2iz                             0x0800d955   Thumb Code    62  dfixi.o(.text)
    __aeabi_f2d                              0x0800d993   Thumb Code    38  f2d.o(.text)
    __aeabi_cdcmpeq                          0x0800d9b9   Thumb Code     0  cdcmple.o(.text)
    __aeabi_cdcmple                          0x0800d9b9   Thumb Code    38  cdcmple.o(.text)
    __aeabi_cdrcmple                         0x0800d9e1   Thumb Code    38  cdrcmple.o(.text)
    __aeabi_d2f                              0x0800da09   Thumb Code    56  d2f.o(.text)
    __aeabi_cfcmpeq                          0x0800da41   Thumb Code     0  cfcmple.o(.text)
    __aeabi_cfcmple                          0x0800da41   Thumb Code    20  cfcmple.o(.text)
    __aeabi_cfrcmple                         0x0800da55   Thumb Code    20  cfrcmple.o(.text)
    __aeabi_uidiv                            0x0800da69   Thumb Code     0  uidiv.o(.text)
    __aeabi_uidivmod                         0x0800da69   Thumb Code    44  uidiv.o(.text)
    __aeabi_uldivmod                         0x0800da95   Thumb Code    98  uldiv.o(.text)
    __aeabi_llsr                             0x0800daf7   Thumb Code    32  llushr.o(.text)
    _ll_ushift_r                             0x0800daf7   Thumb Code     0  llushr.o(.text)
    __I$use$fp                               0x0800db17   Thumb Code     0  iusefp.o(.text)
    _float_round                             0x0800db17   Thumb Code    18  fepilogue.o(.text)
    _float_epilogue                          0x0800db29   Thumb Code    92  fepilogue.o(.text)
    _fsqrt                                   0x0800db85   Thumb Code    94  fsqrt.o(.text)
    _frnd                                    0x0800dbe3   Thumb Code    60  frnd.o(.text)
    _double_round                            0x0800dc1f   Thumb Code    26  depilogue.o(.text)
    _double_epilogue                         0x0800dc39   Thumb Code   156  depilogue.o(.text)
    _dsqrt                                   0x0800dcd5   Thumb Code   162  dsqrt.o(.text)
    __aeabi_d2ulz                            0x0800dd77   Thumb Code    48  dfixul.o(.text)
    __scatterload                            0x0800dda9   Thumb Code    28  init.o(.text)
    __scatterload_rt2                        0x0800dda9   Thumb Code     0  init.o(.text)
    __decompress                             0x0800ddcd   Thumb Code     0  __dczerorl2.o(.text)
    __decompress1                            0x0800ddcd   Thumb Code    86  __dczerorl2.o(.text)
    __0printf                                0x0800de25   Thumb Code    22  printfa.o(i.__0printf)
    __1printf                                0x0800de25   Thumb Code     0  printfa.o(i.__0printf)
    __2printf                                0x0800de25   Thumb Code     0  printfa.o(i.__0printf)
    __c89printf                              0x0800de25   Thumb Code     0  printfa.o(i.__0printf)
    printf                                   0x0800de25   Thumb Code     0  printfa.o(i.__0printf)
    __0vsprintf                              0x0800de45   Thumb Code    30  printfa.o(i.__0vsprintf)
    __1vsprintf                              0x0800de45   Thumb Code     0  printfa.o(i.__0vsprintf)
    __2vsprintf                              0x0800de45   Thumb Code     0  printfa.o(i.__0vsprintf)
    __c89vsprintf                            0x0800de45   Thumb Code     0  printfa.o(i.__0vsprintf)
    vsprintf                                 0x0800de45   Thumb Code     0  printfa.o(i.__0vsprintf)
    __ARM_fpclassifyf                        0x0800de69   Thumb Code    38  fpclassifyf.o(i.__ARM_fpclassifyf)
    __kernel_poly                            0x0800de8f   Thumb Code   170  poly.o(i.__kernel_poly)
    __mathlib_flt_underflow                  0x0800df39   Thumb Code    10  funder.o(i.__mathlib_flt_underflow)
    __mathlib_rredf2                         0x0800df45   Thumb Code   326  rredf.o(i.__mathlib_rredf2)
    __scatterload_copy                       0x0800e09d   Thumb Code    14  handlers.o(i.__scatterload_copy)
    __scatterload_null                       0x0800e0ab   Thumb Code     2  handlers.o(i.__scatterload_null)
    __scatterload_zeroinit                   0x0800e0ad   Thumb Code    14  handlers.o(i.__scatterload_zeroinit)
    __set_errno                              0x0800e0bd   Thumb Code     6  errno.o(i.__set_errno)
    acos                                     0x0800e965   Thumb Code   586  acos.o(i.acos)
    acosf                                    0x0800ebed   Thumb Code   248  acosf.o(i.acosf)
    asinf                                    0x0800ed0d   Thumb Code   260  asinf.o(i.asinf)
    atan2f                                   0x0800ee35   Thumb Code   528  atan2f.o(i.atan2f)
    cosf                                     0x0800f091   Thumb Code   334  cosf.o(i.cosf)
    sinf                                     0x0800f215   Thumb Code   344  sinf.o(i.sinf)
    sqrt                                     0x0800f3a1   Thumb Code    76  sqrt.o(i.sqrt)
    sqrtf                                    0x0800f3ed   Thumb Code    44  sqrtf.o(i.sqrtf)
    reg                                      0x0800f418   Data          30  inv_mpu.o(.constdata)
    hw                                       0x0800f436   Data          12  inv_mpu.o(.constdata)
    test                                     0x0800f444   Data          40  inv_mpu.o(.constdata)
    sin_lookup                               0x08010064   Data        1024  ml_math_func.o(.constdata)
    ml_ver                                   0x08010464   Data          20  mpl.o(.constdata)
    Region$$Table$$Base                      0x080105a0   Number         0  anon$$obj.o(Region$$Table)
    Region$$Table$$Limit                     0x080105c0   Number         0  anon$$obj.o(Region$$Table)
    SystemCoreClock                          0x20000000   Data           4  system_stm32f10x.o(.data)
    AHBPrescTable                            0x20000004   Data          16  system_stm32f10x.o(.data)
    time_wait                                0x20000028   Data           4  stm32f10x_it.o(.data)
    Task_Delay                               0x2000002c   Data           8  stm32f10x_it.o(.data)
    Status                                   0x20000034   Data           1  stm32f10x_it.o(.data)
    IndexWalkingStick                        0x20000038   Data           4  stm32f10x_it.o(.data)
    g_ul_ms_ticks                            0x20000040   Data           4  bsp_systick.o(.data)
    Rate                                     0x20000050   Data           4  mp3.o(.data)
    Shake                                    0x20000054   Data           4  mp3.o(.data)
    time                                     0x20000058   Data           4  mp3.o(.data)
    flag_volume                              0x2000005c   Data           4  mp3.o(.data)
    Call                                     0x20000060   Data           5  mp3.o(.data)
    Next                                     0x20000065   Data           5  mp3.o(.data)
    Last                                     0x2000006a   Data           5  mp3.o(.data)
    Add                                      0x2000006f   Data           5  mp3.o(.data)
    Sub                                      0x20000074   Data           5  mp3.o(.data)
    rate_1                                   0x20000079   Data           5  mp3.o(.data)
    rate_2                                   0x2000007e   Data           7  mp3.o(.data)
    rate_3                                   0x20000085   Data           7  mp3.o(.data)
    rate_4                                   0x2000008c   Data           7  mp3.o(.data)
    rate_5                                   0x20000093   Data           7  mp3.o(.data)
    CareFootLeft                             0x2000009a   Data           7  mp3.o(.data)
    CareHandLeft                             0x200000a1   Data           7  mp3.o(.data)
    CareHeadLeft                             0x200000a8   Data           7  mp3.o(.data)
    CareFootRight                            0x200000af   Data           7  mp3.o(.data)
    CareHandRight                            0x200000b6   Data           7  mp3.o(.data)
    CareHeadRight                            0x200000bd   Data           7  mp3.o(.data)
    East                                     0x200000c4   Data           7  mp3.o(.data)
    South                                    0x200000cb   Data           7  mp3.o(.data)
    West                                     0x200000d2   Data           7  mp3.o(.data)
    North                                    0x200000d9   Data           7  mp3.o(.data)
    SouthEast                                0x200000e0   Data           7  mp3.o(.data)
    SouthWest                                0x200000e7   Data           7  mp3.o(.data)
    NorthWest                                0x200000ee   Data           7  mp3.o(.data)
    NorthEast                                0x200000f5   Data           7  mp3.o(.data)
    ModeVolume                               0x200000fc   Data           7  mp3.o(.data)
    ModeRate                                 0x20000103   Data           7  mp3.o(.data)
    AdjustVolume                             0x2000010a   Data           7  mp3.o(.data)
    AdjustRate                               0x20000111   Data           7  mp3.o(.data)
    ModeDistance                             0x20000118   Data           7  mp3.o(.data)
    ModeExit                                 0x2000011f   Data           7  mp3.o(.data)
    Alarm                                    0x20000126   Data           7  mp3.o(.data)
    AutoAlarm                                0x2000012d   Data           7  mp3.o(.data)
    SendSucceed                              0x20000134   Data           7  mp3.o(.data)
    QuitAlarm                                0x2000013b   Data           7  mp3.o(.data)
    compass_low_pass_filter_coeff            0x20000170   Data          20  hal_outputs.o(.data)
    flag_FALLING                             0x20000188   Data           4  mpu6050.o(.data)
    hal_timestamp                            0x2000018c   Data           4  mpu6050.o(.data)
    rx_new                                   0x20000190   Data           1  mpu6050.o(.data)
    mpl_key                                  0x20000194   Data           4  mpu6050.o(.data)
    key4                                     0x200001b0   Data          44  bsp_key.o(.data)
    UltrasonicWave_Distance_Walk             0x200001dc   Data          20  ultrasonicwave.o(.data)
    MODE_FLAG                                0x200001f0   Data           4  ultrasonicwave.o(.data)
    MEASURE_FLAG                             0x200001f4   Data           1  ultrasonicwave.o(.data)
    GET_WALK_FLAG                            0x200001f5   Data           1  ultrasonicwave.o(.data)
    __stdout                                 0x2000020c   Data           4  stdout.o(.data)
    ReceiveFromWalk                          0x20000214   Data          60  stm32f10x_it.o(.bss)
    sensors                                  0x200003c8   Data         408  data_builder.o(.bss)
    TIM_ICUserValueStructure                 0x200008bc   Data          12  ultraconfig.o(.bss)
    fnm                                      0x20000b30   Data         608  fast_no_motion.o(.bss)
    s9axis                                   0x20000dd0   Data         312  fusion_9axis.o(.bss)
    mag_disturb                              0x20001138   Data         184  mag_disturb.o(.bss)
    __initial_sp                             0x200015f0   Data           0  startup_stm32f10x_hd.o(STACK)



==============================================================================

Memory Map of the image

  Image Entry point : 0x08000131

  Load Region LR_IROM1 (Base: 0x08000000, Size: 0x000107d4, Max: 0x00080000, ABSOLUTE, COMPRESSED[0x000106ac])

    Execution Region ER_IROM1 (Base: 0x08000000, Size: 0x000105c0, Max: 0x00080000, ABSOLUTE)

    Base Addr    Size         Type   Attr      Idx    E Section Name        Object

    0x08000000   0x00000130   Data   RO            3    RESET               startup_stm32f10x_hd.o
    0x08000130   0x00000000   Code   RO         1331  * .ARM.Collect$$$$00000000  mc_w.l(entry.o)
    0x08000130   0x00000004   Code   RO         1687    .ARM.Collect$$$$00000001  mc_w.l(entry2.o)
    0x08000134   0x00000004   Code   RO         1690    .ARM.Collect$$$$00000004  mc_w.l(entry5.o)
    0x08000138   0x00000000   Code   RO         1692    .ARM.Collect$$$$00000008  mc_w.l(entry7b.o)
    0x08000138   0x00000000   Code   RO         1694    .ARM.Collect$$$$0000000A  mc_w.l(entry8b.o)
    0x08000138   0x00000008   Code   RO         1695    .ARM.Collect$$$$0000000B  mc_w.l(entry9a.o)
    0x08000140   0x00000000   Code   RO         1697    .ARM.Collect$$$$0000000D  mc_w.l(entry10a.o)
    0x08000140   0x00000000   Code   RO         1699    .ARM.Collect$$$$0000000F  mc_w.l(entry11a.o)
    0x08000140   0x00000004   Code   RO         1688    .ARM.Collect$$$$00002712  mc_w.l(entry2.o)
    0x08000144   0x00000024   Code   RO            4    .text               startup_stm32f10x_hd.o
    0x08000168   0x000001e0   Code   RO           24    .text               system_stm32f10x.o
    0x08000348   0x000000dc   Code   RO           73    .text               misc.o
    0x08000424   0x0000011c   Code   RO          209    .text               stm32f10x_exti.o
    0x08000540   0x0000035c   Code   RO          251    .text               stm32f10x_gpio.o
    0x0800089c   0x000003a4   Code   RO          305    .text               stm32f10x_rcc.o
    0x08000c40   0x00000e1a   Code   RO          364    .text               stm32f10x_tim.o
    0x08001a5a   0x00000002   PAD
    0x08001a5c   0x00000408   Code   RO          376    .text               stm32f10x_usart.o
    0x08001e64   0x0000006c   Code   RO          403    .text               main.o
    0x08001ed0   0x00000320   Code   RO          459    .text               stm32f10x_it.o
    0x080021f0   0x000001ac   Code   RO          482    .text               bsp_usart1.o
    0x0800239c   0x000000f8   Code   RO          499    .text               bsp_systick.o
    0x08002494   0x000000bc   Code   RO          518    .text               bsp_exti.o
    0x08002550   0x000005d4   Code   RO          530    .text               bsp_i2c.o
    0x08002b24   0x0000031c   Code   RO          544    .text               mp3.o
    0x08002e40   0x00001ef0   Code   RO          562    .text               inv_mpu.o
    0x08004d30   0x00000d74   Code   RO          598    .text               inv_mpu_dmp_motion_driver.o
    0x08005aa4   0x00000300   Code   RO          622    .text               log_stm32.o
    0x08005da4   0x000004d4   Code   RO          652    .text               empl_outputs.o
    0x08006278   0x00000c68   Code   RO          690    .text               data_builder.o
    0x08006ee0   0x000006a0   Code   RO          721    .text               hal_outputs.o
    0x08007580   0x0000002c   Code   RO          740    .text               message_layer.o
    0x080075ac   0x00000f38   Code   RO          754    .text               ml_math_func.o
    0x080084e4   0x000000fc   Code   RO          787    .text               mpl.o
    0x080085e0   0x000003e4   Code   RO          808    .text               results_holder.o
    0x080089c4   0x000000b8   Code   RO          822    .text               start_manager.o
    0x08008a7c   0x00000224   Code   RO          836    .text               storage_manager.o
    0x08008ca0   0x00000d6c   Code   RO          850    .text               mpu6050.o
    0x08009a0c   0x000008f8   Code   RO          917    .text               bsp_key.o
    0x0800a304   0x00000448   Code   RO          936    .text               ultrasonicwave.o
    0x0800a74c   0x000001a0   Code   RO          962    .text               ultraconfig.o
    0x0800a8ec   0x000005ac   Code   RO          984    .text               kalman.o
    0x0800ae98   0x000009f4   Code   RO         1016    .text               libmpllib.lib(fast_no_motion.o)
    0x0800b88c   0x0000065c   Code   RO         1107    .text               libmpllib.lib(fusion_9axis.o)
    0x0800bee8   0x000004bc   Code   RO         1132    .text               libmpllib.lib(gyro_tc.o)
    0x0800c3a4   0x00000940   Code   RO         1153    .text               libmpllib.lib(quaternion_supervisor.o)
    0x0800cce4   0x00000550   Code   RO         1171    .text               libmpllib.lib(mag_disturb.o)
    0x0800d234   0x0000005a   Code   RO         1334    .text               mc_w.l(ldiv.o)
    0x0800d28e   0x0000001e   Code   RO         1336    .text               mc_w.l(llshl.o)
    0x0800d2ac   0x00000024   Code   RO         1338    .text               mc_w.l(llsshr.o)
    0x0800d2d0   0x00000040   Code   RO         1342    .text               mc_w.l(memmovea.o)
    0x0800d310   0x00000024   Code   RO         1344    .text               mc_w.l(memseta.o)
    0x0800d334   0x0000001a   Code   RO         1346    .text               mc_w.l(memcmp.o)
    0x0800d34e   0x000000b0   Code   RO         1613    .text               mf_w.l(fadd.o)
    0x0800d3fe   0x00000064   Code   RO         1615    .text               mf_w.l(fmul.o)
    0x0800d462   0x0000007c   Code   RO         1617    .text               mf_w.l(fdiv.o)
    0x0800d4de   0x00000018   Code   RO         1619    .text               mf_w.l(fscalb.o)
    0x0800d4f6   0x0000014e   Code   RO         1621    .text               mf_w.l(dadd.o)
    0x0800d644   0x000000e4   Code   RO         1623    .text               mf_w.l(dmul.o)
    0x0800d728   0x000000de   Code   RO         1625    .text               mf_w.l(ddiv.o)
    0x0800d806   0x0000002e   Code   RO         1627    .text               mf_w.l(dscalb.o)
    0x0800d834   0x00000012   Code   RO         1629    .text               mf_w.l(fflti.o)
    0x0800d846   0x0000000a   Code   RO         1631    .text               mf_w.l(ffltui.o)
    0x0800d850   0x0000002c   Code   RO         1633    .text               mf_w.l(ffltl.o)
    0x0800d87c   0x00000022   Code   RO         1635    .text               mf_w.l(dflti.o)
    0x0800d89e   0x0000001a   Code   RO         1637    .text               mf_w.l(dfltui.o)
    0x0800d8b8   0x00000032   Code   RO         1639    .text               mf_w.l(ffixi.o)
    0x0800d8ea   0x00000028   Code   RO         1641    .text               mf_w.l(ffixui.o)
    0x0800d912   0x00000042   Code   RO         1643    .text               mf_w.l(ffixl.o)
    0x0800d954   0x0000003e   Code   RO         1645    .text               mf_w.l(dfixi.o)
    0x0800d992   0x00000026   Code   RO         1647    .text               mf_w.l(f2d.o)
    0x0800d9b8   0x00000028   Code   RO         1649    .text               mf_w.l(cdcmple.o)
    0x0800d9e0   0x00000028   Code   RO         1651    .text               mf_w.l(cdrcmple.o)
    0x0800da08   0x00000038   Code   RO         1653    .text               mf_w.l(d2f.o)
    0x0800da40   0x00000014   Code   RO         1655    .text               mf_w.l(cfcmple.o)
    0x0800da54   0x00000014   Code   RO         1657    .text               mf_w.l(cfrcmple.o)
    0x0800da68   0x0000002c   Code   RO         1702    .text               mc_w.l(uidiv.o)
    0x0800da94   0x00000062   Code   RO         1704    .text               mc_w.l(uldiv.o)
    0x0800daf6   0x00000020   Code   RO         1706    .text               mc_w.l(llushr.o)
    0x0800db16   0x00000000   Code   RO         1715    .text               mc_w.l(iusefp.o)
    0x0800db16   0x0000006e   Code   RO         1716    .text               mf_w.l(fepilogue.o)
    0x0800db84   0x0000005e   Code   RO         1718    .text               mf_w.l(fsqrt.o)
    0x0800dbe2   0x0000003c   Code   RO         1720    .text               mf_w.l(frnd.o)
    0x0800dc1e   0x000000b6   Code   RO         1722    .text               mf_w.l(depilogue.o)
    0x0800dcd4   0x000000a2   Code   RO         1724    .text               mf_w.l(dsqrt.o)
    0x0800dd76   0x00000030   Code   RO         1726    .text               mf_w.l(dfixul.o)
    0x0800dda6   0x00000002   PAD
    0x0800dda8   0x00000024   Code   RO         1728    .text               mc_w.l(init.o)
    0x0800ddcc   0x00000056   Code   RO         1738    .text               mc_w.l(__dczerorl2.o)
    0x0800de22   0x00000002   PAD
    0x0800de24   0x00000020   Code   RO         1585    i.__0printf         mc_w.l(printfa.o)
    0x0800de44   0x00000024   Code   RO         1591    i.__0vsprintf       mc_w.l(printfa.o)
    0x0800de68   0x00000026   Code   RO         1666    i.__ARM_fpclassifyf  m_ws.l(fpclassifyf.o)
    0x0800de8e   0x000000aa   Code   RO         1670    i.__kernel_poly     m_ws.l(poly.o)
    0x0800df38   0x0000000a   Code   RO         1668    i.__mathlib_flt_underflow  m_ws.l(funder.o)
    0x0800df42   0x00000002   PAD
    0x0800df44   0x00000158   Code   RO         1678    i.__mathlib_rredf2  m_ws.l(rredf.o)
    0x0800e09c   0x0000000e   Code   RO         1732    i.__scatterload_copy  mc_w.l(handlers.o)
    0x0800e0aa   0x00000002   Code   RO         1733    i.__scatterload_null  mc_w.l(handlers.o)
    0x0800e0ac   0x0000000e   Code   RO         1734    i.__scatterload_zeroinit  mc_w.l(handlers.o)
    0x0800e0ba   0x00000002   PAD
    0x0800e0bc   0x0000000c   Code   RO         1710    i.__set_errno       mc_w.l(errno.o)
    0x0800e0c8   0x00000164   Code   RO         1592    i._fp_digits        mc_w.l(printfa.o)
    0x0800e22c   0x000006dc   Code   RO         1593    i._printf_core      mc_w.l(printfa.o)
    0x0800e908   0x00000024   Code   RO         1594    i._printf_post_padding  mc_w.l(printfa.o)
    0x0800e92c   0x0000002e   Code   RO         1595    i._printf_pre_padding  mc_w.l(printfa.o)
    0x0800e95a   0x0000000a   Code   RO         1597    i._sputc            mc_w.l(printfa.o)
    0x0800e964   0x00000288   Code   RO         1194    i.acos              m_ws.l(acos.o)
    0x0800ebec   0x00000120   Code   RO         1204    i.acosf             m_ws.l(acosf.o)
    0x0800ed0c   0x00000128   Code   RO         1222    i.asinf             m_ws.l(asinf.o)
    0x0800ee34   0x0000025c   Code   RO         1248    i.atan2f            m_ws.l(atan2f.o)
    0x0800f090   0x00000184   Code   RO         1268    i.cosf              m_ws.l(cosf.o)
    0x0800f214   0x0000018c   Code   RO         1308    i.sinf              m_ws.l(sinf.o)
    0x0800f3a0   0x0000004c   Code   RO         1316    i.sqrt              m_ws.l(sqrt.o)
    0x0800f3ec   0x0000002c   Code   RO         1324    i.sqrtf             m_ws.l(sqrtf.o)
    0x0800f418   0x00000054   Data   RO          563    .constdata          inv_mpu.o
    0x0800f46c   0x00000bf6   Data   RO          600    .constdata          inv_mpu_dmp_motion_driver.o
    0x08010062   0x00000002   PAD
    0x08010064   0x00000400   Data   RO          755    .constdata          ml_math_func.o
    0x08010464   0x0000002f   Data   RO          788    .constdata          mpl.o
    0x08010493   0x00000005   PAD
    0x08010498   0x00000050   Data   RO         1195    .constdata          m_ws.l(acos.o)
    0x080104e8   0x00000020   Data   RO         1679    .constdata          m_ws.l(rredf.o)
    0x08010508   0x00000044   Data   RO          692    .conststring        data_builder.o
    0x0801054c   0x00000054   Data   RO          853    .conststring        mpu6050.o
    0x080105a0   0x00000020   Data   RO         1730    Region$$Table       anon$$obj.o


    Execution Region RW_IRAM1 (Base: 0x20000000, Size: 0x000015f0, Max: 0x00010000, ABSOLUTE, COMPRESSED[0x000000ec])

    Base Addr    Size         Type   Attr      Idx    E Section Name        Object

    0x20000000   0x00000014   Data   RW           25    .data               system_stm32f10x.o
    0x20000014   0x00000014   Data   RW          306    .data               stm32f10x_rcc.o
    0x20000028   0x00000018   Data   RW          461    .data               stm32f10x_it.o
    0x20000040   0x00000008   Data   RW          500    .data               bsp_systick.o
    0x20000048   0x00000006   Data   RW          531    .data               bsp_i2c.o
    0x2000004e   0x00000002   PAD
    0x20000050   0x000000f2   Data   RW          545    .data               mp3.o
    0x20000142   0x00000002   PAD
    0x20000144   0x0000002c   Data   RW          564    .data               inv_mpu.o
    0x20000170   0x00000014   Data   RW          723    .data               hal_outputs.o
    0x20000184   0x00000004   Data   RW          741    .data               message_layer.o
    0x20000188   0x00000028   Data   RW          854    .data               mpu6050.o
    0x200001b0   0x0000002c   Data   RW          918    .data               bsp_key.o
    0x200001dc   0x0000002d   Data   RW          937    .data               ultrasonicwave.o
    0x20000209   0x00000003   PAD
    0x2000020c   0x00000004   Data   RW         1701    .data               mc_w.l(stdout.o)
    0x20000210   0x00000004   Data   RW         1711    .data               mc_w.l(errno.o)
    0x20000214   0x0000003c   Zero   RW          460    .bss                stm32f10x_it.o
    0x20000250   0x00000010   Zero   RW          599    .bss                inv_mpu_dmp_motion_driver.o
    0x20000260   0x00000028   Zero   RW          653    .bss                empl_outputs.o
    0x20000288   0x000002d8   Zero   RW          691    .bss                data_builder.o
    0x20000560   0x000000c4   Zero   RW          722    .bss                hal_outputs.o
    0x20000624   0x00000088   Zero   RW          809    .bss                results_holder.o
    0x200006ac   0x00000054   Zero   RW          823    .bss                start_manager.o
    0x20000700   0x00000198   Zero   RW          837    .bss                storage_manager.o
    0x20000898   0x00000024   Zero   RW          851    .bss                mpu6050.o
    0x200008bc   0x0000000c   Zero   RW          963    .bss                ultraconfig.o
    0x200008c8   0x00000268   Zero   RW          985    .bss                kalman.o
    0x20000b30   0x000002a0   Zero   RW         1017    .bss                libmpllib.lib(fast_no_motion.o)
    0x20000dd0   0x00000138   Zero   RW         1108    .bss                libmpllib.lib(fusion_9axis.o)
    0x20000f08   0x000001c4   Zero   RW         1133    .bss                libmpllib.lib(gyro_tc.o)
    0x200010cc   0x0000006c   Zero   RW         1154    .bss                libmpllib.lib(quaternion_supervisor.o)
    0x20001138   0x000000b8   Zero   RW         1172    .bss                libmpllib.lib(mag_disturb.o)
    0x200011f0   0x00000400   Zero   RW            1    STACK               startup_stm32f10x_hd.o


==============================================================================

Image component sizes


      Code (inc. data)   RO Data    RW Data    ZI Data      Debug   Object Name

       188          4          0          0          0       1089   bsp_exti.o
      1492         18          0          6          0       7938   bsp_i2c.o
      2296        972          0         44          0       5936   bsp_key.o
       248         22          0          8          0      17500   bsp_systick.o
       428         24          0          0          0       1621   bsp_usart1.o
         0          0          0          0          0       4280   core_cm3.o
      3176         72         68          0        728      18332   data_builder.o
      1236         44          0          0         40      12653   empl_outputs.o
      1696         30          0         20        196       6695   hal_outputs.o
      7920        108         84         44          0      24003   inv_mpu.o
      3444        128       3062          0         16      15223   inv_mpu_dmp_motion_driver.o
      1452         32          0          0        616       2039   kalman.o
       768         22          0          0          0       2019   log_stm32.o
       108         26          0          0          0       1851   main.o
        44          4          0          4          0       1514   message_layer.o
       220         22          0          0          0       1865   misc.o
      3896         54       1024          0          0      15325   ml_math_func.o
       796        156          0        242          0       5122   mp3.o
       252         70         47          0          0       2190   mpl.o
      3436        728         84         40         36       8695   mpu6050.o
       996         10          0          0        136       9373   results_holder.o
       184          6          0          0         84       2318   start_manager.o
        36          8        304          0       1024        888   startup_stm32f10x_hd.o
       284         10          0          0          0       2299   stm32f10x_exti.o
       860         38          0          0          0       5705   stm32f10x_gpio.o
       800         60          0         24         60       4097   stm32f10x_it.o
       932         36          0         20          0       8904   stm32f10x_rcc.o
      3610         88          0          0          0      22196   stm32f10x_tim.o
      1032         22          0          0          0       8436   stm32f10x_usart.o
       548          6          0          0        408       3602   storage_manager.o
       480         38          0         20          0     252719   system_stm32f10x.o
       416          8          0          0         12       3534   ultraconfig.o
      1096         58          0         45          0       5229   ultrasonicwave.o

    ----------------------------------------------------------------------
     44372       2924       4712        524       3356     485190   Object Totals
         0          0         32          0          0          0   (incl. Generated)
         2          0          7          7          0          0   (incl. Padding)

    ----------------------------------------------------------------------

      Code (inc. data)   RO Data    RW Data    ZI Data      Debug   Library Member Name

      2548         42          0          0        672      19752   fast_no_motion.o
      1628         54          0          0        312       5308   fusion_9axis.o
      1212         30          0          0        452       5515   gyro_tc.o
      1360         46          0          0        184       7270   mag_disturb.o
      2368        102          0          0        108       5409   quaternion_supervisor.o
       648         62         80          0          0        188   acos.o
       288         40          0          0          0        120   acosf.o
       296         36          0          0          0        120   asinf.o
       604         76          0          0          0        116   atan2f.o
       388         54          0          0          0        124   cosf.o
        38          0          0          0          0         68   fpclassifyf.o
        10          0          0          0          0         68   funder.o
       170          0          0          0          0         96   poly.o
       344         18         32          0          0         88   rredf.o
       396         52          0          0          0        124   sinf.o
        76          0          0          0          0         84   sqrt.o
        44          0          0          0          0         80   sqrtf.o
        86          0          0          0          0          0   __dczerorl2.o
         0          0          0          0          0          0   entry.o
         0          0          0          0          0          0   entry10a.o
         0          0          0          0          0          0   entry11a.o
         8          4          0          0          0          0   entry2.o
         4          0          0          0          0          0   entry5.o
         0          0          0          0          0          0   entry7b.o
         0          0          0          0          0          0   entry8b.o
         8          4          0          0          0          0   entry9a.o
        12          6          0          4          0         68   errno.o
        30          0          0          0          0          0   handlers.o
        36          8          0          0          0         68   init.o
         0          0          0          0          0          0   iusefp.o
        90          0          0          0          0         84   ldiv.o
        30          0          0          0          0         68   llshl.o
        36          0          0          0          0         68   llsshr.o
        32          0          0          0          0         68   llushr.o
        26          0          0          0          0         80   memcmp.o
        64          0          0          0          0         76   memmovea.o
        36          0          0          0          0        108   memseta.o
      2272         96          0          0          0        592   printfa.o
         0          0          0          4          0          0   stdout.o
        44          0          0          0          0         80   uidiv.o
        98          0          0          0          0         92   uldiv.o
        40          2          0          0          0         68   cdcmple.o
        40          2          0          0          0         68   cdrcmple.o
        20          0          0          0          0         68   cfcmple.o
        20          0          0          0          0         68   cfrcmple.o
        56          0          0          0          0         88   d2f.o
       334          0          0          0          0        148   dadd.o
       222          0          0          0          0        100   ddiv.o
       182          0          0          0          0        176   depilogue.o
        62          0          0          0          0         80   dfixi.o
        48          0          0          0          0         68   dfixul.o
        34          0          0          0          0         76   dflti.o
        26          0          0          0          0         76   dfltui.o
       228          0          0          0          0         96   dmul.o
        46          0          0          0          0         80   dscalb.o
       162          0          0          0          0        100   dsqrt.o
        38          0          0          0          0         68   f2d.o
       176          0          0          0          0        140   fadd.o
       124          0          0          0          0         88   fdiv.o
       110          0          0          0          0        168   fepilogue.o
        50          0          0          0          0         68   ffixi.o
        66          0          0          0          0         76   ffixl.o
        40          0          0          0          0         68   ffixui.o
        18          0          0          0          0         68   fflti.o
        44          0          0          0          0         92   ffltl.o
        10          0          0          0          0         68   ffltui.o
       100          0          0          0          0         76   fmul.o
        60          0          0          0          0         76   frnd.o
        24          0          0          0          0         68   fscalb.o
        94          0          0          0          0         96   fsqrt.o

    ----------------------------------------------------------------------
     17812        734        112          8       1728      48562   Library Totals
         8          0          0          0          0          0   (incl. Padding)

    ----------------------------------------------------------------------

      Code (inc. data)   RO Data    RW Data    ZI Data      Debug   Library Name

      9116        274          0          0       1728      43254   libmpllib.lib
      3302        338        112          0          0       1276   m_ws.l
      2912        118          0          8          0       1452   mc_w.l
      2474          4          0          0          0       2580   mf_w.l

    ----------------------------------------------------------------------
     17812        734        112          8       1728      48562   Library Totals

    ----------------------------------------------------------------------

==============================================================================


      Code (inc. data)   RO Data    RW Data    ZI Data      Debug   

     62184       3658       4824        532       5084     527172   Grand Totals
     62184       3658       4824        236       5084     527172   ELF Image Totals (compressed)
     62184       3658       4824        236          0          0   ROM Totals

==============================================================================

    Total RO  Size (Code + RO Data)                67008 (  65.44kB)
    Total RW  Size (RW Data + ZI Data)              5616 (   5.48kB)
    Total ROM Size (Code + RO Data + RW Data)      67244 (  65.67kB)

==============================================================================

