<html>
<body>
<pre>
<h1>礦ision Build Log</h1>
<h2>Project:</h2>
G:\QGStudio\Project\BlindTravelEquipment\codes\glasses\codes\Project\RVMDK（uv4）\iSO-STM32.uvprojx
Project File Date:  06/06/2018

<h2>Output:</h2>
Build target 'BLINDGLASS'
compiling mp3.c...
linking...
Program Size: Code=58596 RO-data=4748 RW-data=356 ZI-data=4948  
FromELF: creating hex file...
"..\..\Output\MPU.axf" - 0 Error(s), 0 Warning(s).

<h2>Software Packages used:</h2>

Package Vendor: ARM
                http://www.keil.com/pack/ARM.CMSIS.4.1.0.pack
                ARM::CMSIS:CORE:3.30.0
                CMSIS (Cortex Microcontroller Software Interface Standard)
   * Component: CORE Version: 3.30.0

<h2>Collection of Component include folders:</h2>
  G:\QGStudio\Project\BlindTravelEquipment\codes\glasses\codes\Project\RVMDK（uv4）\RTE
  G:\software\keil5\ARM\PACK\ARM\CMSIS\4.1.0\CMSIS\Include
  G:\software\keil5\ARM\PACK\Keil\STM32F1xx_DFP\2.0.0

<h2>Collection of Component Files used:</h2>

   * Component: ARM::CMSIS:CORE:3.30.0
      Source file:   CMSIS\UserCodeTemplates\ARM\ITM_Retarget.c
</pre>
</body>
</html>

<h2>Collection of Component include folders:</h2>
  G:\QGStudio\Project\BlindTravelEquipment\codes\glasses\codes\Project\RVMDK（uv4）\RTE
  G:\software\keil5\ARM\PACK\ARM\CMSIS\4.1.0\CMSIS\Include
  G:\software\keil5\ARM\PACK\Keil\STM32F1xx_DFP\2.0.0

<h2>Collection of Component Files used:</h2>

   * Component: ARM::CMSIS:CORE:3.30.0
      Source file:   CMSIS\UserCodeTemplates\ARM\ITM_Retarget.c
eprecated declaration SubVolume - give arg types
  void SubVolume();
..\..\User\mp3\mp3.c: 4 warnings, 0 errors
linking...
Program Size: Code=58576 RO-data=4752 RW-data=356 ZI-data=4948  
FromELF: creating hex file...
"..\..\Output\MPU.axf" - 0 Error(s), 11 Warning(s).

<h2>Software Packages used:</h2>

Package Vendor: ARM
                http://www.keil.com/pack/ARM.CMSIS.4.1.0.pack
                ARM::CMSIS:CORE:3.30.0
                CMSIS (Cortex Microcontroller Software Interface Standard)
   * Component: CORE Version: 3.30.0

<h2>Collection of Component include folders:</h2>
  G:\QGStudio\Project\BlindTravelEquipment\codes\glasses\codes\Project\RVMDK（uv4）\RTE
  G:\software\keil5\ARM\PACK\ARM\CMSIS\4.1.0\CMSIS\Include
  G:\software\keil5\ARM\PACK\Keil\STM32F1xx_DFP\2.0.0

<h2>Collection of Component Files used:</h2>

   * Component: ARM::CMSIS:CORE:3.30.0
      Source file:   CMSIS\UserCodeTemplates\ARM\ITM_Retarget.c
550-D: variable "fac_ms" was set but never used
  static uint16_t fac_ms=0;                                                     //ms延时倍乘数,在ucos下,代表每个节拍的ms数
..\..\User\UltrasonicWave\bsp_delay.c: 1 warning, 0 errors
compiling bsp_GeneralTim.c...
compiling UltrasonicWave.c...
..\..\User\UltrasonicWave\UltrasonicWave.c(202): warning:  #177-D: variable "i" was declared but never referenced
        static int i = 0;            //删除后会出错
..\..\User\UltrasonicWave\UltrasonicWave.c(139): warning:  #177-D: function "Obstacle" was declared but never referenced
  static void Obstacle(int distance_glass[], int distance_walk[], int* distanceVoice, int* distanceRate )
..\..\User\UltrasonicWave\UltrasonicWave.c: 2 warnings, 0 errors
linking...
Program Size: Code=58488 RO-data=4752 RW-data=344 ZI-data=4944  
FromELF: creating hex file...
"..\..\Output\MPU.axf" - 0 Error(s), 9 Warning(s).

<h2>Software Packages used:</h2>

Package Vendor: ARM
                http://www.keil.com/pack/ARM.CMSIS.4.1.0.pack
                ARM::CMSIS:CORE:3.30.0
                CMSIS (Cortex Microcontroller Software Interface Standard)
   * Component: CORE Version: 3.30.0

<h2>Collection of Component include folders:</h2>
  G:\QGStudio\Project\BlindTravelEquipment\codes\glasses\codes\Project\RVMDK（uv4）\RTE
  G:\software\keil5\ARM\PACK\ARM\CMSIS\4.1.0\CMSIS\Include
  G:\software\keil5\ARM\PACK\Keil\STM32F1xx_DFP\2.0.0

<h2>Collection of Component Files used:</h2>

   * Component: ARM::CMSIS:CORE:3.30.0
      Source file:   CMSIS\UserCodeTemplates\ARM\ITM_Retarget.c
