<html>
<body>
<pre>
<h1>µVision Build Log</h1>
<h2>Project:</h2>
G:\QGStudio\Project\BlindTravelEquipment\codes\glasses\codes\Project\RVMDK£¨uv4£©\iSO-STM32.uvprojx
Project File Date:  08/11/2018

<h2>Output:</h2>
Build target 'BLINDGLASS'
linking...
Program Size: Code=61456 RO-data=4752 RW-data=520 ZI-data=5008  
FromELF: creating hex file...
"..\..\Output\MPU.axf" - 0 Error(s), 0 Warning(s).

<h2>Software Packages used:</h2>

Package Vendor: ARM
                http://www.keil.com/pack/ARM.CMSIS.4.1.0.pack
                ARM::CMSIS:CORE:3.30.0
                CMSIS (Cortex Microcontroller Software Interface Standard)
   * Component: CORE Version: 3.30.0

<h2>Collection of Component include folders:</h2>
  G:\QGStudio\Project\BlindTravelEquipment\codes\glasses\codes\Project\RVMDK£¨uv4£©\RTE
  G:\software\keil5\ARM\PACK\ARM\CMSIS\4.1.0\CMSIS\Include
  G:\software\keil5\ARM\PACK\Keil\STM32F1xx_DFP\2.0.0

<h2>Collection of Component Files used:</h2>

   * Component: ARM::CMSIS:CORE:3.30.0
      Source file:   CMSIS\UserCodeTemplates\ARM\ITM_Retarget.c
</pre>
</body>
</html>
MDK£¨uv4£©\RTE
  G:\software\keil5\ARM\PACK\ARM\CMSIS\4.1.0\CMSIS\Include
  G:\software\keil5\ARM\PACK\Keil\STM32F1xx_DFP\2.0.0

<h2>Collection of Component Files used:</h2>

   * Component: ARM::CMSIS:CORE:3.30.0
      Source file:   CMSIS\UserCodeTemplates\ARM\ITM_Retarget.c
piling bsp_SysTick.c...
compiling bsp_exti.c...
compiling bsp_i2c.c...
compiling mp3.c...
compiling inv_mpu.c...
compiling inv_mpu_dmp_motion_driver.c...
compiling log_stm32.c...
compiling eMPL_outputs.c...
compiling data_builder.c...
compiling hal_outputs.c...
compiling message_layer.c...
compiling ml_math_func.c...
compiling mlmath.c...
compiling mpl.c...
compiling results_holder.c...
compiling start_manager.c...
compiling storage_manager.c...
compiling mpu6050.c...
..\..\User\MPU6050\mpu6050\mpu6050.c(1127): warning:  #550-D: variable "old_count" was set but never used
        static unsigned long old_count;
..\..\User\MPU6050\mpu6050\mpu6050.c(1128): warning:  #550-D: variable "roll" was set but never used
        float pitch1, pitch2, roll;
..\..\User\MPU6050\mpu6050\mpu6050.c(560): warning:  #177-D: function "handle_input" was declared but never referenced
  static void handle_input(void)
..\..\User\MPU6050\mpu6050\mpu6050.c(1039): warning:  #177-D: function "delay" was declared but never referenced
  static void delay(void)
..\..\User\MPU6050\mpu6050\mpu6050.c(1078): warning:  #177-D: function "RollFalling" was declared but never referenced
  static int RollFalling(float roll)
..\..\User\MPU6050\mpu6050\mpu6050.c: 5 warnings, 0 errors
compiling bsp_mpu6050.c...
..\..\User\MPU6050\mpu6050\bsp_mpu6050.c(27): warning:  #223-D: function "USART3_Send_String" declared implicitly
                                USART3_Send_String(AutoAlarm,sizeof(AutoAlarm));
..\..\User\MPU6050\mpu6050\bsp_mpu6050.c(27): error:  #20: identifier "AutoAlarm" is undefined
                                USART3_Send_String(AutoAlarm,sizeof(AutoAlarm));
..\..\User\MPU6050\mpu6050\bsp_mpu6050.c: 1 warning, 1 error
compiling bsp_key.c...
..\..\User\Key\bsp_key.c(496): warning:  #177-D: function "Key_Scan_down2" was declared but never referenced
  static uint8_t Key_Scan_down2(GPIO_TypeDef* GPIOx,uint16_t GPIO_Pin)
..\..\User\Key\bsp_key.c: 1 warning, 0 errors
compiling UltrasonicWave.c...
compiling UltraConfig.c...
"..\..\Output\MPU.axf" - 1 Error(s), 9 Warning(s).

<h2>Software Packages used:</h2>

Package Vendor: ARM
                http://www.keil.com/pack/ARM.CMSIS.4.1.0.pack
                ARM::CMSIS:CORE:3.30.0
                CMSIS (Cortex Microcontroller Software Interface Standard)
   * Component: CORE Version: 3.30.0

<h2>Collection of Component include folders:</h2>
  G:\QGStudio\Project\BlindTravelEquipment\codes\glasses\codes\Project\RVMDK£¨uv4£©\RTE
  G:\software\keil5\ARM\PACK\ARM\CMSIS\4.1.0\CMSIS\Include
  G:\software\keil5\ARM\PACK\Keil\STM32F1xx_DFP\2.0.0

<h2>Collection of Component Files used:</h2>

   * Component: ARM::CMSIS:CORE:3.30.0
      Source file:   CMSIS\UserCodeTemplates\ARM\ITM_Retarget.c
Target not created
