<html>
<body>
<pre>
<h1>µVision Build Log</h1>
<h2>Tool Versions:</h2>
IDE-Version: ¦ÌVision V5.25.2.0
Copyright (C) 2018 ARM Ltd and ARM Germany GmbH. All rights reserved.
License Information: Administrator,  , LIC=KRMQD-8XJII-445SX-HAYX9-JTC56-8W3QA
 
Tool Versions:
Toolchain:       MDK-ARM Plus  Version: 5.25.2.0
Toolchain Path:  G:\Keil_v5\ARM\ARMCC\Bin
C Compiler:      Armcc.exe V5.06 update 6 (build 750)
Assembler:       Armasm.exe V5.06 update 6 (build 750)
Linker/Locator:  ArmLink.exe V5.06 update 6 (build 750)
Library Manager: ArmAr.exe V5.06 update 6 (build 750)
Hex Converter:   FromElf.exe V5.06 update 6 (build 750)
CPU DLL:         SARMCM3.DLL V5.25.2.0
Dialog DLL:      DARMSTM.DLL V1.68.0.0
Target DLL:      Segger\JL2CM3.dll V2.99.29.0
Dialog DLL:      TARMSTM.DLL V1.66.0.0
 
<h2>Project:</h2>
G:\ÑÛ¾µ\work\glass\codes\Project\RVMDK£¨uv4£©\iSO-STM32.uvprojx
Project File Date:  08/05/2018

<h2>Output:</h2>
*** Using Compiler 'V5.06 update 6 (build 750)', folder: 'G:\Keil_v5\ARM\ARMCC\Bin'
Build target 'BLINDGLASS'
assembling startup_stm32f10x_hd.s...
compiling core_cm3.c...
compiling misc.c...
compiling system_stm32f10x.c...
compiling stm32f10x_adc.c...
compiling stm32f10x_cec.c...
compiling stm32f10x_bkp.c...
compiling stm32f10x_can.c...
compiling stm32f10x_crc.c...
compiling stm32f10x_dbgmcu.c...
compiling stm32f10x_dac.c...
compiling stm32f10x_dma.c...
compiling stm32f10x_exti.c...
compiling stm32f10x_fsmc.c...
compiling stm32f10x_flash.c...
compiling stm32f10x_gpio.c...
compiling stm32f10x_i2c.c...
compiling stm32f10x_iwdg.c...
compiling stm32f10x_pwr.c...
compiling stm32f10x_rcc.c...
compiling stm32f10x_rtc.c...
compiling stm32f10x_sdio.c...
compiling stm32f10x_spi.c...
compiling stm32f10x_usart.c...
compiling stm32f10x_wwdg.c...
compiling stm32f10x_tim.c...
compiling main.c...
..\..\User\main.c(66): warning:  #177-D: variable "Angle"  was declared but never referenced
  	float Angle[4];
..\..\User\main.c: 1 warning, 0 errors
compiling queue.c...
compiling bsp_usart1.c...
compiling stm32f10x_it.c...
..\..\User\stm32f10x_it.c(249): warning:  #550-D: variable "ch"  was set but never used
  	uint8_t ch;
..\..\User\stm32f10x_it.c: 1 warning, 0 errors
compiling bsp_SysTick.c...
compiling mp3.c...
compiling bsp_exti.c...
compiling bsp_i2c.c...
compiling eMPL_outputs.c...
compiling log_stm32.c...
compiling inv_mpu.c...
compiling inv_mpu_dmp_motion_driver.c...
compiling data_builder.c...
compiling message_layer.c...
compiling hal_outputs.c...
compiling mlmath.c...
compiling mpl.c...
compiling ml_math_func.c...
compiling results_holder.c...
compiling start_manager.c...
compiling storage_manager.c...
compiling bsp_mpu6050.c...
compiling bsp_key.c...
..\..\User\Key\bsp_key.c(496): warning:  #177-D: function "Key_Scan_down2"  was declared but never referenced
  static uint8_t Key_Scan_down2(GPIO_TypeDef* GPIOx,uint16_t GPIO_Pin)
..\..\User\Key\bsp_key.c: 1 warning, 0 errors
compiling mpu6050.c...
..\..\User\MPU6050\mpu6050\mpu6050.c(1128): warning:  #550-D: variable "old_count"  was set but never used
  	static unsigned long old_count;
..\..\User\MPU6050\mpu6050\mpu6050.c(1129): warning:  #550-D: variable "roll"  was set but never used
  	float pitch1, pitch2, roll;
..\..\User\MPU6050\mpu6050\mpu6050.c(560): warning:  #177-D: function "handle_input"  was declared but never referenced
  static void handle_input(void)
..\..\User\MPU6050\mpu6050\mpu6050.c(1040): warning:  #177-D: function "delay"  was declared but never referenced
  static void delay(void)
..\..\User\MPU6050\mpu6050\mpu6050.c(1079): warning:  #177-D: function "RollFalling"  was declared but never referenced
  static int RollFalling(float roll)
..\..\User\MPU6050\mpu6050\mpu6050.c: 5 warnings, 0 errors
compiling UltrasonicWave.c...
compiling UltraConfig.c...
linking...
Program Size: Code=61184 RO-data=4752 RW-data=484 ZI-data=5004  
FromELF: creating hex file...
"..\..\Output\MPU.axf" - 0 Error(s), 8 Warning(s).

<h2>Software Packages used:</h2>

Package Vendor: ARM
                http://www.keil.com/pack/ARM.CMSIS.5.3.0.pack
                ARM.CMSIS.5.3.0
                CMSIS (Cortex Microcontroller Software Interface Standard)
   * Component: CORE Version: 5.1.1

Package Vendor: Keil
                http://www.keil.com/pack/Keil.STM32F1xx_DFP.2.2.0.pack
                Keil.STM32F1xx_DFP.2.2.0
                STMicroelectronics STM32F1 Series Device Support, Drivers and Examples

<h2>Collection of Component include folders:</h2>
  .\RTE\_BLINDGLASS
  G:\Keil_v5\ARM\PACK\ARM\CMSIS\5.3.0\CMSIS\Include
  G:\Keil_v5\ARM\PACK\Keil\STM32F1xx_DFP\2.2.0\Device\Include

<h2>Collection of Component Files used:</h2>

   * Component: ARM::CMSIS:CORE:5.1.1
Build Time Elapsed:  00:00:12
</pre>
</body>
</html>
