<html>
<body>
<pre>
<h1>µVision Build Log</h1>
<h2>Project:</h2>
G:\QGStudio\Project\BlindTravelEquipment\codes\glasses\codes\Project\RVMDK£¨uv4£©\iSO-STM32.uvprojx
Project File Date:  06/10/2018

<h2>Output:</h2>
Build target 'BLINDGLASS'
assembling startup_stm32f10x_hd.s...
compiling core_cm3.c...
compiling system_stm32f10x.c...
compiling misc.c...
compiling stm32f10x_adc.c...
compiling stm32f10x_bkp.c...
compiling stm32f10x_can.c...
compiling stm32f10x_cec.c...
compiling stm32f10x_crc.c...
compiling stm32f10x_dac.c...
compiling stm32f10x_dbgmcu.c...
compiling stm32f10x_dma.c...
compiling stm32f10x_exti.c...
compiling stm32f10x_flash.c...
compiling stm32f10x_fsmc.c...
compiling stm32f10x_gpio.c...
compiling stm32f10x_i2c.c...
compiling stm32f10x_iwdg.c...
compiling stm32f10x_pwr.c...
compiling stm32f10x_rcc.c...
compiling stm32f10x_rtc.c...
compiling stm32f10x_sdio.c...
compiling stm32f10x_spi.c...
compiling stm32f10x_tim.c...
compiling stm32f10x_usart.c...
compiling stm32f10x_wwdg.c...
compiling main.c...
compiling stm32f10x_it.c...
compiling bsp_usart1.c...
compiling queue.c...
compiling bsp_SysTick.c...
compiling bsp_exti.c...
compiling bsp_i2c.c...
compiling mp3.c...
compiling inv_mpu.c...
compiling inv_mpu_dmp_motion_driver.c...
compiling log_stm32.c...
compiling eMPL_outputs.c...
compiling data_builder.c...
compiling hal_outputs.c...
compiling message_layer.c...
compiling ml_math_func.c...
compiling mlmath.c...
compiling mpl.c...
compiling results_holder.c...
compiling start_manager.c...
compiling storage_manager.c...
compiling mpu6050.c...
..\..\User\MPU6050\mpu6050\mpu6050.c(1121): warning:  #550-D: variable "roll" was set but never used
        float pitch1, pitch2, roll;
..\..\User\MPU6050\mpu6050\mpu6050.c(1036): warning:  #177-D: function "delay" was declared but never referenced
  static void delay(void)
..\..\User\MPU6050\mpu6050\mpu6050.c(1073): warning:  #177-D: function "RollFalling" was declared but never referenced
  static int RollFalling(float roll)
..\..\User\MPU6050\mpu6050\mpu6050.c: 3 warnings, 0 errors
compiling bsp_mpu6050.c...
compiling bsp_key.c...
compiling UltrasonicWave.c...
compiling UltraConfig.c...
linking...
Program Size: Code=60596 RO-data=4748 RW-data=416 ZI-data=4944  
FromELF: creating hex file...
"..\..\Output\MPU.axf" - 0 Error(s), 3 Warning(s).

<h2>Software Packages used:</h2>

Package Vendor: ARM
                http://www.keil.com/pack/ARM.CMSIS.4.1.0.pack
                ARM::CMSIS:CORE:3.30.0
                CMSIS (Cortex Microcontroller Software Interface Standard)
   * Component: CORE Version: 3.30.0

<h2>Collection of Component include folders:</h2>
  G:\QGStudio\Project\BlindTravelEquipment\codes\glasses\codes\Project\RVMDK£¨uv4£©\RTE
  G:\software\keil5\ARM\PACK\ARM\CMSIS\4.1.0\CMSIS\Include
  G:\software\keil5\ARM\PACK\Keil\STM32F1xx_DFP\2.0.0

<h2>Collection of Component Files used:</h2>

   * Component: ARM::CMSIS:CORE:3.30.0
      Source file:   CMSIS\UserCodeTemplates\ARM\ITM_Retarget.c
</pre>
</body>
</html>
