<html>
<body>
<pre>
<h1>µVision Build Log</h1>
<h2>Project:</h2>
G:\QGStudio\Project\BlindTravelEquipment\codes\glasses\codes\Project\RVMDK£¨uv4£©\iSO-STM32.uvprojx
Project File Date:  10/23/2018

<h2>Output:</h2>
Build target 'BLINDGLASS'
compiling mp3.c...
linking...
Program Size: Code=62060 RO-data=4820 RW-data=524 ZI-data=5084  
FromELF: creating hex file...
"..\..\Output\MPU.axf" - 0 Error(s), 0 Warning(s).

<h2>Software Packages used:</h2>

Package Vendor: ARM
                http://www.keil.com/pack/ARM.CMSIS.4.1.0.pack
                ARM::CMSIS:CORE:3.30.0
                CMSIS (Cortex Microcontroller Software Interface Standard)
   * Component: CORE Version: 3.30.0

<h2>Collection of Component include folders:</h2>
  G:\QGStudio\Project\BlindTravelEquipment\codes\glasses\codes\Project\RVMDK£¨uv4£©\RTE
  G:\software\keil5\ARM\PACK\ARM\CMSIS\4.1.0\CMSIS\Include
  G:\software\keil5\ARM\PACK\Keil\STM32F1xx_DFP\2.0.0

<h2>Collection of Component Files used:</h2>

   * Component: ARM::CMSIS:CORE:3.30.0
      Source file:   CMSIS\UserCodeTemplates\ARM\ITM_Retarget.c
Load "..\\..\\Output\\MPU.axf" 
Set JLink Project File to "G:\QGStudio\Project\BlindTravelEquipment\codes\glasses\codes\Project\RVMDK£¨uv4£©\JLinkSettings.ini"
* JLink Info: Device "STM32F103ZE" selected (512 KB flash, 64 KB RAM).
 
JLink info:
------------
DLL: V4.80g, compiled Feb 13 2014 20:50:02
Firmware: J-Link V9 compiled Mar  2 2018 17:07:57
Hardware: V9.30
S/N : 59304865 
Feature(s) : RDI, GDB, FlashDL, FlashBP, JFlash 
 
* JLink Info: TotalIRLen = 9, IRPrint = 0x0011
* JLink Info: TotalIRLen = 9, IRPrint = 0x0011
* JLink Info: Found Cortex-M3 r1p1, Little endian.
* JLink Info: FPUnit: 6 code (BP) slots and 2 literal slots
* JLink Info: TPIU fitted.
* JLink Info: ETM fitted.
ROMTableAddr = 0xE00FF003
 
Target info:
------------
Device: STM32F103ZE
VTarget = 2.566V
State of Pins: 
TCK: 1, TDI: 0, TDO: 1, TMS: 0, TRES: 1, TRST: 1
Hardware-Breakpoints: 6
Software-Breakpoints: 8192
Watchpoints:          4
JTAG speed: 2000 kHz
 
Erase Done.
Programming Done.
Verify OK.
Application running ...
</pre>
</body>
</html>
points: 6
Software-Breakpoints: 8192
Watchpoints:          4
JTAG speed: 2000 kHz
 
Erase Done.
Programming Done.
Verify OK.
Application running ...
K.
Application running ...
08000004H  (Flash=AAH  Required=45H) !
Contents mismatch at: 08000005H  (Flash=AAH  Required=01H) !
Contents mismatch at: 08000006H  (Flash=AAH  Required=00H) !
Contents mismatch at: 08000007H  (Flash=AAH  Required=08H) !
Contents mismatch at: 08000008H  (Flash=AAH  Required=CDH) !
Contents mismatch at: 08000009H  (Flash=AAH  Required=1EH) !
Contents mismatch at: 0800000AH  (Flash=AAH  Required=00H) !
Contents mismatch at: 0800000BH  (Flash=AAH  Required=08H) !
Contents mismatch at: 0800000CH  (Flash=AAH  Required=CFH) !
Contents mismatch at: 0800000DH  (Flash=AAH  Required=1EH) !
Contents mismatch at: 0800000EH  (Flash=AAH  Required=00H) !
Contents mismatch at: 0800000FH  (Flash=AAH  Required=08H) !
Contents mismatch at: 08000010H  (Flash=AAH  Required=D3H) !
Contents mismatch at: 08000011H  (Flash=AAH  Required=1EH) !
Contents mismatch at: 08000012H  (Flash=AAH  Required=00H) !
Contents mismatch at: 08000013H  (Flash=AAH  Required=08H) !
Contents mismatch at: 08000014H  (Flash=AAH  Required=D7H) !
Contents mismatch at: 08000015H  (Flash=AAH  Required=1EH) !
Contents mismatch at: 08000016H  (Flash=AAH  Required=00H) !
Contents mismatch at: 08000017H  (Flash=AAH  Required=08H) !
Contents mismatch at: 08000018H  (Flash=AAH  Required=DBH) !
Contents mismatch at: 08000019H  (Flash=AAH  Required=1EH) !
Contents mismatch at: 0800001AH  (Flash=AAH  Required=00H) !
Contents mismatch at: 0800001BH  (Flash=AAH  Required=08H) !
Contents mismatch at: 0800001CH  (Flash=AAH  Required=00H) !
Contents mismatch at: 0800001DH  (Flash=AAH  Required=00H) !
Contents mismatch at: 0800001EH  (Flash=AAH  Required=00H) !
Contents mismatch at: 0800001FH  (Flash=AAH  Required=00H) !
Contents mismatch at: 08000020H  (Flash=AAH  Required=00H) !
Contents mismatch at: 08000021H  (Flash=AAH  Required=00H) !
Contents mismatch at: 08000022H  (Flash=AAH  Required=00H) !
Contents mismatch at: 08000023H  (Flash=AAH  Required=00H) !
Contents mismatch at: 08000024H  (Flash=AAH  Required=00H) !
Contents mismatch at: 08000025H  (Flash=AAH  Required=00H) !
Contents mismatch at: 08000026H  (Flash=AAH  Required=00H) !
Contents mismatch at: 08000027H  (Flash=AAH  Required=00H) !
Contents mismatch at: 08000028H  (Flash=AAH  Required=00H) !
Contents mismatch at: 08000029H  (Flash=AAH  Required=00H) !
Contents mismatch at: 0800002AH  (Flash=AAH  Required=00H) !
Contents mismatch at: 0800002BH  (Flash=AAH  Required=00H) !
Contents mismatch at: 0800002CH  (Flash=AAH  Required=DFH) !
Contents mismatch at: 0800002DH  (Flash=AAH  Required=1EH) !
Contents mismatch at: 0800002EH  (Flash=AAH  Required=00H) !
Contents mismatch at: 0800002FH  (Flash=AAH  Required=08H) !
Contents mismatch at: 08000030H  (Flash=AAH  Required=E1H) !
Contents mismatch at: 08000031H  (Flash=AAH  Required=1EH) !
Contents mismatch at: 08000032H  (Flash=AAH  Required=00H) !
Contents mismatch at: 08000033H  (Flash=AAH  Required=08H) !
Contents mismatch at: 08000034H  (Flash=AAH  Required=00H) !
Contents mismatch at: 08000035H  (Flash=AAH  Required=00H) !
Contents mismatch at: 08000036H  (Flash=AAH  Required=00H) !
Contents mismatch at: 08000037H  (Flash=AAH  Required=00H) !
Contents mismatch at: 08000038H  (Flash=AAH  Required=E3H) !
Contents mismatch at: 08000039H  (Flash=AAH  Required=1EH) !
Contents mismatch at: 0800003AH  (Flash=AAH  Required=00H) !
Contents mismatch at: 0800003BH  (Flash=AAH  Required=08H) !
Contents mismatch at: 0800003CH  (Flash=AAH  Required=E5H) !
Contents mismatch at: 0800003DH  (Flash=AAH  Required=1EH) !
Contents mismatch at: 0800003EH  (Flash=AAH  Required=00H) !
Contents mismatch at: 0800003FH  (Flash=AAH  Required=08H) !
Contents mismatch at: 08000040H  (Flash=AAH  Required=5FH) !
Contents mismatch at: 08000041H  (Flash=AAH  Required=01H) !
Contents mismatch at: 08000042H  (Flash=AAH  Required=00H) !
Contents mismatch at: 08000043H  (Flash=AAH  Required=08H) !
Contents mismatch at: 08000044H  (Flash=AAH  Required=5FH) !
Contents mismatch at: 08000045H  (Flash=AAH  Required=01H) !
Contents mismatch at: 08000046H  (Flash=AAH  Required=00H) !
Contents mismatch at: 08000047H  (Flash=AAH  Required=08H) !
Contents mismatch at: 08000048H  (Flash=AAH  Required=5FH) !
Contents mismatch at: 08000049H  (Flash=AAH  Required=01H) !
Contents mismatch at: 0800004AH  (Flash=AAH  Required=00H) !
Contents mismatch at: 0800004BH  (Flash=AAH  Required=08H) !
Contents mismatch at: 0800004CH  (Flash=AAH  Required=5FH) !
Contents mismatch at: 0800004DH  (Flash=AAH  Required=01H) !
Contents mismatch at: 0800004EH  (Flash=AAH  Required=00H) !
Contents mismatch at: 0800004FH  (Flash=AAH  Required=08H) !
Contents mismatch at: 08000050H  (Flash=AAH  Required=5FH) !
Contents mismatch at: 08000051H  (Flash=AAH  Required=01H) !
Contents mismatch at: 08000052H  (Flash=AAH  Required=00H) !
Contents mismatch at: 08000053H  (Flash=AAH  Required=08H) !
Contents mismatch at: 08000054H  (Flash=AAH  Required=5FH) !
Contents mismatch at: 08000055H  (Flash=AAH  Required=01H) !
Contents mismatch at: 08000056H  (Flash=AAH  Required=00H) !
Contents mismatch at: 08000057H  (Flash=AAH  Required=08H) !
Contents mismatch at: 08000058H  (Flash=AAH  Required=9DH) !
Contents mismatch at: 08000059H  (Flash=AAH  Required=A1H) !
Contents mismatch at: 0800005AH  (Flash=AAH  Required=00H) !
Contents mismatch at: 0800005BH  (Flash=AAH  Required=08H) !
Contents mismatch at: 0800005CH  (Flash=AAH  Required=5FH) !
Contents mismatch at: 0800005DH  (Flash=AAH  Required=01H) !
Contents mismatch at: 0800005EH  (Flash=AAH  Required=00H) !
Contents mismatch at: 0800005FH  (Flash=AAH  Required=08H) !
Contents mismatch at: 08000060H  (Flash=AAH  Required=5FH) !
Contents mismatch at: 08000061H  (Flash=AAH  Required=01H) !
Contents mismatch at: 08000062H  (Flash=AAH  Required=00H) !
Contents mismatch at: 08000063H  (Flash=AAH  Required=08H) !
Too many errors to display !
Error: Flash Download failed  -  "Cortex-M3"
Load "..\\..\\Output\\MPU.axf" 
Set JLink Project File to "G:\QGStudio\Project\BlindTravelEquipment\codes\glasses\codes\Project\RVMDK£¨uv4£©\JLinkSettings.ini"
* JLink Info: Device "STM32F103ZE" selected (512 KB flash, 64 KB RAM).
 
JLink info:
------------
DLL: V4.80g, compiled Feb 13 2014 20:50:02
Firmware: J-Link V9 compiled Mar  2 2018 17:07:57
Hardware: V9.30
S/N : 59304865 
Feature(s) : RDI, GDB, FlashDL, FlashBP, JFlash 
 
* JLink Info: TotalIRLen = 9, IRPrint = 0x0011
* JLink Info: TotalIRLen = 9, IRPrint = 0x0011
* JLink Info: Found Cortex-M3 r1p1, Little endian.
* JLink Info: FPUnit: 6 code (BP) slots and 2 literal slots
* JLink Info: TPIU fitted.
* JLink Info: ETM fitted.
ROMTableAddr = 0xE00FF003
 
Target info:
------------
Device: STM32F103ZE
VTarget = 2.687V
State of Pins: 
TCK: 1, TDI: 0, TDO: 1, TMS: 0, TRES: 1, TRST: 1
Hardware-Breakpoints: 6
Software-Breakpoints: 8192
Watchpoints:          4
JTAG speed: 2000 kHz
 
Erase Done.
Programming Done.
Verify OK.
Application running ...
