<html>
<body>
<pre>
<h1>µVision Build Log</h1>
<h2>Tool Versions:</h2>
IDE-Version: ¦ÌVision V5.15
Copyright (C) 2015 ARM Ltd and ARM Germany GmbH. All rights reserved.
License Information:  ,  , LIC=3UUII-T5191-EZPWX-H8FTQ-PT15L-0P3CI
 
Tool Versions:
Toolchain:       MDK-ARM Professional  Version: 5.15.0
Toolchain Path:  C:\Keil_v5\ARM\ARMCC\Bin
C Compiler:      Armcc.exe V5.05 update 2 (build 169)
Assembler:       Armasm.exe V5.05 update 2 (build 169)
Linker/Locator:  ArmLink.exe V5.05 update 2 (build 169)
Library Manager: ArmAr.exe V5.05 update 2 (build 169)
Hex Converter:   FromElf.exe V5.05 update 2 (build 169)
CPU DLL:         SARMCM3.DLL V5.15.0
Dialog DLL:      DARMSTM.DLL V1.65.0.0
Target DLL:      Segger\JL2CM3.dll V2.99.15.0
Dialog DLL:      TARMSTM.DLL V1.64.0.0
 
<h2>Project:</h2>
D:\QG\Project\Blind\ÑÛ¾µ20180603\glass-master\codes\Project\RVMDK£¨uv4£©\iSO-STM32.uvprojx
Project File Date:  06/03/2018

<h2>Output:</h2>
*** Using Compiler 'V5.05 update 2 (build 169)', folder: 'C:\Keil_v5\ARM\ARMCC\Bin'
Build target 'BLINDGLASS'
assembling startup_stm32f10x_hd.s...
compiling core_cm3.c...
compiling system_stm32f10x.c...
compiling misc.c...
compiling stm32f10x_adc.c...
compiling stm32f10x_bkp.c...
compiling stm32f10x_can.c...
compiling stm32f10x_cec.c...
compiling stm32f10x_crc.c...
compiling stm32f10x_dac.c...
compiling stm32f10x_dbgmcu.c...
compiling stm32f10x_dma.c...
compiling stm32f10x_exti.c...
compiling stm32f10x_flash.c...
compiling stm32f10x_fsmc.c...
compiling stm32f10x_gpio.c...
compiling stm32f10x_i2c.c...
compiling stm32f10x_iwdg.c...
compiling stm32f10x_pwr.c...
compiling stm32f10x_rcc.c...
compiling stm32f10x_rtc.c...
compiling stm32f10x_sdio.c...
compiling stm32f10x_spi.c...
compiling stm32f10x_tim.c...
compiling stm32f10x_usart.c...
compiling stm32f10x_wwdg.c...
compiling main.c...
..\..\User\main.c(53): warning:  #177-D: function "blind_falled" was declared but never referenced
  static void blind_falled()
..\..\User\main.c(83): warning:  #177-D: function "key_module" was declared but never referenced
  static void key_module()
..\..\User\main.c: 2 warnings, 0 errors
compiling stm32f10x_it.c...
compiling bsp_usart1.c...
compiling queue.c...
compiling bsp_SysTick.c...
compiling bsp_exti.c...
compiling bsp_i2c.c...
compiling mp3.c...
..\..\User\mp3\mp3.c(211): warning:  #940-D: missing return statement at end of non-void function "MP3Run"
  }
..\..\User\mp3\mp3.c: 1 warning, 0 errors
compiling inv_mpu.c...
compiling inv_mpu_dmp_motion_driver.c...
compiling log_stm32.c...
compiling eMPL_outputs.c...
compiling data_builder.c...
compiling hal_outputs.c...
compiling message_layer.c...
compiling ml_math_func.c...
compiling mlmath.c...
compiling mpl.c...
compiling results_holder.c...
compiling start_manager.c...
compiling storage_manager.c...
compiling mpu6050.c...
..\..\User\MPU6050\mpu6050\mpu6050.c(1204): warning:  #1-D: last line of file ends without a newline
  }
..\..\User\MPU6050\mpu6050\mpu6050.c(1036): warning:  #177-D: function "delay" was declared but never referenced
  static void delay(void)
..\..\User\MPU6050\mpu6050\mpu6050.c: 2 warnings, 0 errors
compiling bsp_key.c...
..\..\User\Key\bsp_key.c(200): warning:  #940-D: missing return statement at end of non-void function "KeyPolling"
  }
..\..\User\Key\bsp_key.c: 1 warning, 0 errors
linking...
Program Size: Code=53528 RO-data=4752 RW-data=192 ZI-data=4936  
FromELF: creating hex file...
"..\..\Output\MPU.axf" - 0 Error(s), 6 Warning(s).

<h2>Software Packages used:</h2>

Package Vendor: ARM
                http://www.keil.com/pack/ARM.CMSIS.4.3.0.pack
                ARM::CMSIS:CORE:4.1.0
                CMSIS (Cortex Microcontroller Software Interface Standard)
   * Component: CORE Version: 4.1.0

<h2>Collection of Component include folders:</h2>
  D:\QG\Project\Blind\ÑÛ¾µ20180603\glass-master\codes\Project\RVMDK£¨uv4£©\RTE
  C:\Keil_v5\ARM\PACK\ARM\CMSIS\4.3.0\CMSIS\Include
  C:\Keil_v5\ARM\PACK\Keil\STM32F1xx_DFP\1.1.0\Device\Include

<h2>Collection of Component Files used:</h2>

   * Component: ARM::CMSIS:CORE:4.1.0
</pre>
</body>
</html>
