<html>
<body>
<pre>
<h1>µVision Build Log</h1>
<h2>Project:</h2>
G:\QGStudio\Project\BlindTravelEquipment\codes\glasses\codes\Project\RVMDK£¨uv4£©\iSO-STM32.uvprojx
Project File Date:  06/06/2018

<h2>Output:</h2>
Build target 'BLINDGLASS'
compiling main.c...
..\..\User\main.c(125): warning:  #177-D: variable "Angle" was declared but never referenced
        float Angle[4];
..\..\User\main.c(59): warning:  #177-D: function "blind_falled" was declared but never referenced
  static void blind_falled()
..\..\User\main.c(89): warning:  #177-D: function "key_module" was declared but never referenced
  static void key_module()
..\..\User\main.c: 3 warnings, 0 errors
linking...
Program Size: Code=58596 RO-data=4748 RW-data=356 ZI-data=4948  
FromELF: creating hex file...
"..\..\Output\MPU.axf" - 0 Error(s), 3 Warning(s).

<h2>Software Packages used:</h2>

Package Vendor: ARM
                http://www.keil.com/pack/ARM.CMSIS.4.1.0.pack
                ARM::CMSIS:CORE:3.30.0
                CMSIS (Cortex Microcontroller Software Interface Standard)
   * Component: CORE Version: 3.30.0

<h2>Collection of Component include folders:</h2>
  G:\QGStudio\Project\BlindTravelEquipment\codes\glasses\codes\Project\RVMDK£¨uv4£©\RTE
  G:\software\keil5\ARM\PACK\ARM\CMSIS\4.1.0\CMSIS\Include
  G:\software\keil5\ARM\PACK\Keil\STM32F1xx_DFP\2.0.0

<h2>Collection of Component Files used:</h2>

   * Component: ARM::CMSIS:CORE:3.30.0
      Source file:   CMSIS\UserCodeTemplates\ARM\ITM_Retarget.c
</pre>
</body>
</html>
