<html>
<body>
<pre>
<h1>µVision Build Log</h1>
<h2>Project:</h2>
G:\QGStudio\Project\BlindTravelEquipment\codes\glasses\codes\Project\RVMDK£¨uv4£©\iSO-STM32.uvprojx
Project File Date:  06/08/2018

<h2>Output:</h2>
Build target 'BLINDGLASS'
compiling main.c...
..\..\User\main.c(56): warning:  #177-D: variable "Angle" was declared but never referenced
        float Angle[4];
..\..\User\main.c(36): warning:  #177-D: function "PeriphInit" was declared but never referenced
  static void PeriphInit()
..\..\User\main.c: 2 warnings, 0 errors
compiling stm32f10x_it.c...
compiling bsp_usart1.c...
compiling bsp_i2c.c...
compiling inv_mpu.c...
compiling inv_mpu_dmp_motion_driver.c...
compiling log_stm32.c...
compiling mpu6050.c...
..\..\User\MPU6050\mpu6050\mpu6050.c(1121): warning:  #550-D: variable "roll" was set but never used
        float pitch1, pitch2, roll;
..\..\User\MPU6050\mpu6050\mpu6050.c(1036): warning:  #177-D: function "delay" was declared but never referenced
  static void delay(void)
..\..\User\MPU6050\mpu6050\mpu6050.c(1073): warning:  #177-D: function "RollFalling" was declared but never referenced
  static int RollFalling(float roll)
..\..\User\MPU6050\mpu6050\mpu6050.c: 3 warnings, 0 errors
compiling bsp_mpu6050.c...
compiling bsp_key.c...
..\..\User\Key\bsp_key.c(586): warning:  #177-D: function "EXTI_n" was declared but never referenced
  static void EXTI_n(int key_n)
..\..\User\Key\bsp_key.c(630): warning:  #177-D: function "EXTI_n_Open" was declared but never referenced
  static void EXTI_n_Open(int key_n)
..\..\User\Key\bsp_key.c(676): warning:  #177-D: function "delay" was declared but never referenced
  static void delay(int i, int j)
..\..\User\Key\bsp_key.c: 3 warnings, 0 errors
compiling UltrasonicWave.c...
compiling UltraConfig.c...
linking...
Program Size: Code=59304 RO-data=4752 RW-data=384 ZI-data=4976  
FromELF: creating hex file...
"..\..\Output\MPU.axf" - 0 Error(s), 8 Warning(s).

<h2>Software Packages used:</h2>

Package Vendor: ARM
                http://www.keil.com/pack/ARM.CMSIS.4.1.0.pack
                ARM::CMSIS:CORE:3.30.0
                CMSIS (Cortex Microcontroller Software Interface Standard)
   * Component: CORE Version: 3.30.0

<h2>Collection of Component include folders:</h2>
  G:\QGStudio\Project\BlindTravelEquipment\codes\glasses\codes\Project\RVMDK£¨uv4£©\RTE
  G:\software\keil5\ARM\PACK\ARM\CMSIS\4.1.0\CMSIS\Include
  G:\software\keil5\ARM\PACK\Keil\STM32F1xx_DFP\2.0.0

<h2>Collection of Component Files used:</h2>

   * Component: ARM::CMSIS:CORE:3.30.0
      Source file:   CMSIS\UserCodeTemplates\ARM\ITM_Retarget.c
</pre>
</body>
</html>
t key_n)
..\..\User\Key\bsp_key.c(676): warning:  #177-D: function "delay" was declared but never referenced
  static void delay(int i, int j)
..\..\User\Key\bsp_key.c: 3 warnings, 0 errors
compiling UltrasonicWave.c...
compiling UltraConfig.c...
linking...
Program Size: Code=59056 RO-data=4752 RW-data=376 ZI-data=4976  
FromELF: creating hex file...
"..\..\Output\MPU.axf" - 0 Error(s), 8 Warning(s).

<h2>Software Packages used:</h2>

Package Vendor: ARM
                http://www.keil.com/pack/ARM.CMSIS.4.1.0.pack
                ARM::CMSIS:CORE:3.30.0
                CMSIS (Cortex Microcontroller Software Interface Standard)
   * Component: CORE Version: 3.30.0

<h2>Collection of Component include folders:</h2>
  G:\QGStudio\Project\BlindTravelEquipment\codes\glasses\codes\Project\RVMDK£¨uv4£©\RTE
  G:\software\keil5\ARM\PACK\ARM\CMSIS\4.1.0\CMSIS\Include
  G:\software\keil5\ARM\PACK\Keil\STM32F1xx_DFP\2.0.0

<h2>Collection of Component Files used:</h2>

   * Component: ARM::CMSIS:CORE:3.30.0
      Source file:   CMSIS\UserCodeTemplates\ARM\ITM_Retarget.c
