<html>
<body>
<pre>
<h1>µVision Build Log</h1>
<h2>Project:</h2>
G:\QGStudio\Project\BlindTravelEquipment\codes\glasses\codes\Project\RVMDK£¨uv4£©\iSO-STM32.uvprojx
Project File Date:  10/12/2018

<h2>Output:</h2>
Build target 'BLINDGLASS'
compiling main.c...
compiling stm32f10x_it.c...
compiling mp3.c...
linking...
Program Size: Code=60628 RO-data=4748 RW-data=512 ZI-data=4496  
FromELF: creating hex file...
"..\..\Output\MPU.axf" - 0 Error(s), 0 Warning(s).

<h2>Software Packages used:</h2>

Package Vendor: ARM
                http://www.keil.com/pack/ARM.CMSIS.4.1.0.pack
                ARM::CMSIS:CORE:3.30.0
                CMSIS (Cortex Microcontroller Software Interface Standard)
   * Component: CORE Version: 3.30.0

<h2>Collection of Component include folders:</h2>
  G:\QGStudio\Project\BlindTravelEquipment\codes\glasses\codes\Project\RVMDK£¨uv4£©\RTE
  G:\software\keil5\ARM\PACK\ARM\CMSIS\4.1.0\CMSIS\Include
  G:\software\keil5\ARM\PACK\Keil\STM32F1xx_DFP\2.0.0

<h2>Collection of Component Files used:</h2>

   * Component: ARM::CMSIS:CORE:3.30.0
      Source file:   CMSIS\UserCodeTemplates\ARM\ITM_Retarget.c
</pre>
</body>
</html>
