<html>
<body>
<pre>
<h1>µVision Build Log</h1>
<h2>Project:</h2>
G:\QGStudio\Project\BlindTravelEquipment\codes\glasses\codes\Project\RVMDK£¨uv4£©\iSO-STM32.uvprojx
Project File Date:  06/29/2018

<h2>Output:</h2>
Build target 'BLINDGLASS'
compiling stm32f10x_it.c...
linking...
Program Size: Code=60900 RO-data=4748 RW-data=424 ZI-data=4944  
FromELF: creating hex file...
"..\..\Output\MPU.axf" - 0 Error(s), 0 Warning(s).

<h2>Software Packages used:</h2>

Package Vendor: ARM
                http://www.keil.com/pack/ARM.CMSIS.4.1.0.pack
                ARM::CMSIS:CORE:3.30.0
                CMSIS (Cortex Microcontroller Software Interface Standard)
   * Component: CORE Version: 3.30.0

<h2>Collection of Component include folders:</h2>
  G:\QGStudio\Project\BlindTravelEquipment\codes\glasses\codes\Project\RVMDK£¨uv4£©\RTE
  G:\software\keil5\ARM\PACK\ARM\CMSIS\4.1.0\CMSIS\Include
  G:\software\keil5\ARM\PACK\Keil\STM32F1xx_DFP\2.0.0

<h2>Collection of Component Files used:</h2>

   * Component: ARM::CMSIS:CORE:3.30.0
      Source file:   CMSIS\UserCodeTemplates\ARM\ITM_Retarget.c
</pre>
</body>
</html>
.0\CMSIS\Include
  G:\software\keil5\ARM\PACK\Keil\STM32F1xx_DFP\2.0.0

<h2>Collection of Component Files used:</h2>

   * Component: ARM::CMSIS:CORE:3.30.0
      Source file:   CMSIS\UserCodeTemplates\ARM\ITM_Retarget.c
Target not created
rget.c
Target not created
http://www.keil.com/pack/ARM.CMSIS.4.1.0.pack
                ARM::CMSIS:CORE:3.30.0
                CMSIS (Cortex Microcontroller Software Interface Standard)
   * Component: CORE Version: 3.30.0

<h2>Collection of Component include folders:</h2>
  G:\QGStudio\Project\BlindTravelEquipment\codes\glasses\codes\Project\RVMDK£¨uv4£©\RTE
  G:\software\keil5\ARM\PACK\ARM\CMSIS\4.1.0\CMSIS\Include
  G:\software\keil5\ARM\PACK\Keil\STM32F1xx_DFP\2.0.0

<h2>Collection of Component Files used:</h2>

   * Component: ARM::CMSIS:CORE:3.30.0
      Source file:   CMSIS\UserCodeTemplates\ARM\ITM_Retarget.c
Target not created
ble "old_count" was set but never used
        static unsigned long old_count;
..\..\User\MPU6050\mpu6050\mpu6050.c(1125): warning:  #550-D: variable "roll" was set but never used
        float pitch1, pitch2, roll;
..\..\User\MPU6050\mpu6050\mpu6050.c(1036): warning:  #177-D: function "delay" was declared but never referenced
  static void delay(void)
..\..\User\MPU6050\mpu6050\mpu6050.c(1075): warning:  #177-D: function "RollFalling" was declared but never referenced
  static int RollFalling(float roll)
..\..\User\MPU6050\mpu6050\mpu6050.c: 4 warnings, 0 errors
compiling bsp_mpu6050.c...
..\..\User\MPU6050\mpu6050\bsp_mpu6050.c(23): error:  #29: expected an expression
  <<<<<<< HEAD
..\..\User\MPU6050\mpu6050\bsp_mpu6050.c(25): error:  #29: expected an expression
  =======
..\..\User\MPU6050\mpu6050\bsp_mpu6050.c(27): error:  #29: expected an expression
  >>>>>>> f2ea623a2e9d2e3e2ae0b54d7f3d44c6588c496a
..\..\User\MPU6050\mpu6050\bsp_mpu6050.c(43): warning:  #12-D: parsing restarts here after previous syntax error
        }
..\..\User\MPU6050\mpu6050\bsp_mpu6050.c(43): error:  #65: expected a ";"
        }
..\..\User\MPU6050\mpu6050\bsp_mpu6050.c: 1 warning, 4 errors
compiling bsp_key.c...
..\..\User\Key\bsp_key.c(495): warning:  #177-D: function "Key_Scan_down2" was declared but never referenced
  static uint8_t Key_Scan_down2(GPIO_TypeDef* GPIOx,uint16_t GPIO_Pin)
..\..\User\Key\bsp_key.c: 1 warning, 0 errors
compiling UltrasonicWave.c...
..\..\User\UltrasonicWave\UltrasonicWave.c(232): error:  #29: expected an expression
  <<<<<<< HEAD
..\..\User\UltrasonicWave\UltrasonicWave.c(235): error:  #29: expected an expression
  =======
..\..\User\UltrasonicWave\UltrasonicWave.c(248): error:  #29: expected an expression
  >>>>>>> f2ea623a2e9d2e3e2ae0b54d7f3d44c6588c496a
..\..\User\UltrasonicWave\UltrasonicWave.c(249): error:  #65: expected a ";"
  }
..\..\User\UltrasonicWave\UltrasonicWave.c: 0 warnings, 4 errors
compiling UltraConfig.c...
"..\..\Output\MPU.axf" - 10 Error(s), 7 Warning(s).

<h2>Software Packages used:</h2>

Package Vendor: ARM
                http://www.keil.com/pack/ARM.CMSIS.4.1.0.pack
                ARM::CMSIS:CORE:3.30.0
                CMSIS (Cortex Microcontroller Software Interface Standard)
   * Component: CORE Version: 3.30.0

<h2>Collection of Component include folders:</h2>
  G:\QGStudio\Project\BlindTravelEquipment\codes\glasses\codes\Project\RVMDK£¨uv4£©\RTE
  G:\software\keil5\ARM\PACK\ARM\CMSIS\4.1.0\CMSIS\Include
  G:\software\keil5\ARM\PACK\Keil\STM32F1xx_DFP\2.0.0

<h2>Collection of Component Files used:</h2>

   * Component: ARM::CMSIS:CORE:3.30.0
      Source file:   CMSIS\UserCodeTemplates\ARM\ITM_Retarget.c
Target not created
