<html>
<body>
<pre>
<h1>µVision Build Log</h1>
<h2>Project:</h2>
G:\QGStudio\Project\BlindTravelEquipment\codes\glasses\codes\Project\RVMDK£¨uv4£©\iSO-STM32.uvprojx
Project File Date:  10/26/2018

<h2>Output:</h2>
Build target 'BLINDGLASS'
compiling Filter.c...
..\..\User\UltrasonicWave\Filter.c(42): warning:  #223-D: function "printf" declared implicitly
                printf("##: %d", smooth.data[num*smooth.degree+i]);
..\..\User\UltrasonicWave\Filter.c(45): warning:  #223-D: function "printf" declared implicitly
        printf("\r\n");
..\..\User\UltrasonicWave\Filter.c: 2 warnings, 0 errors
linking...
Program Size: Code=62856 RO-data=4824 RW-data=540 ZI-data=5612  
FromELF: creating hex file...
"..\..\Output\MPU.axf" - 0 Error(s), 2 Warning(s).

<h2>Software Packages used:</h2>

Package Vendor: ARM
                http://www.keil.com/pack/ARM.CMSIS.4.1.0.pack
                ARM::CMSIS:CORE:3.30.0
                CMSIS (Cortex Microcontroller Software Interface Standard)
   * Component: CORE Version: 3.30.0

<h2>Collection of Component include folders:</h2>
  G:\QGStudio\Project\BlindTravelEquipment\codes\glasses\codes\Project\RVMDK£¨uv4£©\RTE
  G:\software\keil5\ARM\PACK\ARM\CMSIS\4.1.0\CMSIS\Include
  G:\software\keil5\ARM\PACK\Keil\STM32F1xx_DFP\2.0.0

<h2>Collection of Component Files used:</h2>

   * Component: ARM::CMSIS:CORE:3.30.0
      Source file:   CMSIS\UserCodeTemplates\ARM\ITM_Retarget.c
</pre>
</body>
</html>
