<html>
<body>
<pre>
<h1>µVision Build Log</h1>
<h2>Project:</h2>
G:\QGStudio\Project\BlindTravelEquipment\codes\glasses\codes\Project\RVMDK£¨uv4£©\iSO-STM32.uvproj
Project File Date:  11/28/2017

<h2>Output:</h2>
Build target 'USART1£¨interrupt£©'
compiling main.c...
compiling mp3.c...
..\..\User\mp3\mp3.c(203): warning:  #1-D: last line of file ends without a newline
  }
..\..\User\mp3\mp3.c(203): warning:  #940-D: missing return statement at end of non-void function "MP3Run"
  }
..\..\User\mp3\mp3.c: 2 warnings, 0 errors
linking...
Program Size: Code=5416 RO-data=336 RW-data=60 ZI-data=1540  
FromELF: creating hex file...
"..\..\Output\Template.axf" - 0 Error(s), 2 Warning(s).
Load "..\\..\\Output\\Template.axf" 
Set JLink Project File to "G:\QGStudio\Project\BlindTravelEquipment\codes\glasses\codes\Project\RVMDK£¨uv4£©\JLinkSettings.ini"
* JLink Info: Device "STM32F103ZE" selected (512 KB flash, 64 KB RAM).
 
JLink info:
------------
DLL: V4.80g, compiled Feb 13 2014 20:50:02
Firmware: J-Link V9 compiled Mar  2 2018 17:07:57
Hardware: V9.30
S/N : 59304865 
Feature(s) : RDI, GDB, FlashDL, FlashBP, JFlash 
 
* JLink Info: TotalIRLen = 9, IRPrint = 0x0011
* JLink Info: TotalIRLen = 9, IRPrint = 0x0011
* JLink Info: Found Cortex-M3 r1p1, Little endian.
* JLink Info: FPUnit: 6 code (BP) slots and 2 literal slots
* JLink Info: TPIU fitted.
* JLink Info: ETM fitted.
ROMTableAddr = 0xE00FF003
 
Target info:
------------
Device: STM32F103ZE
VTarget = 3.264V
State of Pins: 
TCK: 1, TDI: 0, TDO: 1, TMS: 0, TRES: 1, TRST: 1
Hardware-Breakpoints: 6
Software-Breakpoints: 8192
Watchpoints:          4
JTAG speed: 5000 kHz
 
Full Chip Erase Done.
Programming Done.
Verify OK.
Application running ...
</pre>
</body>
</html>
utput\\Template.axf" 
Set JLink Project File to "G:\QGStudio\Project\BlindTravelEquipment\codes\glasses\codes\Project\RVMDK£¨uv4£©\JLinkSettings.ini"
* JLink Info: Device "STM32F103ZE" selected (512 KB flash, 64 KB RAM).
 
JLink info:
------------
DLL: V4.80g, compiled Feb 13 2014 20:50:02
Firmware: J-Link V9 compiled Mar  2 2018 17:07:57
Hardware: V9.30
S/N : 59304865 
Feature(s) : RDI, GDB, FlashDL, FlashBP, JFlash 
 
* JLink Info: TotalIRLen = 9, IRPrint = 0x0011
* JLink Info: TotalIRLen = 9, IRPrint = 0x0011
* JLink Info: Found Cortex-M3 r1p1, Little endian.
* JLink Info: FPUnit: 6 code (BP) slots and 2 literal slots
* JLink Info: TPIU fitted.
* JLink Info: ETM fitted.
ROMTableAddr = 0xE00FF003
 
Target info:
------------
Device: STM32F103ZE
VTarget = 3.258V
State of Pins: 
TCK: 1, TDI: 0, TDO: 1, TMS: 0, TRES: 1, TRST: 1
Hardware-Breakpoints: 6
Software-Breakpoints: 8192
Watchpoints:          4
JTAG speed: 5000 kHz
 
Full Chip Erase Done.
Programming Done.
Verify OK.
Application running ...
